[0.000000] (-) TimerEvent: {}
[0.000210] (-) JobUnselected: {'identifier': 'curt_description'}
[0.000282] (-) JobUnselected: {'identifier': 'hector_recorder'}
[0.000302] (-) JobUnselected: {'identifier': 'hector_recorder_msgs'}
[0.000320] (-) JobUnselected: {'identifier': 'imu_mag_fusion'}
[0.000357] (-) JobUnselected: {'identifier': 'metavision_driver'}
[0.000375] (-) JobUnselected: {'identifier': 'ouster_ros'}
[0.000388] (-) JobUnselected: {'identifier': 'ouster_sensor_msgs'}
[0.000400] (-) JobUnselected: {'identifier': 'realsense2_camera'}
[0.000412] (-) JobUnselected: {'identifier': 'realsense2_camera_msgs'}
[0.000425] (-) JobUnselected: {'identifier': 'realsense2_description'}
[0.000439] (-) JobUnselected: {'identifier': 'realsense_camera_info_override'}
[0.000454] (-) JobUnselected: {'identifier': 'rqml_recorder'}
[0.000467] (-) JobUnselected: {'identifier': 'xsens_driver'}
[0.000482] (nmea_navsat_driver) JobQueued: {'identifier': 'nmea_navsat_driver', 'dependencies': OrderedDict()}
[0.000504] (nmea_navsat_driver) JobStarted: {'identifier': 'nmea_navsat_driver'}
[0.099290] (-) TimerEvent: {}
[0.199509] (-) TimerEvent: {}
[0.299726] (-) TimerEvent: {}
[0.399939] (-) TimerEvent: {}
[0.500214] (-) TimerEvent: {}
[0.600410] (-) TimerEvent: {}
[0.700637] (-) TimerEvent: {}
[0.800865] (-) TimerEvent: {}
[0.837566] (nmea_navsat_driver) Command: {'cmd': ['/usr/bin/python3', '-W', 'ignore:setup.py install is deprecated', '-W', 'ignore:easy_install command is deprecated', 'setup.py', 'develop', '--editable', '--build-directory', '/ros2_ws/build/nmea_navsat_driver/build', '--no-deps', 'symlink_data'], 'cwd': '/ros2_ws/build/nmea_navsat_driver', 'env': {'HOSTNAME': 'toby-desktop', 'SHLVL': '1', 'LD_LIBRARY_PATH': '/opt/ros/jazzy/lib/x86_64-linux-gnu:/opt/ros/jazzy/lib', 'HOME': '/root', 'ROS_PYTHON_VERSION': '3', 'ROS_DISTRO': 'jazzy', '_': '/usr/bin/colcon', 'ROS_VERSION': '2', 'TERM': 'xterm', 'PATH': '/opt/ros/jazzy/bin:/usr/local/sbin:/usr/local/bin:/usr/sbin:/usr/bin:/sbin:/bin', 'LANG': 'C.UTF-8', 'RMW_IMPLEMENTATION': 'rmw_cyclonedds_cpp', 'AMENT_PREFIX_PATH': '/opt/ros/jazzy', 'DEBIAN_FRONTEND': 'noninteractive', 'ROS_AUTOMATIC_DISCOVERY_RANGE': 'SUBNET', 'PWD': '/ros2_ws/build/nmea_navsat_driver', 'LC_ALL': 'C.UTF-8', 'PYTHONPATH': '/ros2_ws/build/nmea_navsat_driver/prefix_override:/usr/lib/python3/dist-packages/colcon_core/task/python/colcon_distutils_commands:/ros2_ws/install/nmea_navsat_driver/lib/python3.12/site-packages:/opt/ros/jazzy/lib/python3.12/site-packages', 'COLCON': '1'}, 'shell': False}
[0.900975] (-) TimerEvent: {}
[1.001196] (-) TimerEvent: {}
[1.075055] (nmea_navsat_driver) StdoutLine: {'line': b'running develop\n'}
[1.101298] (-) TimerEvent: {}
[1.192194] (nmea_navsat_driver) StdoutLine: {'line': b'running egg_info\n'}
[1.192338] (nmea_navsat_driver) StdoutLine: {'line': b'creating src/nmea_navsat_driver.egg-info\n'}
[1.201394] (-) TimerEvent: {}
[1.203782] (nmea_navsat_driver) StdoutLine: {'line': b'writing src/nmea_navsat_driver.egg-info/PKG-INFO\n'}
[1.203968] (nmea_navsat_driver) StdoutLine: {'line': b'writing dependency_links to src/nmea_navsat_driver.egg-info/dependency_links.txt\n'}
[1.204175] (nmea_navsat_driver) StdoutLine: {'line': b'writing entry points to src/nmea_navsat_driver.egg-info/entry_points.txt\n'}
[1.204451] (nmea_navsat_driver) StdoutLine: {'line': b'writing requirements to src/nmea_navsat_driver.egg-info/requires.txt\n'}
[1.204772] (nmea_navsat_driver) StdoutLine: {'line': b'writing top-level names to src/nmea_navsat_driver.egg-info/top_level.txt\n'}
[1.204862] (nmea_navsat_driver) StdoutLine: {'line': b"writing manifest file 'src/nmea_navsat_driver.egg-info/SOURCES.txt'\n"}
[1.229047] (nmea_navsat_driver) StdoutLine: {'line': b"reading manifest file 'src/nmea_navsat_driver.egg-info/SOURCES.txt'\n"}
[1.229639] (nmea_navsat_driver) StdoutLine: {'line': b"writing manifest file 'src/nmea_navsat_driver.egg-info/SOURCES.txt'\n"}
[1.242322] (nmea_navsat_driver) StdoutLine: {'line': b'running build_ext\n'}
[1.242546] (nmea_navsat_driver) StdoutLine: {'line': b'Creating /ros2_ws/install/nmea_navsat_driver/lib/python3.12/site-packages/nmea-navsat-driver.egg-link (link to src)\n'}
[1.243064] (nmea_navsat_driver) StdoutLine: {'line': b'Installing nmea_serial_driver script to /ros2_ws/install/nmea_navsat_driver/lib/nmea_navsat_driver\n'}
[1.243345] (nmea_navsat_driver) StdoutLine: {'line': b'Installing nmea_socket_driver script to /ros2_ws/install/nmea_navsat_driver/lib/nmea_navsat_driver\n'}
[1.243704] (nmea_navsat_driver) StdoutLine: {'line': b'Installing nmea_tcpclient_driver script to /ros2_ws/install/nmea_navsat_driver/lib/nmea_navsat_driver\n'}
[1.243972] (nmea_navsat_driver) StdoutLine: {'line': b'Installing nmea_topic_driver script to /ros2_ws/install/nmea_navsat_driver/lib/nmea_navsat_driver\n'}
[1.244109] (nmea_navsat_driver) StdoutLine: {'line': b'Installing nmea_topic_serial_reader script to /ros2_ws/install/nmea_navsat_driver/lib/nmea_navsat_driver\n'}
[1.244250] (nmea_navsat_driver) StdoutLine: {'line': b'\n'}
[1.244390] (nmea_navsat_driver) StdoutLine: {'line': b'Installed /ros2_ws/build/nmea_navsat_driver/src\n'}
[1.244527] (nmea_navsat_driver) StdoutLine: {'line': b'running symlink_data\n'}
[1.244626] (nmea_navsat_driver) StdoutLine: {'line': b'creating /ros2_ws/install/nmea_navsat_driver/share/ament_index\n'}
[1.244728] (nmea_navsat_driver) StdoutLine: {'line': b'creating /ros2_ws/install/nmea_navsat_driver/share/ament_index/resource_index\n'}
[1.244821] (nmea_navsat_driver) StdoutLine: {'line': b'creating /ros2_ws/install/nmea_navsat_driver/share/ament_index/resource_index/packages\n'}
[1.244911] (nmea_navsat_driver) StdoutLine: {'line': b'symbolically linking /ros2_ws/build/nmea_navsat_driver/resource/nmea_navsat_driver -> /ros2_ws/install/nmea_navsat_driver/share/ament_index/resource_index/packages\n'}
[1.245009] (nmea_navsat_driver) StdoutLine: {'line': b'symbolically linking /ros2_ws/build/nmea_navsat_driver/package.xml -> /ros2_ws/install/nmea_navsat_driver/share/nmea_navsat_driver\n'}
[1.245110] (nmea_navsat_driver) StdoutLine: {'line': b'creating /ros2_ws/install/nmea_navsat_driver/share/nmea_navsat_driver/launch\n'}
[1.245187] (nmea_navsat_driver) StdoutLine: {'line': b'symbolically linking /ros2_ws/build/nmea_navsat_driver/launch/nmea_tcpclient_driver.launch.py -> /ros2_ws/install/nmea_navsat_driver/share/nmea_navsat_driver/launch\n'}
[1.245262] (nmea_navsat_driver) StdoutLine: {'line': b'symbolically linking /ros2_ws/build/nmea_navsat_driver/launch/nmea_socket_driver.launch.py -> /ros2_ws/install/nmea_navsat_driver/share/nmea_navsat_driver/launch\n'}
[1.245335] (nmea_navsat_driver) StdoutLine: {'line': b'symbolically linking /ros2_ws/build/nmea_navsat_driver/launch/nmea_serial_driver.launch.py -> /ros2_ws/install/nmea_navsat_driver/share/nmea_navsat_driver/launch\n'}
[1.245408] (nmea_navsat_driver) StdoutLine: {'line': b'creating /ros2_ws/install/nmea_navsat_driver/share/nmea_navsat_driver/config\n'}
[1.245480] (nmea_navsat_driver) StdoutLine: {'line': b'symbolically linking /ros2_ws/build/nmea_navsat_driver/config/nmea_socket_driver.yaml -> /ros2_ws/install/nmea_navsat_driver/share/nmea_navsat_driver/config\n'}
[1.245553] (nmea_navsat_driver) StdoutLine: {'line': b'symbolically linking /ros2_ws/build/nmea_navsat_driver/config/nmea_tcpclient_driver.yaml -> /ros2_ws/install/nmea_navsat_driver/share/nmea_navsat_driver/config\n'}
[1.245625] (nmea_navsat_driver) StdoutLine: {'line': b'symbolically linking /ros2_ws/build/nmea_navsat_driver/config/nmea_serial_driver.yaml -> /ros2_ws/install/nmea_navsat_driver/share/nmea_navsat_driver/config\n'}
[1.267836] (nmea_navsat_driver) CommandEnded: {'returncode': 0}
[1.277837] (nmea_navsat_driver) JobEnded: {'identifier': 'nmea_navsat_driver', 'rc': 0}
[1.278499] (-) EventReactorShutdown: {}
