-- The C compiler identification is GNU 13.3.0
-- The CXX compiler identification is GNU 13.3.0
-- Detecting C compiler ABI info
-- Detecting C compiler ABI info - done
-- Check for working C compiler: /usr/bin/cc - skipped
-- Detecting C compile features
-- Detecting C compile features - done
-- Detecting CXX compiler ABI info
-- Detecting CXX compiler ABI info - done
-- Check for working CXX compiler: /usr/bin/c++ - skipped
-- Detecting CXX compile features
-- Detecting CXX compile features - done
-- Found ament_cmake: 2.5.6 (/opt/ros/jazzy/share/ament_cmake/cmake)
-- Found Python3: /usr/bin/python3 (found version "3.12.3") found components: Interpreter 
-- Override CMake install command with custom implementation using symlinks instead of copying resources
-- Found hardware_interface: 4.45.2 (/opt/ros/jazzy/share/hardware_interface/cmake)
-- Found rosidl_generator_c: 4.6.9 (/opt/ros/jazzy/share/rosidl_generator_c/cmake)
-- Found rosidl_generator_cpp: 4.6.9 (/opt/ros/jazzy/share/rosidl_generator_cpp/cmake)
-- Using all available rosidl_typesupport_c: rosidl_typesupport_fastrtps_c;rosidl_typesupport_introspection_c
-- Using all available rosidl_typesupport_cpp: rosidl_typesupport_fastrtps_cpp;rosidl_typesupport_introspection_cpp
-- Found TinyXML2 via Config file: /usr/lib/x86_64-linux-gnu/cmake/tinyxml2
-- Found rmw_implementation_cmake: 7.3.3 (/opt/ros/jazzy/share/rmw_implementation_cmake/cmake)
-- Found rmw_cyclonedds_cpp: 2.2.3 (/opt/ros/jazzy/share/rmw_cyclonedds_cpp/cmake)
-- Using RMW implementation 'rmw_cyclonedds_cpp' as default
-- Found tl_expected: 1.3.1 (/opt/ros/jazzy/share/tl_expected/cmake)
CMake Deprecation Warning at /opt/ros/jazzy/share/tl_expected/cmake/tl_expectedConfig.cmake:37 (message):
  Package 'tl_expected' is deprecated (This package will be removed in ROS 2
  Lyrical Luth.

        Use tl/expected.hpp from libexpected-dev,
        or rcpputils/tl_expected/expected.hpp if the system header is not available)
Call Stack (most recent call first):
  CMakeLists.txt:19 (find_package)


-- Found candle_ros2: 1.2.0 (/ros2_ws/install/candle_ros2/share/candle_ros2/cmake)
-- Configuring done (3.2s)
-- Generating done (0.1s)
-- Build files have been written to: /ros2_ws/build/ipa_ros2_control
[ 50%] Building CXX object CMakeFiles/ipa_ros2_control.dir/src/curt_mini_hardware_interface.cpp.o
/ros2_ws/src/curt_mini/ipa_ros2_control/src/curt_mini_hardware_interface.cpp: In member function ‘virtual ipa_ros2_control::CallbackReturn ipa_ros2_control::CurtMiniHardwareInterface::on_init(const hardware_interface::HardwareInfo&)’:
/ros2_ws/src/curt_mini/ipa_ros2_control/src/curt_mini_hardware_interface.cpp:19:31: warning: ‘virtual rclcpp_lifecycle::node_interfaces::LifecycleNodeInterface::CallbackReturn hardware_interface::HardwareComponentInterface::on_init(const hardware_interface::HardwareInfo&)’ is deprecated: Use on_init(const HardwareComponentInterfaceParams & params) instead. [-Wdeprecated-declarations]
   19 |   if (SystemInterface::on_init(info) != CallbackReturn::SUCCESS) {
      |       ~~~~~~~~~~~~~~~~~~~~~~~~^~~~~~
In file included from /opt/ros/jazzy/include/hardware_interface/hardware_interface/system_interface.hpp:18,
                 from /ros2_ws/src/curt_mini/ipa_ros2_control/include/ipa_ros2_control/curt_mini_hardware_interface.hpp:26,
                 from /ros2_ws/src/curt_mini/ipa_ros2_control/src/curt_mini_hardware_interface.cpp:1:
/opt/ros/jazzy/include/hardware_interface/hardware_interface/hardware_component_interface.hpp:140:26: note: declared here
  140 |   virtual CallbackReturn on_init(const HardwareInfo & hardware_info);
      |                          ^~~~~~~
[100%] Linking CXX shared library libipa_ros2_control.so
[100%] Built target ipa_ros2_control
-- Install configuration: "Release"
-- Execute custom install script
-- Symlinking: /ros2_ws/install/ipa_ros2_control/share/ipa_ros2_control//curt_mini_driver.xml
-- Symlinking: /ros2_ws/install/ipa_ros2_control/share/ipa_ros2_control/include/ipa_ros2_control/curt_mini_hardware_interface.hpp
-- Symlinking: /ros2_ws/install/ipa_ros2_control/share/ipa_ros2_control/launch/ros2_control.launch.py
-- Symlinking: /ros2_ws/install/ipa_ros2_control/share/ipa_ros2_control/environment/library_path.sh
-- Symlinking: /ros2_ws/install/ipa_ros2_control/share/ipa_ros2_control/environment/library_path.dsv
-- Symlinking: /ros2_ws/install/ipa_ros2_control/share/ament_index/resource_index/package_run_dependencies/ipa_ros2_control
-- Symlinking: /ros2_ws/install/ipa_ros2_control/share/ament_index/resource_index/parent_prefix_path/ipa_ros2_control
-- Symlinking: /ros2_ws/install/ipa_ros2_control/share/ipa_ros2_control/environment/ament_prefix_path.sh
-- Symlinking: /ros2_ws/install/ipa_ros2_control/share/ipa_ros2_control/environment/ament_prefix_path.dsv
-- Symlinking: /ros2_ws/install/ipa_ros2_control/share/ipa_ros2_control/environment/path.sh
-- Symlinking: /ros2_ws/install/ipa_ros2_control/share/ipa_ros2_control/environment/path.dsv
-- Symlinking: /ros2_ws/install/ipa_ros2_control/share/ipa_ros2_control/local_setup.bash
-- Symlinking: /ros2_ws/install/ipa_ros2_control/share/ipa_ros2_control/local_setup.sh
-- Symlinking: /ros2_ws/install/ipa_ros2_control/share/ipa_ros2_control/local_setup.zsh
-- Symlinking: /ros2_ws/install/ipa_ros2_control/share/ipa_ros2_control/local_setup.dsv
-- Symlinking: /ros2_ws/install/ipa_ros2_control/share/ipa_ros2_control/package.dsv
-- Symlinking: /ros2_ws/install/ipa_ros2_control/share/ament_index/resource_index/packages/ipa_ros2_control
-- Symlinking: /ros2_ws/install/ipa_ros2_control/share/ament_index/resource_index/hardware_interface__pluginlib__plugin/ipa_ros2_control
-- Symlinking: /ros2_ws/install/ipa_ros2_control/share/ipa_ros2_control/cmake/ament_cmake_export_include_directories-extras.cmake
-- Symlinking: /ros2_ws/install/ipa_ros2_control/share/ipa_ros2_control/cmake/ament_cmake_export_libraries-extras.cmake
-- Symlinking: /ros2_ws/install/ipa_ros2_control/share/ipa_ros2_control/cmake/ament_cmake_export_targets-extras.cmake
-- Symlinking: /ros2_ws/install/ipa_ros2_control/share/ipa_ros2_control/cmake/ipa_ros2_controlConfig.cmake
-- Symlinking: /ros2_ws/install/ipa_ros2_control/share/ipa_ros2_control/cmake/ipa_ros2_controlConfig-version.cmake
-- Symlinking: /ros2_ws/install/ipa_ros2_control/share/ipa_ros2_control/package.xml
-- Installing: /ros2_ws/install/ipa_ros2_control/lib/libipa_ros2_control.so
-- Set non-toolchain portion of runtime path of "/ros2_ws/install/ipa_ros2_control/lib/libipa_ros2_control.so" to ""
-- Installing: /ros2_ws/install/ipa_ros2_control/share/ipa_ros2_control/cmake/export_ipa_ros2_controlExport.cmake
-- Installing: /ros2_ws/install/ipa_ros2_control/share/ipa_ros2_control/cmake/export_ipa_ros2_controlExport-release.cmake
