[0.026s] Invoking command in '/ros2_ws/build/ipa_ros2_control': AMENT_PREFIX_PATH=/ros2_ws/install/candle_ros2:${AMENT_PREFIX_PATH} CMAKE_PREFIX_PATH=/ros2_ws/install/candle_ros2:/opt/ros/jazzy/opt/sdformat_vendor:/opt/ros/jazzy/opt/gz_math_vendor:/opt/ros/jazzy/opt/gz_utils_vendor:/opt/ros/jazzy/opt/gz_tools_vendor:/opt/ros/jazzy/opt/gz_cmake_vendor:/opt/ros/jazzy LD_LIBRARY_PATH=/ros2_ws/install/candle_ros2/lib:${LD_LIBRARY_PATH} PYTHONPATH=/ros2_ws/install/candle_ros2/lib/python3.12/site-packages:${PYTHONPATH} /usr/bin/cmake /ros2_ws/src/curt_mini/ipa_ros2_control -DCMAKE_BUILD_TYPE=Release -DAMENT_CMAKE_SYMLINK_INSTALL=1 -DCMAKE_INSTALL_PREFIX=/ros2_ws/install/ipa_ros2_control
[0.198s] -- The C compiler identification is GNU 13.3.0
[0.367s] -- The CXX compiler identification is GNU 13.3.0
[0.412s] -- Detecting C compiler ABI info
[0.707s] -- Detecting C compiler ABI info - done
[0.741s] -- Check for working C compiler: /usr/bin/cc - skipped
[0.742s] -- Detecting C compile features
[0.744s] -- Detecting C compile features - done
[0.769s] -- Detecting CXX compiler ABI info
[1.040s] -- Detecting CXX compiler ABI info - done
[1.069s] -- Check for working CXX compiler: /usr/bin/c++ - skipped
[1.070s] -- Detecting CXX compile features
[1.071s] -- Detecting CXX compile features - done
[1.082s] -- Found ament_cmake: 2.5.6 (/opt/ros/jazzy/share/ament_cmake/cmake)
[1.489s] -- Found Python3: /usr/bin/python3 (found version "3.12.3") found components: Interpreter 
[1.683s] -- Override CMake install command with custom implementation using symlinks instead of copying resources
[1.755s] -- Found hardware_interface: 4.45.2 (/opt/ros/jazzy/share/hardware_interface/cmake)
[1.886s] -- Found rosidl_generator_c: 4.6.9 (/opt/ros/jazzy/share/rosidl_generator_c/cmake)
[1.928s] -- Found rosidl_generator_cpp: 4.6.9 (/opt/ros/jazzy/share/rosidl_generator_cpp/cmake)
[1.974s] -- Using all available rosidl_typesupport_c: rosidl_typesupport_fastrtps_c;rosidl_typesupport_introspection_c
[2.003s] -- Using all available rosidl_typesupport_cpp: rosidl_typesupport_fastrtps_cpp;rosidl_typesupport_introspection_cpp
[2.286s] -- Found TinyXML2 via Config file: /usr/lib/x86_64-linux-gnu/cmake/tinyxml2
[2.341s] -- Found rmw_implementation_cmake: 7.3.3 (/opt/ros/jazzy/share/rmw_implementation_cmake/cmake)
[2.345s] -- Found rmw_cyclonedds_cpp: 2.2.3 (/opt/ros/jazzy/share/rmw_cyclonedds_cpp/cmake)
[2.376s] -- Using RMW implementation 'rmw_cyclonedds_cpp' as default
[2.869s] -- Found tl_expected: 1.3.1 (/opt/ros/jazzy/share/tl_expected/cmake)
[2.869s] CMake Deprecation Warning at /opt/ros/jazzy/share/tl_expected/cmake/tl_expectedConfig.cmake:37 (message):
[2.869s]   Package 'tl_expected' is deprecated (This package will be removed in ROS 2
[2.870s]   Lyrical Luth.
[2.870s] 
[2.870s]         Use tl/expected.hpp from libexpected-dev,
[2.870s]         or rcpputils/tl_expected/expected.hpp if the system header is not available)
[2.871s] Call Stack (most recent call first):
[2.871s]   CMakeLists.txt:19 (find_package)
[2.871s] 
[2.871s] 
[2.872s] -- Found candle_ros2: 1.2.0 (/ros2_ws/install/candle_ros2/share/candle_ros2/cmake)
[3.206s] -- Configuring done (3.2s)
[3.319s] -- Generating done (0.1s)
[3.335s] -- Build files have been written to: /ros2_ws/build/ipa_ros2_control
[3.358s] Invoked command in '/ros2_ws/build/ipa_ros2_control' returned '0': AMENT_PREFIX_PATH=/ros2_ws/install/candle_ros2:${AMENT_PREFIX_PATH} CMAKE_PREFIX_PATH=/ros2_ws/install/candle_ros2:/opt/ros/jazzy/opt/sdformat_vendor:/opt/ros/jazzy/opt/gz_math_vendor:/opt/ros/jazzy/opt/gz_utils_vendor:/opt/ros/jazzy/opt/gz_tools_vendor:/opt/ros/jazzy/opt/gz_cmake_vendor:/opt/ros/jazzy LD_LIBRARY_PATH=/ros2_ws/install/candle_ros2/lib:${LD_LIBRARY_PATH} PYTHONPATH=/ros2_ws/install/candle_ros2/lib/python3.12/site-packages:${PYTHONPATH} /usr/bin/cmake /ros2_ws/src/curt_mini/ipa_ros2_control -DCMAKE_BUILD_TYPE=Release -DAMENT_CMAKE_SYMLINK_INSTALL=1 -DCMAKE_INSTALL_PREFIX=/ros2_ws/install/ipa_ros2_control
[3.361s] Invoking command in '/ros2_ws/build/ipa_ros2_control': AMENT_PREFIX_PATH=/ros2_ws/install/candle_ros2:${AMENT_PREFIX_PATH} CMAKE_PREFIX_PATH=/ros2_ws/install/candle_ros2:/opt/ros/jazzy/opt/sdformat_vendor:/opt/ros/jazzy/opt/gz_math_vendor:/opt/ros/jazzy/opt/gz_utils_vendor:/opt/ros/jazzy/opt/gz_tools_vendor:/opt/ros/jazzy/opt/gz_cmake_vendor:/opt/ros/jazzy LD_LIBRARY_PATH=/ros2_ws/install/candle_ros2/lib:${LD_LIBRARY_PATH} PYTHONPATH=/ros2_ws/install/candle_ros2/lib/python3.12/site-packages:${PYTHONPATH} /usr/bin/cmake --build /ros2_ws/build/ipa_ros2_control -- -j12 -l12
[3.511s] [ 50%] Building CXX object CMakeFiles/ipa_ros2_control.dir/src/curt_mini_hardware_interface.cpp.o
[6.692s] /ros2_ws/src/curt_mini/ipa_ros2_control/src/curt_mini_hardware_interface.cpp: In member function ‘virtual ipa_ros2_control::CallbackReturn ipa_ros2_control::CurtMiniHardwareInterface::on_init(const hardware_interface::HardwareInfo&)’:
[6.692s] /ros2_ws/src/curt_mini/ipa_ros2_control/src/curt_mini_hardware_interface.cpp:19:31: warning: ‘virtual rclcpp_lifecycle::node_interfaces::LifecycleNodeInterface::CallbackReturn hardware_interface::HardwareComponentInterface::on_init(const hardware_interface::HardwareInfo&)’ is deprecated: Use on_init(const HardwareComponentInterfaceParams & params) instead. [-Wdeprecated-declarations]
[6.692s]    19 |   if (SystemInterface::on_init(info) != CallbackReturn::SUCCESS) {
[6.692s]       |       ~~~~~~~~~~~~~~~~~~~~~~~~^~~~~~
[6.692s] In file included from /opt/ros/jazzy/include/hardware_interface/hardware_interface/system_interface.hpp:18,
[6.692s]                  from /ros2_ws/src/curt_mini/ipa_ros2_control/include/ipa_ros2_control/curt_mini_hardware_interface.hpp:26,
[6.692s]                  from /ros2_ws/src/curt_mini/ipa_ros2_control/src/curt_mini_hardware_interface.cpp:1:
[6.692s] /opt/ros/jazzy/include/hardware_interface/hardware_interface/hardware_component_interface.hpp:140:26: note: declared here
[6.692s]   140 |   virtual CallbackReturn on_init(const HardwareInfo & hardware_info);
[6.692s]       |                          ^~~~~~~
[21.600s] [100%] Linking CXX shared library libipa_ros2_control.so
[22.099s] [100%] Built target ipa_ros2_control
[22.109s] Invoked command in '/ros2_ws/build/ipa_ros2_control' returned '0': AMENT_PREFIX_PATH=/ros2_ws/install/candle_ros2:${AMENT_PREFIX_PATH} CMAKE_PREFIX_PATH=/ros2_ws/install/candle_ros2:/opt/ros/jazzy/opt/sdformat_vendor:/opt/ros/jazzy/opt/gz_math_vendor:/opt/ros/jazzy/opt/gz_utils_vendor:/opt/ros/jazzy/opt/gz_tools_vendor:/opt/ros/jazzy/opt/gz_cmake_vendor:/opt/ros/jazzy LD_LIBRARY_PATH=/ros2_ws/install/candle_ros2/lib:${LD_LIBRARY_PATH} PYTHONPATH=/ros2_ws/install/candle_ros2/lib/python3.12/site-packages:${PYTHONPATH} /usr/bin/cmake --build /ros2_ws/build/ipa_ros2_control -- -j12 -l12
[22.109s] Invoking command in '/ros2_ws/build/ipa_ros2_control': AMENT_PREFIX_PATH=/ros2_ws/install/candle_ros2:${AMENT_PREFIX_PATH} CMAKE_PREFIX_PATH=/ros2_ws/install/candle_ros2:/opt/ros/jazzy/opt/sdformat_vendor:/opt/ros/jazzy/opt/gz_math_vendor:/opt/ros/jazzy/opt/gz_utils_vendor:/opt/ros/jazzy/opt/gz_tools_vendor:/opt/ros/jazzy/opt/gz_cmake_vendor:/opt/ros/jazzy LD_LIBRARY_PATH=/ros2_ws/install/candle_ros2/lib:${LD_LIBRARY_PATH} PYTHONPATH=/ros2_ws/install/candle_ros2/lib/python3.12/site-packages:${PYTHONPATH} /usr/bin/cmake --install /ros2_ws/build/ipa_ros2_control
[22.117s] -- Install configuration: "Release"
[22.117s] -- Execute custom install script
[22.118s] -- Symlinking: /ros2_ws/install/ipa_ros2_control/share/ipa_ros2_control//curt_mini_driver.xml
[22.127s] -- Symlinking: /ros2_ws/install/ipa_ros2_control/share/ipa_ros2_control/include/ipa_ros2_control/curt_mini_hardware_interface.hpp
[22.137s] -- Symlinking: /ros2_ws/install/ipa_ros2_control/share/ipa_ros2_control/launch/ros2_control.launch.py
[22.149s] -- Symlinking: /ros2_ws/install/ipa_ros2_control/share/ipa_ros2_control/environment/library_path.sh
[22.162s] -- Symlinking: /ros2_ws/install/ipa_ros2_control/share/ipa_ros2_control/environment/library_path.dsv
[22.179s] -- Symlinking: /ros2_ws/install/ipa_ros2_control/share/ament_index/resource_index/package_run_dependencies/ipa_ros2_control
[22.203s] -- Symlinking: /ros2_ws/install/ipa_ros2_control/share/ament_index/resource_index/parent_prefix_path/ipa_ros2_control
[22.227s] -- Symlinking: /ros2_ws/install/ipa_ros2_control/share/ipa_ros2_control/environment/ament_prefix_path.sh
[22.252s] -- Symlinking: /ros2_ws/install/ipa_ros2_control/share/ipa_ros2_control/environment/ament_prefix_path.dsv
[22.276s] -- Symlinking: /ros2_ws/install/ipa_ros2_control/share/ipa_ros2_control/environment/path.sh
[22.300s] -- Symlinking: /ros2_ws/install/ipa_ros2_control/share/ipa_ros2_control/environment/path.dsv
[22.325s] -- Symlinking: /ros2_ws/install/ipa_ros2_control/share/ipa_ros2_control/local_setup.bash
[22.350s] -- Symlinking: /ros2_ws/install/ipa_ros2_control/share/ipa_ros2_control/local_setup.sh
[22.375s] -- Symlinking: /ros2_ws/install/ipa_ros2_control/share/ipa_ros2_control/local_setup.zsh
[22.399s] -- Symlinking: /ros2_ws/install/ipa_ros2_control/share/ipa_ros2_control/local_setup.dsv
[22.424s] -- Symlinking: /ros2_ws/install/ipa_ros2_control/share/ipa_ros2_control/package.dsv
[22.449s] -- Symlinking: /ros2_ws/install/ipa_ros2_control/share/ament_index/resource_index/packages/ipa_ros2_control
[22.473s] -- Symlinking: /ros2_ws/install/ipa_ros2_control/share/ament_index/resource_index/hardware_interface__pluginlib__plugin/ipa_ros2_control
[22.498s] -- Symlinking: /ros2_ws/install/ipa_ros2_control/share/ipa_ros2_control/cmake/ament_cmake_export_include_directories-extras.cmake
[22.524s] -- Symlinking: /ros2_ws/install/ipa_ros2_control/share/ipa_ros2_control/cmake/ament_cmake_export_libraries-extras.cmake
[22.548s] -- Symlinking: /ros2_ws/install/ipa_ros2_control/share/ipa_ros2_control/cmake/ament_cmake_export_targets-extras.cmake
[22.574s] -- Symlinking: /ros2_ws/install/ipa_ros2_control/share/ipa_ros2_control/cmake/ipa_ros2_controlConfig.cmake
[22.598s] -- Symlinking: /ros2_ws/install/ipa_ros2_control/share/ipa_ros2_control/cmake/ipa_ros2_controlConfig-version.cmake
[22.623s] -- Symlinking: /ros2_ws/install/ipa_ros2_control/share/ipa_ros2_control/package.xml
[22.648s] -- Installing: /ros2_ws/install/ipa_ros2_control/lib/libipa_ros2_control.so
[22.652s] -- Set non-toolchain portion of runtime path of "/ros2_ws/install/ipa_ros2_control/lib/libipa_ros2_control.so" to ""
[22.653s] -- Installing: /ros2_ws/install/ipa_ros2_control/share/ipa_ros2_control/cmake/export_ipa_ros2_controlExport.cmake
[22.653s] -- Installing: /ros2_ws/install/ipa_ros2_control/share/ipa_ros2_control/cmake/export_ipa_ros2_controlExport-release.cmake
[22.658s] Invoked command in '/ros2_ws/build/ipa_ros2_control' returned '0': AMENT_PREFIX_PATH=/ros2_ws/install/candle_ros2:${AMENT_PREFIX_PATH} CMAKE_PREFIX_PATH=/ros2_ws/install/candle_ros2:/opt/ros/jazzy/opt/sdformat_vendor:/opt/ros/jazzy/opt/gz_math_vendor:/opt/ros/jazzy/opt/gz_utils_vendor:/opt/ros/jazzy/opt/gz_tools_vendor:/opt/ros/jazzy/opt/gz_cmake_vendor:/opt/ros/jazzy LD_LIBRARY_PATH=/ros2_ws/install/candle_ros2/lib:${LD_LIBRARY_PATH} PYTHONPATH=/ros2_ws/install/candle_ros2/lib/python3.12/site-packages:${PYTHONPATH} /usr/bin/cmake --install /ros2_ws/build/ipa_ros2_control
