[0.177s] DEBUG:colcon:Command line arguments: ['/usr/bin/colcon', 'build', '--symlink-install', '--packages-select', 'candle_ros2', 'curt_mini', 'ipa_ros2_control', 'openzen_driver', '--cmake-args', '-DCMAKE_BUILD_TYPE=Release']
[0.177s] DEBUG:colcon:Parsed command line arguments: Namespace(log_base=None, log_level=None, verb_name='build', build_base='build', install_base='install', merge_install=False, symlink_install=True, test_result_base=None, continue_on_error=False, executor='parallel', parallel_workers=12, event_handlers=None, ignore_user_meta=False, metas=['./colcon.meta'], base_paths=['.'], packages_ignore=None, packages_ignore_regex=None, paths=None, packages_up_to=None, packages_up_to_regex=None, packages_above=None, packages_above_and_dependencies=None, packages_above_depth=None, packages_select_by_dep=None, packages_skip_by_dep=None, packages_skip_up_to=None, packages_select_build_failed=False, packages_skip_build_finished=False, packages_select_test_failures=False, packages_skip_test_passed=False, packages_select=['candle_ros2', 'curt_mini', 'ipa_ros2_control', 'openzen_driver'], packages_skip=None, packages_select_regex=None, packages_skip_regex=None, packages_start=None, packages_end=None, cmake_args=['-DCMAKE_BUILD_TYPE=Release'], cmake_target=None, cmake_target_skip_unavailable=False, cmake_clean_cache=False, cmake_clean_first=False, cmake_force_configure=False, ament_cmake_args=None, catkin_cmake_args=None, catkin_skip_building_tests=False, mixin_files=None, mixin=None, verb_parser=<colcon_mixin.mixin.mixin_argument.MixinArgumentDecorator object at 0x7204d1acf350>, verb_extension=<colcon_core.verb.build.BuildVerb object at 0x7204d1acf080>, main=<bound method BuildVerb.main of <colcon_core.verb.build.BuildVerb object at 0x7204d1acf080>>, mixin_verb=('build',))
[0.214s] Level 1:colcon.colcon_core.package_discovery:discover_packages(colcon_meta) check parameters
[0.214s] INFO:colcon.colcon_metadata.package_discovery.colcon_meta:Using configuration from '/root/.colcon/metadata/default/Gazebo.meta'
[0.215s] INFO:colcon.colcon_metadata.package_discovery.colcon_meta:Using configuration from '/root/.colcon/metadata/default/fastdds.meta'
[0.215s] INFO:colcon.colcon_metadata.package_discovery.colcon_meta:Using configuration from '/root/.colcon/metadata/default/fastrtps.meta'
[0.215s] Level 1:colcon.colcon_core.package_discovery:discover_packages(recursive) check parameters
[0.215s] Level 1:colcon.colcon_core.package_discovery:discover_packages(ignore) check parameters
[0.215s] Level 1:colcon.colcon_core.package_discovery:discover_packages(path) check parameters
[0.215s] Level 1:colcon.colcon_core.package_discovery:discover_packages(colcon_meta) discover
[0.215s] Level 1:colcon.colcon_core.package_discovery:discover_packages(recursive) discover
[0.215s] INFO:colcon.colcon_core.package_discovery:Crawling recursively for packages in '/ros2_ws'
[0.215s] Level 1:colcon.colcon_core.package_identification:_identify(.) by extensions ['ignore', 'ignore_ament_install']
[0.216s] Level 1:colcon.colcon_core.package_identification:_identify(.) by extension 'ignore'
[0.216s] Level 1:colcon.colcon_core.package_identification:_identify(.) by extension 'ignore_ament_install'
[0.216s] Level 1:colcon.colcon_core.package_identification:_identify(.) by extensions ['colcon_pkg']
[0.216s] Level 1:colcon.colcon_core.package_identification:_identify(.) by extension 'colcon_pkg'
[0.216s] Level 1:colcon.colcon_core.package_identification:_identify(.) by extensions ['colcon_meta']
[0.216s] Level 1:colcon.colcon_core.package_identification:_identify(.) by extension 'colcon_meta'
[0.216s] Level 1:colcon.colcon_core.package_identification:_identify(.) by extensions ['ros']
[0.216s] Level 1:colcon.colcon_core.package_identification:_identify(.) by extension 'ros'
[0.240s] Level 1:colcon.colcon_core.package_identification:_identify(.) by extensions ['cmake', 'python']
[0.240s] Level 1:colcon.colcon_core.package_identification:_identify(.) by extension 'cmake'
[0.240s] Level 1:colcon.colcon_core.package_identification:_identify(.) by extension 'python'
[0.240s] Level 1:colcon.colcon_core.package_identification:_identify(.) by extensions ['python_setup_py']
[0.240s] Level 1:colcon.colcon_core.package_identification:_identify(.) by extension 'python_setup_py'
[0.240s] Level 1:colcon.colcon_core.package_identification:_identify(build) by extensions ['ignore', 'ignore_ament_install']
[0.241s] Level 1:colcon.colcon_core.package_identification:_identify(build) by extension 'ignore'
[0.241s] Level 1:colcon.colcon_core.package_identification:_identify(build) ignored
[0.241s] Level 1:colcon.colcon_core.package_identification:_identify(install) by extensions ['ignore', 'ignore_ament_install']
[0.241s] Level 1:colcon.colcon_core.package_identification:_identify(install) by extension 'ignore'
[0.241s] Level 1:colcon.colcon_core.package_identification:_identify(install) ignored
[0.241s] Level 1:colcon.colcon_core.package_identification:_identify(log) by extensions ['ignore', 'ignore_ament_install']
[0.241s] Level 1:colcon.colcon_core.package_identification:_identify(log) by extension 'ignore'
[0.241s] Level 1:colcon.colcon_core.package_identification:_identify(log) ignored
[0.241s] Level 1:colcon.colcon_core.package_identification:_identify(src) by extensions ['ignore', 'ignore_ament_install']
[0.241s] Level 1:colcon.colcon_core.package_identification:_identify(src) by extension 'ignore'
[0.241s] Level 1:colcon.colcon_core.package_identification:_identify(src) by extension 'ignore_ament_install'
[0.241s] Level 1:colcon.colcon_core.package_identification:_identify(src) by extensions ['colcon_pkg']
[0.241s] Level 1:colcon.colcon_core.package_identification:_identify(src) by extension 'colcon_pkg'
[0.241s] Level 1:colcon.colcon_core.package_identification:_identify(src) by extensions ['colcon_meta']
[0.242s] Level 1:colcon.colcon_core.package_identification:_identify(src) by extension 'colcon_meta'
[0.242s] Level 1:colcon.colcon_core.package_identification:_identify(src) by extensions ['ros']
[0.242s] Level 1:colcon.colcon_core.package_identification:_identify(src) by extension 'ros'
[0.242s] Level 1:colcon.colcon_core.package_identification:_identify(src) by extensions ['cmake', 'python']
[0.242s] Level 1:colcon.colcon_core.package_identification:_identify(src) by extension 'cmake'
[0.242s] Level 1:colcon.colcon_core.package_identification:_identify(src) by extension 'python'
[0.242s] Level 1:colcon.colcon_core.package_identification:_identify(src) by extensions ['python_setup_py']
[0.242s] Level 1:colcon.colcon_core.package_identification:_identify(src) by extension 'python_setup_py'
[0.242s] Level 1:colcon.colcon_core.package_identification:_identify(src/candle_ros2) by extensions ['ignore', 'ignore_ament_install']
[0.242s] Level 1:colcon.colcon_core.package_identification:_identify(src/candle_ros2) by extension 'ignore'
[0.242s] Level 1:colcon.colcon_core.package_identification:_identify(src/candle_ros2) by extension 'ignore_ament_install'
[0.242s] Level 1:colcon.colcon_core.package_identification:_identify(src/candle_ros2) by extensions ['colcon_pkg']
[0.242s] Level 1:colcon.colcon_core.package_identification:_identify(src/candle_ros2) by extension 'colcon_pkg'
[0.242s] Level 1:colcon.colcon_core.package_identification:_identify(src/candle_ros2) by extensions ['colcon_meta']
[0.242s] Level 1:colcon.colcon_core.package_identification:_identify(src/candle_ros2) by extension 'colcon_meta'
[0.242s] Level 1:colcon.colcon_core.package_identification:_identify(src/candle_ros2) by extensions ['ros']
[0.242s] Level 1:colcon.colcon_core.package_identification:_identify(src/candle_ros2) by extension 'ros'
[0.245s] DEBUG:colcon.colcon_core.package_identification:Package 'src/candle_ros2' with type 'ros.ament_cmake' and name 'candle_ros2'
[0.245s] Level 1:colcon.colcon_core.package_identification:_identify(src/curt_description) by extensions ['ignore', 'ignore_ament_install']
[0.245s] Level 1:colcon.colcon_core.package_identification:_identify(src/curt_description) by extension 'ignore'
[0.245s] Level 1:colcon.colcon_core.package_identification:_identify(src/curt_description) by extension 'ignore_ament_install'
[0.245s] Level 1:colcon.colcon_core.package_identification:_identify(src/curt_description) by extensions ['colcon_pkg']
[0.245s] Level 1:colcon.colcon_core.package_identification:_identify(src/curt_description) by extension 'colcon_pkg'
[0.245s] Level 1:colcon.colcon_core.package_identification:_identify(src/curt_description) by extensions ['colcon_meta']
[0.245s] Level 1:colcon.colcon_core.package_identification:_identify(src/curt_description) by extension 'colcon_meta'
[0.245s] Level 1:colcon.colcon_core.package_identification:_identify(src/curt_description) by extensions ['ros']
[0.245s] Level 1:colcon.colcon_core.package_identification:_identify(src/curt_description) by extension 'ros'
[0.246s] DEBUG:colcon.colcon_core.package_identification:Package 'src/curt_description' with type 'ros.ament_python' and name 'curt_description'
[0.246s] Level 1:colcon.colcon_core.package_identification:_identify(src/curt_mini) by extensions ['ignore', 'ignore_ament_install']
[0.246s] Level 1:colcon.colcon_core.package_identification:_identify(src/curt_mini) by extension 'ignore'
[0.246s] Level 1:colcon.colcon_core.package_identification:_identify(src/curt_mini) by extension 'ignore_ament_install'
[0.246s] Level 1:colcon.colcon_core.package_identification:_identify(src/curt_mini) by extensions ['colcon_pkg']
[0.246s] Level 1:colcon.colcon_core.package_identification:_identify(src/curt_mini) by extension 'colcon_pkg'
[0.246s] Level 1:colcon.colcon_core.package_identification:_identify(src/curt_mini) by extensions ['colcon_meta']
[0.246s] Level 1:colcon.colcon_core.package_identification:_identify(src/curt_mini) by extension 'colcon_meta'
[0.246s] Level 1:colcon.colcon_core.package_identification:_identify(src/curt_mini) by extensions ['ros']
[0.246s] Level 1:colcon.colcon_core.package_identification:_identify(src/curt_mini) by extension 'ros'
[0.247s] Level 1:colcon.colcon_core.package_identification:_identify(src/curt_mini) by extensions ['cmake', 'python']
[0.247s] Level 1:colcon.colcon_core.package_identification:_identify(src/curt_mini) by extension 'cmake'
[0.247s] Level 1:colcon.colcon_core.package_identification:_identify(src/curt_mini) by extension 'python'
[0.247s] Level 1:colcon.colcon_core.package_identification:_identify(src/curt_mini) by extensions ['python_setup_py']
[0.247s] Level 1:colcon.colcon_core.package_identification:_identify(src/curt_mini) by extension 'python_setup_py'
[0.247s] Level 1:colcon.colcon_core.package_identification:_identify(src/curt_mini/curt_mini) by extensions ['ignore', 'ignore_ament_install']
[0.247s] Level 1:colcon.colcon_core.package_identification:_identify(src/curt_mini/curt_mini) by extension 'ignore'
[0.247s] Level 1:colcon.colcon_core.package_identification:_identify(src/curt_mini/curt_mini) by extension 'ignore_ament_install'
[0.247s] Level 1:colcon.colcon_core.package_identification:_identify(src/curt_mini/curt_mini) by extensions ['colcon_pkg']
[0.247s] Level 1:colcon.colcon_core.package_identification:_identify(src/curt_mini/curt_mini) by extension 'colcon_pkg'
[0.247s] Level 1:colcon.colcon_core.package_identification:_identify(src/curt_mini/curt_mini) by extensions ['colcon_meta']
[0.247s] Level 1:colcon.colcon_core.package_identification:_identify(src/curt_mini/curt_mini) by extension 'colcon_meta'
[0.247s] Level 1:colcon.colcon_core.package_identification:_identify(src/curt_mini/curt_mini) by extensions ['ros']
[0.247s] Level 1:colcon.colcon_core.package_identification:_identify(src/curt_mini/curt_mini) by extension 'ros'
[0.248s] DEBUG:colcon.colcon_core.package_identification:Package 'src/curt_mini/curt_mini' with type 'ros.ament_cmake' and name 'curt_mini'
[0.248s] Level 1:colcon.colcon_core.package_identification:_identify(src/curt_mini/ipa_ros2_control) by extensions ['ignore', 'ignore_ament_install']
[0.248s] Level 1:colcon.colcon_core.package_identification:_identify(src/curt_mini/ipa_ros2_control) by extension 'ignore'
[0.248s] Level 1:colcon.colcon_core.package_identification:_identify(src/curt_mini/ipa_ros2_control) by extension 'ignore_ament_install'
[0.248s] Level 1:colcon.colcon_core.package_identification:_identify(src/curt_mini/ipa_ros2_control) by extensions ['colcon_pkg']
[0.248s] Level 1:colcon.colcon_core.package_identification:_identify(src/curt_mini/ipa_ros2_control) by extension 'colcon_pkg'
[0.248s] Level 1:colcon.colcon_core.package_identification:_identify(src/curt_mini/ipa_ros2_control) by extensions ['colcon_meta']
[0.248s] Level 1:colcon.colcon_core.package_identification:_identify(src/curt_mini/ipa_ros2_control) by extension 'colcon_meta'
[0.249s] Level 1:colcon.colcon_core.package_identification:_identify(src/curt_mini/ipa_ros2_control) by extensions ['ros']
[0.249s] Level 1:colcon.colcon_core.package_identification:_identify(src/curt_mini/ipa_ros2_control) by extension 'ros'
[0.249s] DEBUG:colcon.colcon_core.package_identification:Package 'src/curt_mini/ipa_ros2_control' with type 'ros.ament_cmake' and name 'ipa_ros2_control'
[0.249s] Level 1:colcon.colcon_core.package_identification:_identify(src/hector_recorder) by extensions ['ignore', 'ignore_ament_install']
[0.249s] Level 1:colcon.colcon_core.package_identification:_identify(src/hector_recorder) by extension 'ignore'
[0.250s] Level 1:colcon.colcon_core.package_identification:_identify(src/hector_recorder) by extension 'ignore_ament_install'
[0.250s] Level 1:colcon.colcon_core.package_identification:_identify(src/hector_recorder) by extensions ['colcon_pkg']
[0.250s] Level 1:colcon.colcon_core.package_identification:_identify(src/hector_recorder) by extension 'colcon_pkg'
[0.250s] Level 1:colcon.colcon_core.package_identification:_identify(src/hector_recorder) by extensions ['colcon_meta']
[0.250s] Level 1:colcon.colcon_core.package_identification:_identify(src/hector_recorder) by extension 'colcon_meta'
[0.250s] Level 1:colcon.colcon_core.package_identification:_identify(src/hector_recorder) by extensions ['ros']
[0.250s] Level 1:colcon.colcon_core.package_identification:_identify(src/hector_recorder) by extension 'ros'
[0.250s] Level 1:colcon.colcon_core.package_identification:_identify(src/hector_recorder) by extensions ['cmake', 'python']
[0.250s] Level 1:colcon.colcon_core.package_identification:_identify(src/hector_recorder) by extension 'cmake'
[0.250s] Level 1:colcon.colcon_core.package_identification:_identify(src/hector_recorder) by extension 'python'
[0.250s] Level 1:colcon.colcon_core.package_identification:_identify(src/hector_recorder) by extensions ['python_setup_py']
[0.250s] Level 1:colcon.colcon_core.package_identification:_identify(src/hector_recorder) by extension 'python_setup_py'
[0.250s] Level 1:colcon.colcon_core.package_identification:_identify(src/hector_recorder/hector_recorder) by extensions ['ignore', 'ignore_ament_install']
[0.250s] Level 1:colcon.colcon_core.package_identification:_identify(src/hector_recorder/hector_recorder) by extension 'ignore'
[0.250s] Level 1:colcon.colcon_core.package_identification:_identify(src/hector_recorder/hector_recorder) by extension 'ignore_ament_install'
[0.250s] Level 1:colcon.colcon_core.package_identification:_identify(src/hector_recorder/hector_recorder) by extensions ['colcon_pkg']
[0.250s] Level 1:colcon.colcon_core.package_identification:_identify(src/hector_recorder/hector_recorder) by extension 'colcon_pkg'
[0.250s] Level 1:colcon.colcon_core.package_identification:_identify(src/hector_recorder/hector_recorder) by extensions ['colcon_meta']
[0.251s] Level 1:colcon.colcon_core.package_identification:_identify(src/hector_recorder/hector_recorder) by extension 'colcon_meta'
[0.251s] Level 1:colcon.colcon_core.package_identification:_identify(src/hector_recorder/hector_recorder) by extensions ['ros']
[0.251s] Level 1:colcon.colcon_core.package_identification:_identify(src/hector_recorder/hector_recorder) by extension 'ros'
[0.251s] DEBUG:colcon.colcon_core.package_identification:Package 'src/hector_recorder/hector_recorder' with type 'ros.ament_cmake' and name 'hector_recorder'
[0.251s] Level 1:colcon.colcon_core.package_identification:_identify(src/hector_recorder/hector_recorder_msgs) by extensions ['ignore', 'ignore_ament_install']
[0.251s] Level 1:colcon.colcon_core.package_identification:_identify(src/hector_recorder/hector_recorder_msgs) by extension 'ignore'
[0.252s] Level 1:colcon.colcon_core.package_identification:_identify(src/hector_recorder/hector_recorder_msgs) by extension 'ignore_ament_install'
[0.252s] Level 1:colcon.colcon_core.package_identification:_identify(src/hector_recorder/hector_recorder_msgs) by extensions ['colcon_pkg']
[0.252s] Level 1:colcon.colcon_core.package_identification:_identify(src/hector_recorder/hector_recorder_msgs) by extension 'colcon_pkg'
[0.252s] Level 1:colcon.colcon_core.package_identification:_identify(src/hector_recorder/hector_recorder_msgs) by extensions ['colcon_meta']
[0.252s] Level 1:colcon.colcon_core.package_identification:_identify(src/hector_recorder/hector_recorder_msgs) by extension 'colcon_meta'
[0.252s] Level 1:colcon.colcon_core.package_identification:_identify(src/hector_recorder/hector_recorder_msgs) by extensions ['ros']
[0.252s] Level 1:colcon.colcon_core.package_identification:_identify(src/hector_recorder/hector_recorder_msgs) by extension 'ros'
[0.252s] DEBUG:colcon.colcon_core.package_identification:Package 'src/hector_recorder/hector_recorder_msgs' with type 'ros.ament_cmake' and name 'hector_recorder_msgs'
[0.252s] Level 1:colcon.colcon_core.package_identification:_identify(src/hector_recorder/media) by extensions ['ignore', 'ignore_ament_install']
[0.252s] Level 1:colcon.colcon_core.package_identification:_identify(src/hector_recorder/media) by extension 'ignore'
[0.253s] Level 1:colcon.colcon_core.package_identification:_identify(src/hector_recorder/media) by extension 'ignore_ament_install'
[0.253s] Level 1:colcon.colcon_core.package_identification:_identify(src/hector_recorder/media) by extensions ['colcon_pkg']
[0.253s] Level 1:colcon.colcon_core.package_identification:_identify(src/hector_recorder/media) by extension 'colcon_pkg'
[0.253s] Level 1:colcon.colcon_core.package_identification:_identify(src/hector_recorder/media) by extensions ['colcon_meta']
[0.253s] Level 1:colcon.colcon_core.package_identification:_identify(src/hector_recorder/media) by extension 'colcon_meta'
[0.253s] Level 1:colcon.colcon_core.package_identification:_identify(src/hector_recorder/media) by extensions ['ros']
[0.253s] Level 1:colcon.colcon_core.package_identification:_identify(src/hector_recorder/media) by extension 'ros'
[0.253s] Level 1:colcon.colcon_core.package_identification:_identify(src/hector_recorder/media) by extensions ['cmake', 'python']
[0.253s] Level 1:colcon.colcon_core.package_identification:_identify(src/hector_recorder/media) by extension 'cmake'
[0.253s] Level 1:colcon.colcon_core.package_identification:_identify(src/hector_recorder/media) by extension 'python'
[0.253s] Level 1:colcon.colcon_core.package_identification:_identify(src/hector_recorder/media) by extensions ['python_setup_py']
[0.253s] Level 1:colcon.colcon_core.package_identification:_identify(src/hector_recorder/media) by extension 'python_setup_py'
[0.253s] Level 1:colcon.colcon_core.package_identification:_identify(src/hector_recorder/rqml_recorder) by extensions ['ignore', 'ignore_ament_install']
[0.253s] Level 1:colcon.colcon_core.package_identification:_identify(src/hector_recorder/rqml_recorder) by extension 'ignore'
[0.253s] Level 1:colcon.colcon_core.package_identification:_identify(src/hector_recorder/rqml_recorder) by extension 'ignore_ament_install'
[0.253s] Level 1:colcon.colcon_core.package_identification:_identify(src/hector_recorder/rqml_recorder) by extensions ['colcon_pkg']
[0.253s] Level 1:colcon.colcon_core.package_identification:_identify(src/hector_recorder/rqml_recorder) by extension 'colcon_pkg'
[0.253s] Level 1:colcon.colcon_core.package_identification:_identify(src/hector_recorder/rqml_recorder) by extensions ['colcon_meta']
[0.253s] Level 1:colcon.colcon_core.package_identification:_identify(src/hector_recorder/rqml_recorder) by extension 'colcon_meta'
[0.254s] Level 1:colcon.colcon_core.package_identification:_identify(src/hector_recorder/rqml_recorder) by extensions ['ros']
[0.254s] Level 1:colcon.colcon_core.package_identification:_identify(src/hector_recorder/rqml_recorder) by extension 'ros'
[0.254s] DEBUG:colcon.colcon_core.package_identification:Package 'src/hector_recorder/rqml_recorder' with type 'ros.ament_cmake' and name 'rqml_recorder'
[0.254s] Level 1:colcon.colcon_core.package_identification:_identify(src/imu_mag_fusion) by extensions ['ignore', 'ignore_ament_install']
[0.254s] Level 1:colcon.colcon_core.package_identification:_identify(src/imu_mag_fusion) by extension 'ignore'
[0.255s] Level 1:colcon.colcon_core.package_identification:_identify(src/imu_mag_fusion) by extension 'ignore_ament_install'
[0.255s] Level 1:colcon.colcon_core.package_identification:_identify(src/imu_mag_fusion) by extensions ['colcon_pkg']
[0.255s] Level 1:colcon.colcon_core.package_identification:_identify(src/imu_mag_fusion) by extension 'colcon_pkg'
[0.255s] Level 1:colcon.colcon_core.package_identification:_identify(src/imu_mag_fusion) by extensions ['colcon_meta']
[0.255s] Level 1:colcon.colcon_core.package_identification:_identify(src/imu_mag_fusion) by extension 'colcon_meta'
[0.255s] Level 1:colcon.colcon_core.package_identification:_identify(src/imu_mag_fusion) by extensions ['ros']
[0.255s] Level 1:colcon.colcon_core.package_identification:_identify(src/imu_mag_fusion) by extension 'ros'
[0.255s] DEBUG:colcon.colcon_core.package_identification:Package 'src/imu_mag_fusion' with type 'ros.ament_cmake' and name 'imu_mag_fusion'
[0.255s] Level 1:colcon.colcon_core.package_identification:_identify(src/metavision_driver) by extensions ['ignore', 'ignore_ament_install']
[0.255s] Level 1:colcon.colcon_core.package_identification:_identify(src/metavision_driver) by extension 'ignore'
[0.256s] Level 1:colcon.colcon_core.package_identification:_identify(src/metavision_driver) by extension 'ignore_ament_install'
[0.256s] Level 1:colcon.colcon_core.package_identification:_identify(src/metavision_driver) by extensions ['colcon_pkg']
[0.256s] Level 1:colcon.colcon_core.package_identification:_identify(src/metavision_driver) by extension 'colcon_pkg'
[0.256s] Level 1:colcon.colcon_core.package_identification:_identify(src/metavision_driver) by extensions ['colcon_meta']
[0.256s] Level 1:colcon.colcon_core.package_identification:_identify(src/metavision_driver) by extension 'colcon_meta'
[0.256s] Level 1:colcon.colcon_core.package_identification:_identify(src/metavision_driver) by extensions ['ros']
[0.256s] Level 1:colcon.colcon_core.package_identification:_identify(src/metavision_driver) by extension 'ros'
[0.256s] DEBUG:colcon.colcon_core.package_identification:Package 'src/metavision_driver' with type 'ros.ament_cmake' and name 'metavision_driver'
[0.257s] Level 1:colcon.colcon_core.package_identification:_identify(src/nmea_navsat_driver) by extensions ['ignore', 'ignore_ament_install']
[0.257s] Level 1:colcon.colcon_core.package_identification:_identify(src/nmea_navsat_driver) by extension 'ignore'
[0.257s] Level 1:colcon.colcon_core.package_identification:_identify(src/nmea_navsat_driver) by extension 'ignore_ament_install'
[0.257s] Level 1:colcon.colcon_core.package_identification:_identify(src/nmea_navsat_driver) by extensions ['colcon_pkg']
[0.257s] Level 1:colcon.colcon_core.package_identification:_identify(src/nmea_navsat_driver) by extension 'colcon_pkg'
[0.257s] Level 1:colcon.colcon_core.package_identification:_identify(src/nmea_navsat_driver) by extensions ['colcon_meta']
[0.257s] Level 1:colcon.colcon_core.package_identification:_identify(src/nmea_navsat_driver) by extension 'colcon_meta'
[0.257s] Level 1:colcon.colcon_core.package_identification:_identify(src/nmea_navsat_driver) by extensions ['ros']
[0.257s] Level 1:colcon.colcon_core.package_identification:_identify(src/nmea_navsat_driver) by extension 'ros'
[0.257s] DEBUG:colcon.colcon_core.package_identification:Package 'src/nmea_navsat_driver' with type 'ros.ament_python' and name 'nmea_navsat_driver'
[0.257s] Level 1:colcon.colcon_core.package_identification:_identify(src/norlab_xsens_driver) by extensions ['ignore', 'ignore_ament_install']
[0.258s] Level 1:colcon.colcon_core.package_identification:_identify(src/norlab_xsens_driver) by extension 'ignore'
[0.258s] Level 1:colcon.colcon_core.package_identification:_identify(src/norlab_xsens_driver) by extension 'ignore_ament_install'
[0.258s] Level 1:colcon.colcon_core.package_identification:_identify(src/norlab_xsens_driver) by extensions ['colcon_pkg']
[0.258s] Level 1:colcon.colcon_core.package_identification:_identify(src/norlab_xsens_driver) by extension 'colcon_pkg'
[0.258s] Level 1:colcon.colcon_core.package_identification:_identify(src/norlab_xsens_driver) by extensions ['colcon_meta']
[0.258s] Level 1:colcon.colcon_core.package_identification:_identify(src/norlab_xsens_driver) by extension 'colcon_meta'
[0.258s] Level 1:colcon.colcon_core.package_identification:_identify(src/norlab_xsens_driver) by extensions ['ros']
[0.258s] Level 1:colcon.colcon_core.package_identification:_identify(src/norlab_xsens_driver) by extension 'ros'
[0.259s] DEBUG:colcon.colcon_core.package_identification:Package 'src/norlab_xsens_driver' with type 'ros.ament_python' and name 'xsens_driver'
[0.259s] Level 1:colcon.colcon_core.package_identification:_identify(src/openzenros2) by extensions ['ignore', 'ignore_ament_install']
[0.259s] Level 1:colcon.colcon_core.package_identification:_identify(src/openzenros2) by extension 'ignore'
[0.259s] Level 1:colcon.colcon_core.package_identification:_identify(src/openzenros2) by extension 'ignore_ament_install'
[0.259s] Level 1:colcon.colcon_core.package_identification:_identify(src/openzenros2) by extensions ['colcon_pkg']
[0.259s] Level 1:colcon.colcon_core.package_identification:_identify(src/openzenros2) by extension 'colcon_pkg'
[0.259s] Level 1:colcon.colcon_core.package_identification:_identify(src/openzenros2) by extensions ['colcon_meta']
[0.259s] Level 1:colcon.colcon_core.package_identification:_identify(src/openzenros2) by extension 'colcon_meta'
[0.259s] Level 1:colcon.colcon_core.package_identification:_identify(src/openzenros2) by extensions ['ros']
[0.259s] Level 1:colcon.colcon_core.package_identification:_identify(src/openzenros2) by extension 'ros'
[0.260s] DEBUG:colcon.colcon_core.package_identification:Package 'src/openzenros2' with type 'ros.ament_cmake' and name 'openzen_driver'
[0.260s] Level 1:colcon.colcon_core.package_identification:_identify(src/ouster-ros) by extensions ['ignore', 'ignore_ament_install']
[0.260s] Level 1:colcon.colcon_core.package_identification:_identify(src/ouster-ros) by extension 'ignore'
[0.260s] Level 1:colcon.colcon_core.package_identification:_identify(src/ouster-ros) by extension 'ignore_ament_install'
[0.260s] Level 1:colcon.colcon_core.package_identification:_identify(src/ouster-ros) by extensions ['colcon_pkg']
[0.260s] Level 1:colcon.colcon_core.package_identification:_identify(src/ouster-ros) by extension 'colcon_pkg'
[0.260s] Level 1:colcon.colcon_core.package_identification:_identify(src/ouster-ros) by extensions ['colcon_meta']
[0.260s] Level 1:colcon.colcon_core.package_identification:_identify(src/ouster-ros) by extension 'colcon_meta'
[0.260s] Level 1:colcon.colcon_core.package_identification:_identify(src/ouster-ros) by extensions ['ros']
[0.260s] Level 1:colcon.colcon_core.package_identification:_identify(src/ouster-ros) by extension 'ros'
[0.260s] Level 1:colcon.colcon_core.package_identification:_identify(src/ouster-ros) by extensions ['cmake', 'python']
[0.260s] Level 1:colcon.colcon_core.package_identification:_identify(src/ouster-ros) by extension 'cmake'
[0.260s] Level 1:colcon.colcon_core.package_identification:_identify(src/ouster-ros) by extension 'python'
[0.260s] Level 1:colcon.colcon_core.package_identification:_identify(src/ouster-ros) by extensions ['python_setup_py']
[0.260s] Level 1:colcon.colcon_core.package_identification:_identify(src/ouster-ros) by extension 'python_setup_py'
[0.260s] Level 1:colcon.colcon_core.package_identification:_identify(src/ouster-ros/docs) by extensions ['ignore', 'ignore_ament_install']
[0.260s] Level 1:colcon.colcon_core.package_identification:_identify(src/ouster-ros/docs) by extension 'ignore'
[0.261s] Level 1:colcon.colcon_core.package_identification:_identify(src/ouster-ros/docs) by extension 'ignore_ament_install'
[0.261s] Level 1:colcon.colcon_core.package_identification:_identify(src/ouster-ros/docs) by extensions ['colcon_pkg']
[0.261s] Level 1:colcon.colcon_core.package_identification:_identify(src/ouster-ros/docs) by extension 'colcon_pkg'
[0.261s] Level 1:colcon.colcon_core.package_identification:_identify(src/ouster-ros/docs) by extensions ['colcon_meta']
[0.261s] Level 1:colcon.colcon_core.package_identification:_identify(src/ouster-ros/docs) by extension 'colcon_meta'
[0.261s] Level 1:colcon.colcon_core.package_identification:_identify(src/ouster-ros/docs) by extensions ['ros']
[0.261s] Level 1:colcon.colcon_core.package_identification:_identify(src/ouster-ros/docs) by extension 'ros'
[0.261s] Level 1:colcon.colcon_core.package_identification:_identify(src/ouster-ros/docs) by extensions ['cmake', 'python']
[0.261s] Level 1:colcon.colcon_core.package_identification:_identify(src/ouster-ros/docs) by extension 'cmake'
[0.261s] Level 1:colcon.colcon_core.package_identification:_identify(src/ouster-ros/docs) by extension 'python'
[0.261s] Level 1:colcon.colcon_core.package_identification:_identify(src/ouster-ros/docs) by extensions ['python_setup_py']
[0.261s] Level 1:colcon.colcon_core.package_identification:_identify(src/ouster-ros/docs) by extension 'python_setup_py'
[0.261s] Level 1:colcon.colcon_core.package_identification:_identify(src/ouster-ros/docs/images) by extensions ['ignore', 'ignore_ament_install']
[0.261s] Level 1:colcon.colcon_core.package_identification:_identify(src/ouster-ros/docs/images) by extension 'ignore'
[0.261s] Level 1:colcon.colcon_core.package_identification:_identify(src/ouster-ros/docs/images) by extension 'ignore_ament_install'
[0.261s] Level 1:colcon.colcon_core.package_identification:_identify(src/ouster-ros/docs/images) by extensions ['colcon_pkg']
[0.261s] Level 1:colcon.colcon_core.package_identification:_identify(src/ouster-ros/docs/images) by extension 'colcon_pkg'
[0.261s] Level 1:colcon.colcon_core.package_identification:_identify(src/ouster-ros/docs/images) by extensions ['colcon_meta']
[0.261s] Level 1:colcon.colcon_core.package_identification:_identify(src/ouster-ros/docs/images) by extension 'colcon_meta'
[0.261s] Level 1:colcon.colcon_core.package_identification:_identify(src/ouster-ros/docs/images) by extensions ['ros']
[0.262s] Level 1:colcon.colcon_core.package_identification:_identify(src/ouster-ros/docs/images) by extension 'ros'
[0.262s] Level 1:colcon.colcon_core.package_identification:_identify(src/ouster-ros/docs/images) by extensions ['cmake', 'python']
[0.262s] Level 1:colcon.colcon_core.package_identification:_identify(src/ouster-ros/docs/images) by extension 'cmake'
[0.262s] Level 1:colcon.colcon_core.package_identification:_identify(src/ouster-ros/docs/images) by extension 'python'
[0.262s] Level 1:colcon.colcon_core.package_identification:_identify(src/ouster-ros/docs/images) by extensions ['python_setup_py']
[0.262s] Level 1:colcon.colcon_core.package_identification:_identify(src/ouster-ros/docs/images) by extension 'python_setup_py'
[0.262s] Level 1:colcon.colcon_core.package_identification:_identify(src/ouster-ros/ouster-ros) by extensions ['ignore', 'ignore_ament_install']
[0.262s] Level 1:colcon.colcon_core.package_identification:_identify(src/ouster-ros/ouster-ros) by extension 'ignore'
[0.262s] Level 1:colcon.colcon_core.package_identification:_identify(src/ouster-ros/ouster-ros) by extension 'ignore_ament_install'
[0.262s] Level 1:colcon.colcon_core.package_identification:_identify(src/ouster-ros/ouster-ros) by extensions ['colcon_pkg']
[0.262s] Level 1:colcon.colcon_core.package_identification:_identify(src/ouster-ros/ouster-ros) by extension 'colcon_pkg'
[0.262s] Level 1:colcon.colcon_core.package_identification:_identify(src/ouster-ros/ouster-ros) by extensions ['colcon_meta']
[0.262s] Level 1:colcon.colcon_core.package_identification:_identify(src/ouster-ros/ouster-ros) by extension 'colcon_meta'
[0.262s] Level 1:colcon.colcon_core.package_identification:_identify(src/ouster-ros/ouster-ros) by extensions ['ros']
[0.262s] Level 1:colcon.colcon_core.package_identification:_identify(src/ouster-ros/ouster-ros) by extension 'ros'
[0.263s] DEBUG:colcon.colcon_core.package_identification:Package 'src/ouster-ros/ouster-ros' with type 'ros.ament_cmake' and name 'ouster_ros'
[0.264s] Level 1:colcon.colcon_core.package_identification:_identify(src/ouster-ros/ouster-sensor-msgs) by extensions ['ignore', 'ignore_ament_install']
[0.264s] Level 1:colcon.colcon_core.package_identification:_identify(src/ouster-ros/ouster-sensor-msgs) by extension 'ignore'
[0.264s] Level 1:colcon.colcon_core.package_identification:_identify(src/ouster-ros/ouster-sensor-msgs) by extension 'ignore_ament_install'
[0.264s] Level 1:colcon.colcon_core.package_identification:_identify(src/ouster-ros/ouster-sensor-msgs) by extensions ['colcon_pkg']
[0.264s] Level 1:colcon.colcon_core.package_identification:_identify(src/ouster-ros/ouster-sensor-msgs) by extension 'colcon_pkg'
[0.264s] Level 1:colcon.colcon_core.package_identification:_identify(src/ouster-ros/ouster-sensor-msgs) by extensions ['colcon_meta']
[0.264s] Level 1:colcon.colcon_core.package_identification:_identify(src/ouster-ros/ouster-sensor-msgs) by extension 'colcon_meta'
[0.264s] Level 1:colcon.colcon_core.package_identification:_identify(src/ouster-ros/ouster-sensor-msgs) by extensions ['ros']
[0.264s] Level 1:colcon.colcon_core.package_identification:_identify(src/ouster-ros/ouster-sensor-msgs) by extension 'ros'
[0.264s] DEBUG:colcon.colcon_core.package_identification:Package 'src/ouster-ros/ouster-sensor-msgs' with type 'ros.ament_cmake' and name 'ouster_sensor_msgs'
[0.264s] Level 1:colcon.colcon_core.package_identification:_identify(src/realsense-ros) by extensions ['ignore', 'ignore_ament_install']
[0.265s] Level 1:colcon.colcon_core.package_identification:_identify(src/realsense-ros) by extension 'ignore'
[0.265s] Level 1:colcon.colcon_core.package_identification:_identify(src/realsense-ros) by extension 'ignore_ament_install'
[0.265s] Level 1:colcon.colcon_core.package_identification:_identify(src/realsense-ros) by extensions ['colcon_pkg']
[0.265s] Level 1:colcon.colcon_core.package_identification:_identify(src/realsense-ros) by extension 'colcon_pkg'
[0.265s] Level 1:colcon.colcon_core.package_identification:_identify(src/realsense-ros) by extensions ['colcon_meta']
[0.265s] Level 1:colcon.colcon_core.package_identification:_identify(src/realsense-ros) by extension 'colcon_meta'
[0.265s] Level 1:colcon.colcon_core.package_identification:_identify(src/realsense-ros) by extensions ['ros']
[0.265s] Level 1:colcon.colcon_core.package_identification:_identify(src/realsense-ros) by extension 'ros'
[0.265s] Level 1:colcon.colcon_core.package_identification:_identify(src/realsense-ros) by extensions ['cmake', 'python']
[0.265s] Level 1:colcon.colcon_core.package_identification:_identify(src/realsense-ros) by extension 'cmake'
[0.265s] Level 1:colcon.colcon_core.package_identification:_identify(src/realsense-ros) by extension 'python'
[0.265s] Level 1:colcon.colcon_core.package_identification:_identify(src/realsense-ros) by extensions ['python_setup_py']
[0.265s] Level 1:colcon.colcon_core.package_identification:_identify(src/realsense-ros) by extension 'python_setup_py'
[0.265s] Level 1:colcon.colcon_core.package_identification:_identify(src/realsense-ros/realsense2_camera) by extensions ['ignore', 'ignore_ament_install']
[0.265s] Level 1:colcon.colcon_core.package_identification:_identify(src/realsense-ros/realsense2_camera) by extension 'ignore'
[0.265s] Level 1:colcon.colcon_core.package_identification:_identify(src/realsense-ros/realsense2_camera) by extension 'ignore_ament_install'
[0.265s] Level 1:colcon.colcon_core.package_identification:_identify(src/realsense-ros/realsense2_camera) by extensions ['colcon_pkg']
[0.265s] Level 1:colcon.colcon_core.package_identification:_identify(src/realsense-ros/realsense2_camera) by extension 'colcon_pkg'
[0.265s] Level 1:colcon.colcon_core.package_identification:_identify(src/realsense-ros/realsense2_camera) by extensions ['colcon_meta']
[0.266s] Level 1:colcon.colcon_core.package_identification:_identify(src/realsense-ros/realsense2_camera) by extension 'colcon_meta'
[0.266s] Level 1:colcon.colcon_core.package_identification:_identify(src/realsense-ros/realsense2_camera) by extensions ['ros']
[0.266s] Level 1:colcon.colcon_core.package_identification:_identify(src/realsense-ros/realsense2_camera) by extension 'ros'
[0.272s] DEBUG:colcon.colcon_core.package_identification:Package 'src/realsense-ros/realsense2_camera' with type 'ros.ament_cmake' and name 'realsense2_camera'
[0.272s] Level 1:colcon.colcon_core.package_identification:_identify(src/realsense-ros/realsense2_camera_msgs) by extensions ['ignore', 'ignore_ament_install']
[0.272s] Level 1:colcon.colcon_core.package_identification:_identify(src/realsense-ros/realsense2_camera_msgs) by extension 'ignore'
[0.272s] Level 1:colcon.colcon_core.package_identification:_identify(src/realsense-ros/realsense2_camera_msgs) by extension 'ignore_ament_install'
[0.272s] Level 1:colcon.colcon_core.package_identification:_identify(src/realsense-ros/realsense2_camera_msgs) by extensions ['colcon_pkg']
[0.272s] Level 1:colcon.colcon_core.package_identification:_identify(src/realsense-ros/realsense2_camera_msgs) by extension 'colcon_pkg'
[0.272s] Level 1:colcon.colcon_core.package_identification:_identify(src/realsense-ros/realsense2_camera_msgs) by extensions ['colcon_meta']
[0.272s] Level 1:colcon.colcon_core.package_identification:_identify(src/realsense-ros/realsense2_camera_msgs) by extension 'colcon_meta'
[0.272s] Level 1:colcon.colcon_core.package_identification:_identify(src/realsense-ros/realsense2_camera_msgs) by extensions ['ros']
[0.272s] Level 1:colcon.colcon_core.package_identification:_identify(src/realsense-ros/realsense2_camera_msgs) by extension 'ros'
[0.273s] DEBUG:colcon.colcon_core.package_identification:Package 'src/realsense-ros/realsense2_camera_msgs' with type 'ros.ament_cmake' and name 'realsense2_camera_msgs'
[0.273s] Level 1:colcon.colcon_core.package_identification:_identify(src/realsense-ros/realsense2_description) by extensions ['ignore', 'ignore_ament_install']
[0.273s] Level 1:colcon.colcon_core.package_identification:_identify(src/realsense-ros/realsense2_description) by extension 'ignore'
[0.273s] Level 1:colcon.colcon_core.package_identification:_identify(src/realsense-ros/realsense2_description) by extension 'ignore_ament_install'
[0.273s] Level 1:colcon.colcon_core.package_identification:_identify(src/realsense-ros/realsense2_description) by extensions ['colcon_pkg']
[0.273s] Level 1:colcon.colcon_core.package_identification:_identify(src/realsense-ros/realsense2_description) by extension 'colcon_pkg'
[0.273s] Level 1:colcon.colcon_core.package_identification:_identify(src/realsense-ros/realsense2_description) by extensions ['colcon_meta']
[0.273s] Level 1:colcon.colcon_core.package_identification:_identify(src/realsense-ros/realsense2_description) by extension 'colcon_meta'
[0.273s] Level 1:colcon.colcon_core.package_identification:_identify(src/realsense-ros/realsense2_description) by extensions ['ros']
[0.273s] Level 1:colcon.colcon_core.package_identification:_identify(src/realsense-ros/realsense2_description) by extension 'ros'
[0.274s] DEBUG:colcon.colcon_core.package_identification:Package 'src/realsense-ros/realsense2_description' with type 'ros.ament_cmake' and name 'realsense2_description'
[0.274s] Level 1:colcon.colcon_core.package_identification:_identify(src/realsense-ros/realsense2_rgbd_plugin) by extensions ['ignore', 'ignore_ament_install']
[0.274s] Level 1:colcon.colcon_core.package_identification:_identify(src/realsense-ros/realsense2_rgbd_plugin) by extension 'ignore'
[0.274s] Level 1:colcon.colcon_core.package_identification:_identify(src/realsense-ros/realsense2_rgbd_plugin) by extension 'ignore_ament_install'
[0.274s] Level 1:colcon.colcon_core.package_identification:_identify(src/realsense-ros/realsense2_rgbd_plugin) by extensions ['colcon_pkg']
[0.274s] Level 1:colcon.colcon_core.package_identification:_identify(src/realsense-ros/realsense2_rgbd_plugin) by extension 'colcon_pkg'
[0.274s] Level 1:colcon.colcon_core.package_identification:_identify(src/realsense-ros/realsense2_rgbd_plugin) by extensions ['colcon_meta']
[0.274s] Level 1:colcon.colcon_core.package_identification:_identify(src/realsense-ros/realsense2_rgbd_plugin) by extension 'colcon_meta'
[0.274s] Level 1:colcon.colcon_core.package_identification:_identify(src/realsense-ros/realsense2_rgbd_plugin) by extensions ['ros']
[0.274s] Level 1:colcon.colcon_core.package_identification:_identify(src/realsense-ros/realsense2_rgbd_plugin) by extension 'ros'
[0.274s] Level 1:colcon.colcon_core.package_identification:_identify(src/realsense-ros/realsense2_rgbd_plugin) ignored
[0.274s] Level 1:colcon.colcon_core.package_identification:_identify(src/realsense-ros/realsense2_ros_mqtt_bridge) by extensions ['ignore', 'ignore_ament_install']
[0.274s] Level 1:colcon.colcon_core.package_identification:_identify(src/realsense-ros/realsense2_ros_mqtt_bridge) by extension 'ignore'
[0.274s] Level 1:colcon.colcon_core.package_identification:_identify(src/realsense-ros/realsense2_ros_mqtt_bridge) by extension 'ignore_ament_install'
[0.275s] Level 1:colcon.colcon_core.package_identification:_identify(src/realsense-ros/realsense2_ros_mqtt_bridge) by extensions ['colcon_pkg']
[0.275s] Level 1:colcon.colcon_core.package_identification:_identify(src/realsense-ros/realsense2_ros_mqtt_bridge) by extension 'colcon_pkg'
[0.275s] Level 1:colcon.colcon_core.package_identification:_identify(src/realsense-ros/realsense2_ros_mqtt_bridge) by extensions ['colcon_meta']
[0.275s] Level 1:colcon.colcon_core.package_identification:_identify(src/realsense-ros/realsense2_ros_mqtt_bridge) by extension 'colcon_meta'
[0.275s] Level 1:colcon.colcon_core.package_identification:_identify(src/realsense-ros/realsense2_ros_mqtt_bridge) by extensions ['ros']
[0.275s] Level 1:colcon.colcon_core.package_identification:_identify(src/realsense-ros/realsense2_ros_mqtt_bridge) by extension 'ros'
[0.275s] Level 1:colcon.colcon_core.package_identification:_identify(src/realsense-ros/realsense2_ros_mqtt_bridge) ignored
[0.275s] Level 1:colcon.colcon_core.package_identification:_identify(src/realsense-ros/res) by extensions ['ignore', 'ignore_ament_install']
[0.275s] Level 1:colcon.colcon_core.package_identification:_identify(src/realsense-ros/res) by extension 'ignore'
[0.275s] Level 1:colcon.colcon_core.package_identification:_identify(src/realsense-ros/res) by extension 'ignore_ament_install'
[0.275s] Level 1:colcon.colcon_core.package_identification:_identify(src/realsense-ros/res) by extensions ['colcon_pkg']
[0.275s] Level 1:colcon.colcon_core.package_identification:_identify(src/realsense-ros/res) by extension 'colcon_pkg'
[0.275s] Level 1:colcon.colcon_core.package_identification:_identify(src/realsense-ros/res) by extensions ['colcon_meta']
[0.275s] Level 1:colcon.colcon_core.package_identification:_identify(src/realsense-ros/res) by extension 'colcon_meta'
[0.275s] Level 1:colcon.colcon_core.package_identification:_identify(src/realsense-ros/res) by extensions ['ros']
[0.275s] Level 1:colcon.colcon_core.package_identification:_identify(src/realsense-ros/res) by extension 'ros'
[0.275s] Level 1:colcon.colcon_core.package_identification:_identify(src/realsense-ros/res) by extensions ['cmake', 'python']
[0.275s] Level 1:colcon.colcon_core.package_identification:_identify(src/realsense-ros/res) by extension 'cmake'
[0.275s] Level 1:colcon.colcon_core.package_identification:_identify(src/realsense-ros/res) by extension 'python'
[0.275s] Level 1:colcon.colcon_core.package_identification:_identify(src/realsense-ros/res) by extensions ['python_setup_py']
[0.275s] Level 1:colcon.colcon_core.package_identification:_identify(src/realsense-ros/res) by extension 'python_setup_py'
[0.276s] Level 1:colcon.colcon_core.package_identification:_identify(src/realsense-ros/scripts) by extensions ['ignore', 'ignore_ament_install']
[0.276s] Level 1:colcon.colcon_core.package_identification:_identify(src/realsense-ros/scripts) by extension 'ignore'
[0.276s] Level 1:colcon.colcon_core.package_identification:_identify(src/realsense-ros/scripts) by extension 'ignore_ament_install'
[0.276s] Level 1:colcon.colcon_core.package_identification:_identify(src/realsense-ros/scripts) by extensions ['colcon_pkg']
[0.276s] Level 1:colcon.colcon_core.package_identification:_identify(src/realsense-ros/scripts) by extension 'colcon_pkg'
[0.276s] Level 1:colcon.colcon_core.package_identification:_identify(src/realsense-ros/scripts) by extensions ['colcon_meta']
[0.276s] Level 1:colcon.colcon_core.package_identification:_identify(src/realsense-ros/scripts) by extension 'colcon_meta'
[0.276s] Level 1:colcon.colcon_core.package_identification:_identify(src/realsense-ros/scripts) by extensions ['ros']
[0.276s] Level 1:colcon.colcon_core.package_identification:_identify(src/realsense-ros/scripts) by extension 'ros'
[0.276s] Level 1:colcon.colcon_core.package_identification:_identify(src/realsense-ros/scripts) by extensions ['cmake', 'python']
[0.276s] Level 1:colcon.colcon_core.package_identification:_identify(src/realsense-ros/scripts) by extension 'cmake'
[0.276s] Level 1:colcon.colcon_core.package_identification:_identify(src/realsense-ros/scripts) by extension 'python'
[0.276s] Level 1:colcon.colcon_core.package_identification:_identify(src/realsense-ros/scripts) by extensions ['python_setup_py']
[0.276s] Level 1:colcon.colcon_core.package_identification:_identify(src/realsense-ros/scripts) by extension 'python_setup_py'
[0.276s] Level 1:colcon.colcon_core.package_identification:_identify(src/realsense_camera_info_override) by extensions ['ignore', 'ignore_ament_install']
[0.276s] Level 1:colcon.colcon_core.package_identification:_identify(src/realsense_camera_info_override) by extension 'ignore'
[0.276s] Level 1:colcon.colcon_core.package_identification:_identify(src/realsense_camera_info_override) by extension 'ignore_ament_install'
[0.276s] Level 1:colcon.colcon_core.package_identification:_identify(src/realsense_camera_info_override) by extensions ['colcon_pkg']
[0.277s] Level 1:colcon.colcon_core.package_identification:_identify(src/realsense_camera_info_override) by extension 'colcon_pkg'
[0.277s] Level 1:colcon.colcon_core.package_identification:_identify(src/realsense_camera_info_override) by extensions ['colcon_meta']
[0.277s] Level 1:colcon.colcon_core.package_identification:_identify(src/realsense_camera_info_override) by extension 'colcon_meta'
[0.277s] Level 1:colcon.colcon_core.package_identification:_identify(src/realsense_camera_info_override) by extensions ['ros']
[0.277s] Level 1:colcon.colcon_core.package_identification:_identify(src/realsense_camera_info_override) by extension 'ros'
[0.277s] DEBUG:colcon.colcon_core.package_identification:Package 'src/realsense_camera_info_override' with type 'ros.ament_cmake' and name 'realsense_camera_info_override'
[0.277s] Level 1:colcon.colcon_core.package_discovery:discover_packages(recursive) using defaults
[0.277s] Level 1:colcon.colcon_core.package_discovery:discover_packages(ignore) discover
[0.277s] Level 1:colcon.colcon_core.package_discovery:discover_packages(ignore) using defaults
[0.277s] Level 1:colcon.colcon_core.package_discovery:discover_packages(path) discover
[0.277s] Level 1:colcon.colcon_core.package_discovery:discover_packages(path) using defaults
[0.298s] INFO:colcon.colcon_core.package_selection:Skipping not selected package 'curt_description' in 'src/curt_description'
[0.298s] INFO:colcon.colcon_core.package_selection:Skipping not selected package 'hector_recorder_msgs' in 'src/hector_recorder/hector_recorder_msgs'
[0.298s] INFO:colcon.colcon_core.package_selection:Skipping not selected package 'imu_mag_fusion' in 'src/imu_mag_fusion'
[0.299s] INFO:colcon.colcon_core.package_selection:Skipping not selected package 'metavision_driver' in 'src/metavision_driver'
[0.299s] INFO:colcon.colcon_core.package_selection:Skipping not selected package 'nmea_navsat_driver' in 'src/nmea_navsat_driver'
[0.299s] INFO:colcon.colcon_core.package_selection:Skipping not selected package 'ouster_sensor_msgs' in 'src/ouster-ros/ouster-sensor-msgs'
[0.299s] INFO:colcon.colcon_core.package_selection:Skipping not selected package 'realsense2_camera_msgs' in 'src/realsense-ros/realsense2_camera_msgs'
[0.299s] INFO:colcon.colcon_core.package_selection:Skipping not selected package 'realsense_camera_info_override' in 'src/realsense_camera_info_override'
[0.299s] INFO:colcon.colcon_core.package_selection:Skipping not selected package 'xsens_driver' in 'src/norlab_xsens_driver'
[0.299s] INFO:colcon.colcon_core.package_selection:Skipping not selected package 'hector_recorder' in 'src/hector_recorder/hector_recorder'
[0.299s] INFO:colcon.colcon_core.package_selection:Skipping not selected package 'ouster_ros' in 'src/ouster-ros/ouster-ros'
[0.299s] INFO:colcon.colcon_core.package_selection:Skipping not selected package 'realsense2_camera' in 'src/realsense-ros/realsense2_camera'
[0.299s] INFO:colcon.colcon_core.package_selection:Skipping not selected package 'realsense2_description' in 'src/realsense-ros/realsense2_description'
[0.299s] INFO:colcon.colcon_core.package_selection:Skipping not selected package 'rqml_recorder' in 'src/hector_recorder/rqml_recorder'
[0.299s] Level 5:colcon.colcon_core.verb:set package 'candle_ros2' build argument 'cmake_args' from command line to '['-DCMAKE_BUILD_TYPE=Release']'
[0.299s] Level 5:colcon.colcon_core.verb:set package 'candle_ros2' build argument 'cmake_target' from command line to 'None'
[0.299s] Level 5:colcon.colcon_core.verb:set package 'candle_ros2' build argument 'cmake_target_skip_unavailable' from command line to 'False'
[0.299s] Level 5:colcon.colcon_core.verb:set package 'candle_ros2' build argument 'cmake_clean_cache' from command line to 'False'
[0.299s] Level 5:colcon.colcon_core.verb:set package 'candle_ros2' build argument 'cmake_clean_first' from command line to 'False'
[0.299s] Level 5:colcon.colcon_core.verb:set package 'candle_ros2' build argument 'cmake_force_configure' from command line to 'False'
[0.299s] Level 5:colcon.colcon_core.verb:set package 'candle_ros2' build argument 'ament_cmake_args' from command line to 'None'
[0.299s] Level 5:colcon.colcon_core.verb:set package 'candle_ros2' build argument 'catkin_cmake_args' from command line to 'None'
[0.299s] Level 5:colcon.colcon_core.verb:set package 'candle_ros2' build argument 'catkin_skip_building_tests' from command line to 'False'
[0.299s] DEBUG:colcon.colcon_core.verb:Building package 'candle_ros2' with the following arguments: {'ament_cmake_args': None, 'build_base': '/ros2_ws/build/candle_ros2', 'catkin_cmake_args': None, 'catkin_skip_building_tests': False, 'cmake_args': ['-DCMAKE_BUILD_TYPE=Release'], 'cmake_clean_cache': False, 'cmake_clean_first': False, 'cmake_force_configure': False, 'cmake_target': None, 'cmake_target_skip_unavailable': False, 'install_base': '/ros2_ws/install/candle_ros2', 'merge_install': False, 'path': '/ros2_ws/src/candle_ros2', 'symlink_install': True, 'test_result_base': None}
[0.300s] Level 5:colcon.colcon_core.verb:set package 'openzen_driver' build argument 'cmake_args' from command line to '['-DCMAKE_BUILD_TYPE=Release']'
[0.300s] Level 5:colcon.colcon_core.verb:set package 'openzen_driver' build argument 'cmake_target' from command line to 'None'
[0.300s] Level 5:colcon.colcon_core.verb:set package 'openzen_driver' build argument 'cmake_target_skip_unavailable' from command line to 'False'
[0.300s] Level 5:colcon.colcon_core.verb:set package 'openzen_driver' build argument 'cmake_clean_cache' from command line to 'False'
[0.300s] Level 5:colcon.colcon_core.verb:set package 'openzen_driver' build argument 'cmake_clean_first' from command line to 'False'
[0.300s] Level 5:colcon.colcon_core.verb:set package 'openzen_driver' build argument 'cmake_force_configure' from command line to 'False'
[0.300s] Level 5:colcon.colcon_core.verb:set package 'openzen_driver' build argument 'ament_cmake_args' from command line to 'None'
[0.300s] Level 5:colcon.colcon_core.verb:set package 'openzen_driver' build argument 'catkin_cmake_args' from command line to 'None'
[0.300s] Level 5:colcon.colcon_core.verb:set package 'openzen_driver' build argument 'catkin_skip_building_tests' from command line to 'False'
[0.300s] DEBUG:colcon.colcon_core.verb:Building package 'openzen_driver' with the following arguments: {'ament_cmake_args': None, 'build_base': '/ros2_ws/build/openzen_driver', 'catkin_cmake_args': None, 'catkin_skip_building_tests': False, 'cmake_args': ['-DCMAKE_BUILD_TYPE=Release'], 'cmake_clean_cache': False, 'cmake_clean_first': False, 'cmake_force_configure': False, 'cmake_target': None, 'cmake_target_skip_unavailable': False, 'install_base': '/ros2_ws/install/openzen_driver', 'merge_install': False, 'path': '/ros2_ws/src/openzenros2', 'symlink_install': True, 'test_result_base': None}
[0.300s] Level 5:colcon.colcon_core.verb:set package 'ipa_ros2_control' build argument 'cmake_args' from command line to '['-DCMAKE_BUILD_TYPE=Release']'
[0.300s] Level 5:colcon.colcon_core.verb:set package 'ipa_ros2_control' build argument 'cmake_target' from command line to 'None'
[0.300s] Level 5:colcon.colcon_core.verb:set package 'ipa_ros2_control' build argument 'cmake_target_skip_unavailable' from command line to 'False'
[0.300s] Level 5:colcon.colcon_core.verb:set package 'ipa_ros2_control' build argument 'cmake_clean_cache' from command line to 'False'
[0.300s] Level 5:colcon.colcon_core.verb:set package 'ipa_ros2_control' build argument 'cmake_clean_first' from command line to 'False'
[0.300s] Level 5:colcon.colcon_core.verb:set package 'ipa_ros2_control' build argument 'cmake_force_configure' from command line to 'False'
[0.300s] Level 5:colcon.colcon_core.verb:set package 'ipa_ros2_control' build argument 'ament_cmake_args' from command line to 'None'
[0.300s] Level 5:colcon.colcon_core.verb:set package 'ipa_ros2_control' build argument 'catkin_cmake_args' from command line to 'None'
[0.300s] Level 5:colcon.colcon_core.verb:set package 'ipa_ros2_control' build argument 'catkin_skip_building_tests' from command line to 'False'
[0.300s] DEBUG:colcon.colcon_core.verb:Building package 'ipa_ros2_control' with the following arguments: {'ament_cmake_args': None, 'build_base': '/ros2_ws/build/ipa_ros2_control', 'catkin_cmake_args': None, 'catkin_skip_building_tests': False, 'cmake_args': ['-DCMAKE_BUILD_TYPE=Release'], 'cmake_clean_cache': False, 'cmake_clean_first': False, 'cmake_force_configure': False, 'cmake_target': None, 'cmake_target_skip_unavailable': False, 'install_base': '/ros2_ws/install/ipa_ros2_control', 'merge_install': False, 'path': '/ros2_ws/src/curt_mini/ipa_ros2_control', 'symlink_install': True, 'test_result_base': None}
[0.301s] Level 5:colcon.colcon_core.verb:set package 'curt_mini' build argument 'cmake_args' from command line to '['-DCMAKE_BUILD_TYPE=Release']'
[0.301s] Level 5:colcon.colcon_core.verb:set package 'curt_mini' build argument 'cmake_target' from command line to 'None'
[0.301s] Level 5:colcon.colcon_core.verb:set package 'curt_mini' build argument 'cmake_target_skip_unavailable' from command line to 'False'
[0.301s] Level 5:colcon.colcon_core.verb:set package 'curt_mini' build argument 'cmake_clean_cache' from command line to 'False'
[0.301s] Level 5:colcon.colcon_core.verb:set package 'curt_mini' build argument 'cmake_clean_first' from command line to 'False'
[0.301s] Level 5:colcon.colcon_core.verb:set package 'curt_mini' build argument 'cmake_force_configure' from command line to 'False'
[0.301s] Level 5:colcon.colcon_core.verb:set package 'curt_mini' build argument 'ament_cmake_args' from command line to 'None'
[0.301s] Level 5:colcon.colcon_core.verb:set package 'curt_mini' build argument 'catkin_cmake_args' from command line to 'None'
[0.301s] Level 5:colcon.colcon_core.verb:set package 'curt_mini' build argument 'catkin_skip_building_tests' from command line to 'False'
[0.301s] DEBUG:colcon.colcon_core.verb:Building package 'curt_mini' with the following arguments: {'ament_cmake_args': None, 'build_base': '/ros2_ws/build/curt_mini', 'catkin_cmake_args': None, 'catkin_skip_building_tests': False, 'cmake_args': ['-DCMAKE_BUILD_TYPE=Release'], 'cmake_clean_cache': False, 'cmake_clean_first': False, 'cmake_force_configure': False, 'cmake_target': None, 'cmake_target_skip_unavailable': False, 'install_base': '/ros2_ws/install/curt_mini', 'merge_install': False, 'path': '/ros2_ws/src/curt_mini/curt_mini', 'symlink_install': True, 'test_result_base': None}
[0.301s] INFO:colcon.colcon_core.executor:Executing jobs using 'parallel' executor
[0.302s] DEBUG:colcon.colcon_parallel_executor.executor.parallel:run_until_complete
[0.302s] INFO:colcon.colcon_ros.task.ament_cmake.build:Building ROS package in '/ros2_ws/src/candle_ros2' with build type 'ament_cmake'
[0.302s] INFO:colcon.colcon_cmake.task.cmake.build:Building CMake package in '/ros2_ws/src/candle_ros2'
[0.304s] INFO:colcon.colcon_core.plugin_system:Skipping extension 'colcon_core.shell.bat': Not used on non-Windows systems
[0.305s] INFO:colcon.colcon_core.shell:Skip shell extension 'powershell' for command environment: Not usable outside of PowerShell
[0.305s] DEBUG:colcon.colcon_core.shell:Skip shell extension 'dsv' for command environment
[0.308s] INFO:colcon.colcon_ros.task.ament_cmake.build:Building ROS package in '/ros2_ws/src/openzenros2' with build type 'ament_cmake'
[0.309s] INFO:colcon.colcon_cmake.task.cmake.build:Building CMake package in '/ros2_ws/src/openzenros2'
[0.309s] INFO:colcon.colcon_core.shell:Skip shell extension 'powershell' for command environment: Not usable outside of PowerShell
[0.309s] DEBUG:colcon.colcon_core.shell:Skip shell extension 'dsv' for command environment
[0.314s] DEBUG:colcon.colcon_core.event_handler.log_command:Invoking command in '/ros2_ws/build/candle_ros2': CMAKE_PREFIX_PATH=${CMAKE_PREFIX_PATH}:/opt/ros/jazzy /usr/bin/cmake --build /ros2_ws/build/candle_ros2 -- -j12 -l12
[0.317s] DEBUG:colcon.colcon_core.event_handler.log_command:Invoking command in '/ros2_ws/build/openzen_driver': CMAKE_PREFIX_PATH=${CMAKE_PREFIX_PATH}:/opt/ros/jazzy /usr/bin/cmake --build /ros2_ws/build/openzen_driver -- -j12 -l12
[0.593s] DEBUG:colcon.colcon_core.event_handler.log_command:Invoked command in '/ros2_ws/build/openzen_driver' returned '0': CMAKE_PREFIX_PATH=${CMAKE_PREFIX_PATH}:/opt/ros/jazzy /usr/bin/cmake --build /ros2_ws/build/openzen_driver -- -j12 -l12
[0.607s] DEBUG:colcon.colcon_core.event_handler.log_command:Invoking command in '/ros2_ws/build/openzen_driver': CMAKE_PREFIX_PATH=${CMAKE_PREFIX_PATH}:/opt/ros/jazzy /usr/bin/cmake --install /ros2_ws/build/openzen_driver
[0.634s] Level 1:colcon.colcon_core.environment:create_environment_scripts_only(openzen_driver)
[0.634s] DEBUG:colcon.colcon_core.event_handler.log_command:Invoked command in '/ros2_ws/build/openzen_driver' returned '0': CMAKE_PREFIX_PATH=${CMAKE_PREFIX_PATH}:/opt/ros/jazzy /usr/bin/cmake --install /ros2_ws/build/openzen_driver
[0.638s] Level 1:colcon.colcon_core.environment:checking '/ros2_ws/install/openzen_driver' for CMake module files
[0.639s] Level 1:colcon.colcon_core.environment:checking '/ros2_ws/install/openzen_driver' for CMake config files
[0.639s] Level 1:colcon.colcon_core.shell:create_environment_hook('openzen_driver', 'cmake_prefix_path')
[0.639s] INFO:colcon.colcon_core.shell:Creating environment hook '/ros2_ws/install/openzen_driver/share/openzen_driver/hook/cmake_prefix_path.ps1'
[0.640s] INFO:colcon.colcon_core.shell:Creating environment descriptor '/ros2_ws/install/openzen_driver/share/openzen_driver/hook/cmake_prefix_path.dsv'
[0.640s] INFO:colcon.colcon_core.shell:Creating environment hook '/ros2_ws/install/openzen_driver/share/openzen_driver/hook/cmake_prefix_path.sh'
[0.641s] Level 1:colcon.colcon_core.environment:checking '/ros2_ws/install/openzen_driver/lib'
[0.642s] Level 1:colcon.colcon_core.shell:create_environment_hook('openzen_driver', 'ld_library_path_lib')
[0.642s] INFO:colcon.colcon_core.shell:Creating environment hook '/ros2_ws/install/openzen_driver/share/openzen_driver/hook/ld_library_path_lib.ps1'
[0.642s] INFO:colcon.colcon_core.shell:Creating environment descriptor '/ros2_ws/install/openzen_driver/share/openzen_driver/hook/ld_library_path_lib.dsv'
[0.643s] INFO:colcon.colcon_core.shell:Creating environment hook '/ros2_ws/install/openzen_driver/share/openzen_driver/hook/ld_library_path_lib.sh'
[0.643s] Level 1:colcon.colcon_core.environment:checking '/ros2_ws/install/openzen_driver/bin'
[0.643s] Level 1:colcon.colcon_core.environment:checking '/ros2_ws/install/openzen_driver/lib/pkgconfig/openzen_driver.pc'
[0.645s] Level 1:colcon.colcon_core.environment:checking '/ros2_ws/install/openzen_driver/lib/python3.12/site-packages'
[0.645s] Level 1:colcon.colcon_core.environment:checking '/ros2_ws/install/openzen_driver/bin'
[0.645s] INFO:colcon.colcon_core.shell:Creating package script '/ros2_ws/install/openzen_driver/share/openzen_driver/package.ps1'
[0.646s] INFO:colcon.colcon_core.shell:Creating package descriptor '/ros2_ws/install/openzen_driver/share/openzen_driver/package.dsv'
[0.647s] INFO:colcon.colcon_core.shell:Creating package script '/ros2_ws/install/openzen_driver/share/openzen_driver/package.sh'
[0.647s] INFO:colcon.colcon_core.shell:Creating package script '/ros2_ws/install/openzen_driver/share/openzen_driver/package.bash'
[0.648s] INFO:colcon.colcon_core.shell:Creating package script '/ros2_ws/install/openzen_driver/share/openzen_driver/package.zsh'
[0.648s] Level 1:colcon.colcon_core.environment:create_file_with_runtime_dependencies(/ros2_ws/install/openzen_driver/share/colcon-core/packages/openzen_driver)
[0.649s] Level 1:colcon.colcon_core.environment:create_environment_scripts_only(openzen_driver)
[0.649s] Level 1:colcon.colcon_core.environment:checking '/ros2_ws/install/openzen_driver' for CMake module files
[0.649s] Level 1:colcon.colcon_core.environment:checking '/ros2_ws/install/openzen_driver' for CMake config files
[0.650s] Level 1:colcon.colcon_core.shell:create_environment_hook('openzen_driver', 'cmake_prefix_path')
[0.650s] INFO:colcon.colcon_core.shell:Creating environment hook '/ros2_ws/install/openzen_driver/share/openzen_driver/hook/cmake_prefix_path.ps1'
[0.650s] INFO:colcon.colcon_core.shell:Creating environment descriptor '/ros2_ws/install/openzen_driver/share/openzen_driver/hook/cmake_prefix_path.dsv'
[0.650s] INFO:colcon.colcon_core.shell:Creating environment hook '/ros2_ws/install/openzen_driver/share/openzen_driver/hook/cmake_prefix_path.sh'
[0.651s] Level 1:colcon.colcon_core.environment:checking '/ros2_ws/install/openzen_driver/lib'
[0.651s] Level 1:colcon.colcon_core.shell:create_environment_hook('openzen_driver', 'ld_library_path_lib')
[0.651s] INFO:colcon.colcon_core.shell:Creating environment hook '/ros2_ws/install/openzen_driver/share/openzen_driver/hook/ld_library_path_lib.ps1'
[0.651s] INFO:colcon.colcon_core.shell:Creating environment descriptor '/ros2_ws/install/openzen_driver/share/openzen_driver/hook/ld_library_path_lib.dsv'
[0.652s] INFO:colcon.colcon_core.shell:Creating environment hook '/ros2_ws/install/openzen_driver/share/openzen_driver/hook/ld_library_path_lib.sh'
[0.652s] Level 1:colcon.colcon_core.environment:checking '/ros2_ws/install/openzen_driver/bin'
[0.652s] Level 1:colcon.colcon_core.environment:checking '/ros2_ws/install/openzen_driver/lib/pkgconfig/openzen_driver.pc'
[0.652s] Level 1:colcon.colcon_core.environment:checking '/ros2_ws/install/openzen_driver/lib/python3.12/site-packages'
[0.653s] Level 1:colcon.colcon_core.environment:checking '/ros2_ws/install/openzen_driver/bin'
[0.653s] INFO:colcon.colcon_core.shell:Creating package script '/ros2_ws/install/openzen_driver/share/openzen_driver/package.ps1'
[0.653s] INFO:colcon.colcon_core.shell:Creating package descriptor '/ros2_ws/install/openzen_driver/share/openzen_driver/package.dsv'
[0.654s] INFO:colcon.colcon_core.shell:Creating package script '/ros2_ws/install/openzen_driver/share/openzen_driver/package.sh'
[0.654s] INFO:colcon.colcon_core.shell:Creating package script '/ros2_ws/install/openzen_driver/share/openzen_driver/package.bash'
[0.654s] INFO:colcon.colcon_core.shell:Creating package script '/ros2_ws/install/openzen_driver/share/openzen_driver/package.zsh'
[0.655s] Level 1:colcon.colcon_core.environment:create_file_with_runtime_dependencies(/ros2_ws/install/openzen_driver/share/colcon-core/packages/openzen_driver)
[0.821s] DEBUG:colcon.colcon_core.event_handler.log_command:Invoked command in '/ros2_ws/build/candle_ros2' returned '0': CMAKE_PREFIX_PATH=${CMAKE_PREFIX_PATH}:/opt/ros/jazzy /usr/bin/cmake --build /ros2_ws/build/candle_ros2 -- -j12 -l12
[0.822s] DEBUG:colcon.colcon_core.event_handler.log_command:Invoking command in '/ros2_ws/build/candle_ros2': CMAKE_PREFIX_PATH=${CMAKE_PREFIX_PATH}:/opt/ros/jazzy /usr/bin/cmake --install /ros2_ws/build/candle_ros2
[1.114s] Level 1:colcon.colcon_core.environment:create_environment_scripts_only(candle_ros2)
[1.114s] Level 1:colcon.colcon_core.environment:checking '/ros2_ws/install/candle_ros2' for CMake module files
[1.116s] DEBUG:colcon.colcon_core.event_handler.log_command:Invoked command in '/ros2_ws/build/candle_ros2' returned '0': CMAKE_PREFIX_PATH=${CMAKE_PREFIX_PATH}:/opt/ros/jazzy /usr/bin/cmake --install /ros2_ws/build/candle_ros2
[1.117s] Level 1:colcon.colcon_core.environment:checking '/ros2_ws/install/candle_ros2' for CMake config files
[1.120s] Level 1:colcon.colcon_core.shell:create_environment_hook('candle_ros2', 'cmake_prefix_path')
[1.120s] INFO:colcon.colcon_core.shell:Creating environment hook '/ros2_ws/install/candle_ros2/share/candle_ros2/hook/cmake_prefix_path.ps1'
[1.121s] INFO:colcon.colcon_core.shell:Creating environment descriptor '/ros2_ws/install/candle_ros2/share/candle_ros2/hook/cmake_prefix_path.dsv'
[1.122s] INFO:colcon.colcon_core.shell:Creating environment hook '/ros2_ws/install/candle_ros2/share/candle_ros2/hook/cmake_prefix_path.sh'
[1.124s] Level 1:colcon.colcon_core.environment:checking '/ros2_ws/install/candle_ros2/lib'
[1.124s] Level 1:colcon.colcon_core.shell:create_environment_hook('candle_ros2', 'ld_library_path_lib')
[1.125s] INFO:colcon.colcon_core.shell:Creating environment hook '/ros2_ws/install/candle_ros2/share/candle_ros2/hook/ld_library_path_lib.ps1'
[1.126s] INFO:colcon.colcon_core.shell:Creating environment descriptor '/ros2_ws/install/candle_ros2/share/candle_ros2/hook/ld_library_path_lib.dsv'
[1.127s] INFO:colcon.colcon_core.shell:Creating environment hook '/ros2_ws/install/candle_ros2/share/candle_ros2/hook/ld_library_path_lib.sh'
[1.128s] Level 1:colcon.colcon_core.environment:checking '/ros2_ws/install/candle_ros2/bin'
[1.128s] Level 1:colcon.colcon_core.environment:checking '/ros2_ws/install/candle_ros2/lib/pkgconfig/candle_ros2.pc'
[1.129s] Level 1:colcon.colcon_core.environment:checking '/ros2_ws/install/candle_ros2/lib/python3.12/site-packages'
[1.129s] Level 1:colcon.colcon_core.shell:create_environment_hook('candle_ros2', 'pythonpath')
[1.129s] INFO:colcon.colcon_core.shell:Creating environment hook '/ros2_ws/install/candle_ros2/share/candle_ros2/hook/pythonpath.ps1'
[1.131s] INFO:colcon.colcon_core.shell:Creating environment descriptor '/ros2_ws/install/candle_ros2/share/candle_ros2/hook/pythonpath.dsv'
[1.132s] INFO:colcon.colcon_core.shell:Creating environment hook '/ros2_ws/install/candle_ros2/share/candle_ros2/hook/pythonpath.sh'
[1.134s] Level 1:colcon.colcon_core.environment:checking '/ros2_ws/install/candle_ros2/bin'
[1.134s] INFO:colcon.colcon_core.shell:Creating package script '/ros2_ws/install/candle_ros2/share/candle_ros2/package.ps1'
[1.136s] INFO:colcon.colcon_core.shell:Creating package descriptor '/ros2_ws/install/candle_ros2/share/candle_ros2/package.dsv'
[1.138s] INFO:colcon.colcon_core.shell:Creating package script '/ros2_ws/install/candle_ros2/share/candle_ros2/package.sh'
[1.139s] INFO:colcon.colcon_core.shell:Creating package script '/ros2_ws/install/candle_ros2/share/candle_ros2/package.bash'
[1.140s] INFO:colcon.colcon_core.shell:Creating package script '/ros2_ws/install/candle_ros2/share/candle_ros2/package.zsh'
[1.141s] Level 1:colcon.colcon_core.environment:create_file_with_runtime_dependencies(/ros2_ws/install/candle_ros2/share/colcon-core/packages/candle_ros2)
[1.143s] Level 1:colcon.colcon_core.environment:create_environment_scripts_only(candle_ros2)
[1.143s] Level 1:colcon.colcon_core.environment:checking '/ros2_ws/install/candle_ros2' for CMake module files
[1.145s] Level 1:colcon.colcon_core.environment:checking '/ros2_ws/install/candle_ros2' for CMake config files
[1.148s] Level 1:colcon.colcon_core.shell:create_environment_hook('candle_ros2', 'cmake_prefix_path')
[1.149s] INFO:colcon.colcon_core.shell:Creating environment hook '/ros2_ws/install/candle_ros2/share/candle_ros2/hook/cmake_prefix_path.ps1'
[1.150s] INFO:colcon.colcon_core.shell:Creating environment descriptor '/ros2_ws/install/candle_ros2/share/candle_ros2/hook/cmake_prefix_path.dsv'
[1.151s] INFO:colcon.colcon_core.shell:Creating environment hook '/ros2_ws/install/candle_ros2/share/candle_ros2/hook/cmake_prefix_path.sh'
[1.152s] Level 1:colcon.colcon_core.environment:checking '/ros2_ws/install/candle_ros2/lib'
[1.153s] Level 1:colcon.colcon_core.shell:create_environment_hook('candle_ros2', 'ld_library_path_lib')
[1.153s] INFO:colcon.colcon_core.shell:Creating environment hook '/ros2_ws/install/candle_ros2/share/candle_ros2/hook/ld_library_path_lib.ps1'
[1.154s] INFO:colcon.colcon_core.shell:Creating environment descriptor '/ros2_ws/install/candle_ros2/share/candle_ros2/hook/ld_library_path_lib.dsv'
[1.155s] INFO:colcon.colcon_core.shell:Creating environment hook '/ros2_ws/install/candle_ros2/share/candle_ros2/hook/ld_library_path_lib.sh'
[1.156s] Level 1:colcon.colcon_core.environment:checking '/ros2_ws/install/candle_ros2/bin'
[1.157s] Level 1:colcon.colcon_core.environment:checking '/ros2_ws/install/candle_ros2/lib/pkgconfig/candle_ros2.pc'
[1.157s] Level 1:colcon.colcon_core.environment:checking '/ros2_ws/install/candle_ros2/lib/python3.12/site-packages'
[1.157s] Level 1:colcon.colcon_core.shell:create_environment_hook('candle_ros2', 'pythonpath')
[1.158s] INFO:colcon.colcon_core.shell:Creating environment hook '/ros2_ws/install/candle_ros2/share/candle_ros2/hook/pythonpath.ps1'
[1.159s] INFO:colcon.colcon_core.shell:Creating environment descriptor '/ros2_ws/install/candle_ros2/share/candle_ros2/hook/pythonpath.dsv'
[1.160s] INFO:colcon.colcon_core.shell:Creating environment hook '/ros2_ws/install/candle_ros2/share/candle_ros2/hook/pythonpath.sh'
[1.162s] Level 1:colcon.colcon_core.environment:checking '/ros2_ws/install/candle_ros2/bin'
[1.163s] INFO:colcon.colcon_core.shell:Creating package script '/ros2_ws/install/candle_ros2/share/candle_ros2/package.ps1'
[1.165s] INFO:colcon.colcon_core.shell:Creating package descriptor '/ros2_ws/install/candle_ros2/share/candle_ros2/package.dsv'
[1.166s] INFO:colcon.colcon_core.shell:Creating package script '/ros2_ws/install/candle_ros2/share/candle_ros2/package.sh'
[1.168s] INFO:colcon.colcon_core.shell:Creating package script '/ros2_ws/install/candle_ros2/share/candle_ros2/package.bash'
[1.169s] INFO:colcon.colcon_core.shell:Creating package script '/ros2_ws/install/candle_ros2/share/candle_ros2/package.zsh'
[1.170s] Level 1:colcon.colcon_core.environment:create_file_with_runtime_dependencies(/ros2_ws/install/candle_ros2/share/colcon-core/packages/candle_ros2)
[1.171s] INFO:colcon.colcon_ros.task.ament_cmake.build:Building ROS package in '/ros2_ws/src/curt_mini/ipa_ros2_control' with build type 'ament_cmake'
[1.171s] INFO:colcon.colcon_cmake.task.cmake.build:Building CMake package in '/ros2_ws/src/curt_mini/ipa_ros2_control'
[1.172s] INFO:colcon.colcon_core.shell:Skip shell extension 'powershell' for command environment: Not usable outside of PowerShell
[1.172s] DEBUG:colcon.colcon_core.shell:Skip shell extension 'dsv' for command environment
[1.200s] DEBUG:colcon.colcon_core.event_handler.log_command:Invoking command in '/ros2_ws/build/ipa_ros2_control': AMENT_PREFIX_PATH=/ros2_ws/install/candle_ros2:${AMENT_PREFIX_PATH} CMAKE_PREFIX_PATH=/ros2_ws/install/candle_ros2:/opt/ros/jazzy/opt/sdformat_vendor:/opt/ros/jazzy/opt/gz_math_vendor:/opt/ros/jazzy/opt/gz_utils_vendor:/opt/ros/jazzy/opt/gz_tools_vendor:/opt/ros/jazzy/opt/gz_cmake_vendor:/opt/ros/jazzy LD_LIBRARY_PATH=/ros2_ws/install/candle_ros2/lib:${LD_LIBRARY_PATH} PYTHONPATH=/ros2_ws/install/candle_ros2/lib/python3.12/site-packages:${PYTHONPATH} /usr/bin/cmake /ros2_ws/src/curt_mini/ipa_ros2_control -DCMAKE_BUILD_TYPE=Release -DAMENT_CMAKE_SYMLINK_INSTALL=1 -DCMAKE_INSTALL_PREFIX=/ros2_ws/install/ipa_ros2_control
[4.532s] DEBUG:colcon.colcon_core.event_handler.log_command:Invoked command in '/ros2_ws/build/ipa_ros2_control' returned '0': AMENT_PREFIX_PATH=/ros2_ws/install/candle_ros2:${AMENT_PREFIX_PATH} CMAKE_PREFIX_PATH=/ros2_ws/install/candle_ros2:/opt/ros/jazzy/opt/sdformat_vendor:/opt/ros/jazzy/opt/gz_math_vendor:/opt/ros/jazzy/opt/gz_utils_vendor:/opt/ros/jazzy/opt/gz_tools_vendor:/opt/ros/jazzy/opt/gz_cmake_vendor:/opt/ros/jazzy LD_LIBRARY_PATH=/ros2_ws/install/candle_ros2/lib:${LD_LIBRARY_PATH} PYTHONPATH=/ros2_ws/install/candle_ros2/lib/python3.12/site-packages:${PYTHONPATH} /usr/bin/cmake /ros2_ws/src/curt_mini/ipa_ros2_control -DCMAKE_BUILD_TYPE=Release -DAMENT_CMAKE_SYMLINK_INSTALL=1 -DCMAKE_INSTALL_PREFIX=/ros2_ws/install/ipa_ros2_control
[4.534s] DEBUG:colcon.colcon_core.event_handler.log_command:Invoking command in '/ros2_ws/build/ipa_ros2_control': AMENT_PREFIX_PATH=/ros2_ws/install/candle_ros2:${AMENT_PREFIX_PATH} CMAKE_PREFIX_PATH=/ros2_ws/install/candle_ros2:/opt/ros/jazzy/opt/sdformat_vendor:/opt/ros/jazzy/opt/gz_math_vendor:/opt/ros/jazzy/opt/gz_utils_vendor:/opt/ros/jazzy/opt/gz_tools_vendor:/opt/ros/jazzy/opt/gz_cmake_vendor:/opt/ros/jazzy LD_LIBRARY_PATH=/ros2_ws/install/candle_ros2/lib:${LD_LIBRARY_PATH} PYTHONPATH=/ros2_ws/install/candle_ros2/lib/python3.12/site-packages:${PYTHONPATH} /usr/bin/cmake --build /ros2_ws/build/ipa_ros2_control -- -j12 -l12
[23.282s] DEBUG:colcon.colcon_core.event_handler.log_command:Invoked command in '/ros2_ws/build/ipa_ros2_control' returned '0': AMENT_PREFIX_PATH=/ros2_ws/install/candle_ros2:${AMENT_PREFIX_PATH} CMAKE_PREFIX_PATH=/ros2_ws/install/candle_ros2:/opt/ros/jazzy/opt/sdformat_vendor:/opt/ros/jazzy/opt/gz_math_vendor:/opt/ros/jazzy/opt/gz_utils_vendor:/opt/ros/jazzy/opt/gz_tools_vendor:/opt/ros/jazzy/opt/gz_cmake_vendor:/opt/ros/jazzy LD_LIBRARY_PATH=/ros2_ws/install/candle_ros2/lib:${LD_LIBRARY_PATH} PYTHONPATH=/ros2_ws/install/candle_ros2/lib/python3.12/site-packages:${PYTHONPATH} /usr/bin/cmake --build /ros2_ws/build/ipa_ros2_control -- -j12 -l12
[23.283s] DEBUG:colcon.colcon_core.event_handler.log_command:Invoking command in '/ros2_ws/build/ipa_ros2_control': AMENT_PREFIX_PATH=/ros2_ws/install/candle_ros2:${AMENT_PREFIX_PATH} CMAKE_PREFIX_PATH=/ros2_ws/install/candle_ros2:/opt/ros/jazzy/opt/sdformat_vendor:/opt/ros/jazzy/opt/gz_math_vendor:/opt/ros/jazzy/opt/gz_utils_vendor:/opt/ros/jazzy/opt/gz_tools_vendor:/opt/ros/jazzy/opt/gz_cmake_vendor:/opt/ros/jazzy LD_LIBRARY_PATH=/ros2_ws/install/candle_ros2/lib:${LD_LIBRARY_PATH} PYTHONPATH=/ros2_ws/install/candle_ros2/lib/python3.12/site-packages:${PYTHONPATH} /usr/bin/cmake --install /ros2_ws/build/ipa_ros2_control
[23.830s] Level 1:colcon.colcon_core.environment:create_environment_scripts_only(ipa_ros2_control)
[23.831s] Level 1:colcon.colcon_core.environment:checking '/ros2_ws/install/ipa_ros2_control' for CMake module files
[23.832s] DEBUG:colcon.colcon_core.event_handler.log_command:Invoked command in '/ros2_ws/build/ipa_ros2_control' returned '0': AMENT_PREFIX_PATH=/ros2_ws/install/candle_ros2:${AMENT_PREFIX_PATH} CMAKE_PREFIX_PATH=/ros2_ws/install/candle_ros2:/opt/ros/jazzy/opt/sdformat_vendor:/opt/ros/jazzy/opt/gz_math_vendor:/opt/ros/jazzy/opt/gz_utils_vendor:/opt/ros/jazzy/opt/gz_tools_vendor:/opt/ros/jazzy/opt/gz_cmake_vendor:/opt/ros/jazzy LD_LIBRARY_PATH=/ros2_ws/install/candle_ros2/lib:${LD_LIBRARY_PATH} PYTHONPATH=/ros2_ws/install/candle_ros2/lib/python3.12/site-packages:${PYTHONPATH} /usr/bin/cmake --install /ros2_ws/build/ipa_ros2_control
[23.833s] Level 1:colcon.colcon_core.environment:checking '/ros2_ws/install/ipa_ros2_control' for CMake config files
[23.834s] Level 1:colcon.colcon_core.shell:create_environment_hook('ipa_ros2_control', 'cmake_prefix_path')
[23.835s] INFO:colcon.colcon_core.shell:Creating environment hook '/ros2_ws/install/ipa_ros2_control/share/ipa_ros2_control/hook/cmake_prefix_path.ps1'
[23.836s] INFO:colcon.colcon_core.shell:Creating environment descriptor '/ros2_ws/install/ipa_ros2_control/share/ipa_ros2_control/hook/cmake_prefix_path.dsv'
[23.837s] INFO:colcon.colcon_core.shell:Creating environment hook '/ros2_ws/install/ipa_ros2_control/share/ipa_ros2_control/hook/cmake_prefix_path.sh'
[23.839s] Level 1:colcon.colcon_core.environment:checking '/ros2_ws/install/ipa_ros2_control/lib'
[23.839s] Level 1:colcon.colcon_core.shell:create_environment_hook('ipa_ros2_control', 'ld_library_path_lib')
[23.840s] INFO:colcon.colcon_core.shell:Creating environment hook '/ros2_ws/install/ipa_ros2_control/share/ipa_ros2_control/hook/ld_library_path_lib.ps1'
[23.841s] INFO:colcon.colcon_core.shell:Creating environment descriptor '/ros2_ws/install/ipa_ros2_control/share/ipa_ros2_control/hook/ld_library_path_lib.dsv'
[23.842s] INFO:colcon.colcon_core.shell:Creating environment hook '/ros2_ws/install/ipa_ros2_control/share/ipa_ros2_control/hook/ld_library_path_lib.sh'
[23.843s] Level 1:colcon.colcon_core.environment:checking '/ros2_ws/install/ipa_ros2_control/bin'
[23.843s] Level 1:colcon.colcon_core.environment:checking '/ros2_ws/install/ipa_ros2_control/lib/pkgconfig/ipa_ros2_control.pc'
[23.844s] Level 1:colcon.colcon_core.environment:checking '/ros2_ws/install/ipa_ros2_control/lib/python3.12/site-packages'
[23.845s] Level 1:colcon.colcon_core.environment:checking '/ros2_ws/install/ipa_ros2_control/bin'
[23.846s] INFO:colcon.colcon_core.shell:Creating package script '/ros2_ws/install/ipa_ros2_control/share/ipa_ros2_control/package.ps1'
[23.848s] INFO:colcon.colcon_core.shell:Creating package descriptor '/ros2_ws/install/ipa_ros2_control/share/ipa_ros2_control/package.dsv'
[23.849s] INFO:colcon.colcon_core.shell:Creating package script '/ros2_ws/install/ipa_ros2_control/share/ipa_ros2_control/package.sh'
[23.850s] INFO:colcon.colcon_core.shell:Creating package script '/ros2_ws/install/ipa_ros2_control/share/ipa_ros2_control/package.bash'
[23.851s] INFO:colcon.colcon_core.shell:Creating package script '/ros2_ws/install/ipa_ros2_control/share/ipa_ros2_control/package.zsh'
[23.852s] Level 1:colcon.colcon_core.environment:create_file_with_runtime_dependencies(/ros2_ws/install/ipa_ros2_control/share/colcon-core/packages/ipa_ros2_control)
[23.854s] Level 1:colcon.colcon_core.environment:create_environment_scripts_only(ipa_ros2_control)
[23.854s] Level 1:colcon.colcon_core.environment:checking '/ros2_ws/install/ipa_ros2_control' for CMake module files
[23.856s] Level 1:colcon.colcon_core.environment:checking '/ros2_ws/install/ipa_ros2_control' for CMake config files
[23.857s] Level 1:colcon.colcon_core.shell:create_environment_hook('ipa_ros2_control', 'cmake_prefix_path')
[23.858s] INFO:colcon.colcon_core.shell:Creating environment hook '/ros2_ws/install/ipa_ros2_control/share/ipa_ros2_control/hook/cmake_prefix_path.ps1'
[23.859s] INFO:colcon.colcon_core.shell:Creating environment descriptor '/ros2_ws/install/ipa_ros2_control/share/ipa_ros2_control/hook/cmake_prefix_path.dsv'
[23.860s] INFO:colcon.colcon_core.shell:Creating environment hook '/ros2_ws/install/ipa_ros2_control/share/ipa_ros2_control/hook/cmake_prefix_path.sh'
[23.861s] Level 1:colcon.colcon_core.environment:checking '/ros2_ws/install/ipa_ros2_control/lib'
[23.862s] Level 1:colcon.colcon_core.shell:create_environment_hook('ipa_ros2_control', 'ld_library_path_lib')
[23.862s] INFO:colcon.colcon_core.shell:Creating environment hook '/ros2_ws/install/ipa_ros2_control/share/ipa_ros2_control/hook/ld_library_path_lib.ps1'
[23.863s] INFO:colcon.colcon_core.shell:Creating environment descriptor '/ros2_ws/install/ipa_ros2_control/share/ipa_ros2_control/hook/ld_library_path_lib.dsv'
[23.864s] INFO:colcon.colcon_core.shell:Creating environment hook '/ros2_ws/install/ipa_ros2_control/share/ipa_ros2_control/hook/ld_library_path_lib.sh'
[23.866s] Level 1:colcon.colcon_core.environment:checking '/ros2_ws/install/ipa_ros2_control/bin'
[23.866s] Level 1:colcon.colcon_core.environment:checking '/ros2_ws/install/ipa_ros2_control/lib/pkgconfig/ipa_ros2_control.pc'
[23.867s] Level 1:colcon.colcon_core.environment:checking '/ros2_ws/install/ipa_ros2_control/lib/python3.12/site-packages'
[23.868s] Level 1:colcon.colcon_core.environment:checking '/ros2_ws/install/ipa_ros2_control/bin'
[23.868s] INFO:colcon.colcon_core.shell:Creating package script '/ros2_ws/install/ipa_ros2_control/share/ipa_ros2_control/package.ps1'
[23.870s] INFO:colcon.colcon_core.shell:Creating package descriptor '/ros2_ws/install/ipa_ros2_control/share/ipa_ros2_control/package.dsv'
[23.872s] INFO:colcon.colcon_core.shell:Creating package script '/ros2_ws/install/ipa_ros2_control/share/ipa_ros2_control/package.sh'
[23.873s] INFO:colcon.colcon_core.shell:Creating package script '/ros2_ws/install/ipa_ros2_control/share/ipa_ros2_control/package.bash'
[23.875s] INFO:colcon.colcon_core.shell:Creating package script '/ros2_ws/install/ipa_ros2_control/share/ipa_ros2_control/package.zsh'
[23.876s] Level 1:colcon.colcon_core.environment:create_file_with_runtime_dependencies(/ros2_ws/install/ipa_ros2_control/share/colcon-core/packages/ipa_ros2_control)
[23.877s] INFO:colcon.colcon_ros.task.ament_cmake.build:Building ROS package in '/ros2_ws/src/curt_mini/curt_mini' with build type 'ament_cmake'
[23.877s] INFO:colcon.colcon_cmake.task.cmake.build:Building CMake package in '/ros2_ws/src/curt_mini/curt_mini'
[23.877s] INFO:colcon.colcon_core.shell:Skip shell extension 'powershell' for command environment: Not usable outside of PowerShell
[23.878s] DEBUG:colcon.colcon_core.shell:Skip shell extension 'dsv' for command environment
[23.924s] DEBUG:colcon.colcon_core.event_handler.log_command:Invoking command in '/ros2_ws/build/curt_mini': AMENT_PREFIX_PATH=/ros2_ws/install/ipa_ros2_control:/ros2_ws/install/candle_ros2:${AMENT_PREFIX_PATH} CMAKE_PREFIX_PATH=/ros2_ws/install/ipa_ros2_control:/ros2_ws/install/candle_ros2:/opt/ros/jazzy/opt/sdformat_vendor:/opt/ros/jazzy/opt/gz_math_vendor:/opt/ros/jazzy/opt/gz_utils_vendor:/opt/ros/jazzy/opt/gz_tools_vendor:/opt/ros/jazzy/opt/gz_cmake_vendor:/opt/ros/jazzy LD_LIBRARY_PATH=/ros2_ws/install/ipa_ros2_control/lib:/ros2_ws/install/candle_ros2/lib:${LD_LIBRARY_PATH} PYTHONPATH=/ros2_ws/install/candle_ros2/lib/python3.12/site-packages:${PYTHONPATH} /usr/bin/cmake /ros2_ws/src/curt_mini/curt_mini -DCMAKE_BUILD_TYPE=Release -DAMENT_CMAKE_SYMLINK_INSTALL=1 -DCMAKE_INSTALL_PREFIX=/ros2_ws/install/curt_mini
[26.384s] DEBUG:colcon.colcon_core.event_handler.log_command:Invoked command in '/ros2_ws/build/curt_mini' returned '0': AMENT_PREFIX_PATH=/ros2_ws/install/ipa_ros2_control:/ros2_ws/install/candle_ros2:${AMENT_PREFIX_PATH} CMAKE_PREFIX_PATH=/ros2_ws/install/ipa_ros2_control:/ros2_ws/install/candle_ros2:/opt/ros/jazzy/opt/sdformat_vendor:/opt/ros/jazzy/opt/gz_math_vendor:/opt/ros/jazzy/opt/gz_utils_vendor:/opt/ros/jazzy/opt/gz_tools_vendor:/opt/ros/jazzy/opt/gz_cmake_vendor:/opt/ros/jazzy LD_LIBRARY_PATH=/ros2_ws/install/ipa_ros2_control/lib:/ros2_ws/install/candle_ros2/lib:${LD_LIBRARY_PATH} PYTHONPATH=/ros2_ws/install/candle_ros2/lib/python3.12/site-packages:${PYTHONPATH} /usr/bin/cmake /ros2_ws/src/curt_mini/curt_mini -DCMAKE_BUILD_TYPE=Release -DAMENT_CMAKE_SYMLINK_INSTALL=1 -DCMAKE_INSTALL_PREFIX=/ros2_ws/install/curt_mini
[26.386s] DEBUG:colcon.colcon_core.event_handler.log_command:Invoking command in '/ros2_ws/build/curt_mini': AMENT_PREFIX_PATH=/ros2_ws/install/ipa_ros2_control:/ros2_ws/install/candle_ros2:${AMENT_PREFIX_PATH} CMAKE_PREFIX_PATH=/ros2_ws/install/ipa_ros2_control:/ros2_ws/install/candle_ros2:/opt/ros/jazzy/opt/sdformat_vendor:/opt/ros/jazzy/opt/gz_math_vendor:/opt/ros/jazzy/opt/gz_utils_vendor:/opt/ros/jazzy/opt/gz_tools_vendor:/opt/ros/jazzy/opt/gz_cmake_vendor:/opt/ros/jazzy LD_LIBRARY_PATH=/ros2_ws/install/ipa_ros2_control/lib:/ros2_ws/install/candle_ros2/lib:${LD_LIBRARY_PATH} PYTHONPATH=/ros2_ws/install/candle_ros2/lib/python3.12/site-packages:${PYTHONPATH} /usr/bin/cmake --build /ros2_ws/build/curt_mini -- -j12 -l12
[26.490s] DEBUG:colcon.colcon_core.event_handler.log_command:Invoked command in '/ros2_ws/build/curt_mini' returned '0': AMENT_PREFIX_PATH=/ros2_ws/install/ipa_ros2_control:/ros2_ws/install/candle_ros2:${AMENT_PREFIX_PATH} CMAKE_PREFIX_PATH=/ros2_ws/install/ipa_ros2_control:/ros2_ws/install/candle_ros2:/opt/ros/jazzy/opt/sdformat_vendor:/opt/ros/jazzy/opt/gz_math_vendor:/opt/ros/jazzy/opt/gz_utils_vendor:/opt/ros/jazzy/opt/gz_tools_vendor:/opt/ros/jazzy/opt/gz_cmake_vendor:/opt/ros/jazzy LD_LIBRARY_PATH=/ros2_ws/install/ipa_ros2_control/lib:/ros2_ws/install/candle_ros2/lib:${LD_LIBRARY_PATH} PYTHONPATH=/ros2_ws/install/candle_ros2/lib/python3.12/site-packages:${PYTHONPATH} /usr/bin/cmake --build /ros2_ws/build/curt_mini -- -j12 -l12
[26.493s] DEBUG:colcon.colcon_core.event_handler.log_command:Invoking command in '/ros2_ws/build/curt_mini': AMENT_PREFIX_PATH=/ros2_ws/install/ipa_ros2_control:/ros2_ws/install/candle_ros2:${AMENT_PREFIX_PATH} CMAKE_PREFIX_PATH=/ros2_ws/install/ipa_ros2_control:/ros2_ws/install/candle_ros2:/opt/ros/jazzy/opt/sdformat_vendor:/opt/ros/jazzy/opt/gz_math_vendor:/opt/ros/jazzy/opt/gz_utils_vendor:/opt/ros/jazzy/opt/gz_tools_vendor:/opt/ros/jazzy/opt/gz_cmake_vendor:/opt/ros/jazzy LD_LIBRARY_PATH=/ros2_ws/install/ipa_ros2_control/lib:/ros2_ws/install/candle_ros2/lib:${LD_LIBRARY_PATH} PYTHONPATH=/ros2_ws/install/candle_ros2/lib/python3.12/site-packages:${PYTHONPATH} /usr/bin/cmake --install /ros2_ws/build/curt_mini
[27.367s] Level 1:colcon.colcon_core.environment:create_environment_scripts_only(curt_mini)
[27.367s] Level 1:colcon.colcon_core.environment:checking '/ros2_ws/install/curt_mini' for CMake module files
[27.368s] DEBUG:colcon.colcon_core.event_handler.log_command:Invoked command in '/ros2_ws/build/curt_mini' returned '0': AMENT_PREFIX_PATH=/ros2_ws/install/ipa_ros2_control:/ros2_ws/install/candle_ros2:${AMENT_PREFIX_PATH} CMAKE_PREFIX_PATH=/ros2_ws/install/ipa_ros2_control:/ros2_ws/install/candle_ros2:/opt/ros/jazzy/opt/sdformat_vendor:/opt/ros/jazzy/opt/gz_math_vendor:/opt/ros/jazzy/opt/gz_utils_vendor:/opt/ros/jazzy/opt/gz_tools_vendor:/opt/ros/jazzy/opt/gz_cmake_vendor:/opt/ros/jazzy LD_LIBRARY_PATH=/ros2_ws/install/ipa_ros2_control/lib:/ros2_ws/install/candle_ros2/lib:${LD_LIBRARY_PATH} PYTHONPATH=/ros2_ws/install/candle_ros2/lib/python3.12/site-packages:${PYTHONPATH} /usr/bin/cmake --install /ros2_ws/build/curt_mini
[27.370s] Level 1:colcon.colcon_core.environment:checking '/ros2_ws/install/curt_mini' for CMake config files
[27.370s] Level 1:colcon.colcon_core.shell:create_environment_hook('curt_mini', 'cmake_prefix_path')
[27.371s] INFO:colcon.colcon_core.shell:Creating environment hook '/ros2_ws/install/curt_mini/share/curt_mini/hook/cmake_prefix_path.ps1'
[27.372s] INFO:colcon.colcon_core.shell:Creating environment descriptor '/ros2_ws/install/curt_mini/share/curt_mini/hook/cmake_prefix_path.dsv'
[27.373s] INFO:colcon.colcon_core.shell:Creating environment hook '/ros2_ws/install/curt_mini/share/curt_mini/hook/cmake_prefix_path.sh'
[27.374s] Level 1:colcon.colcon_core.environment:checking '/ros2_ws/install/curt_mini/bin'
[27.375s] Level 1:colcon.colcon_core.environment:checking '/ros2_ws/install/curt_mini/lib/pkgconfig/curt_mini.pc'
[27.375s] Level 1:colcon.colcon_core.environment:checking '/ros2_ws/install/curt_mini/lib/python3.12/site-packages'
[27.376s] Level 1:colcon.colcon_core.environment:checking '/ros2_ws/install/curt_mini/bin'
[27.377s] INFO:colcon.colcon_core.shell:Creating package script '/ros2_ws/install/curt_mini/share/curt_mini/package.ps1'
[27.378s] INFO:colcon.colcon_core.shell:Creating package descriptor '/ros2_ws/install/curt_mini/share/curt_mini/package.dsv'
[27.379s] INFO:colcon.colcon_core.shell:Creating package script '/ros2_ws/install/curt_mini/share/curt_mini/package.sh'
[27.380s] INFO:colcon.colcon_core.shell:Creating package script '/ros2_ws/install/curt_mini/share/curt_mini/package.bash'
[27.381s] INFO:colcon.colcon_core.shell:Creating package script '/ros2_ws/install/curt_mini/share/curt_mini/package.zsh'
[27.382s] Level 1:colcon.colcon_core.environment:create_file_with_runtime_dependencies(/ros2_ws/install/curt_mini/share/colcon-core/packages/curt_mini)
[27.384s] Level 1:colcon.colcon_core.environment:create_environment_scripts_only(curt_mini)
[27.384s] Level 1:colcon.colcon_core.environment:checking '/ros2_ws/install/curt_mini' for CMake module files
[27.386s] Level 1:colcon.colcon_core.environment:checking '/ros2_ws/install/curt_mini' for CMake config files
[27.387s] Level 1:colcon.colcon_core.shell:create_environment_hook('curt_mini', 'cmake_prefix_path')
[27.387s] INFO:colcon.colcon_core.shell:Creating environment hook '/ros2_ws/install/curt_mini/share/curt_mini/hook/cmake_prefix_path.ps1'
[27.388s] INFO:colcon.colcon_core.shell:Creating environment descriptor '/ros2_ws/install/curt_mini/share/curt_mini/hook/cmake_prefix_path.dsv'
[27.389s] INFO:colcon.colcon_core.shell:Creating environment hook '/ros2_ws/install/curt_mini/share/curt_mini/hook/cmake_prefix_path.sh'
[27.391s] Level 1:colcon.colcon_core.environment:checking '/ros2_ws/install/curt_mini/bin'
[27.391s] Level 1:colcon.colcon_core.environment:checking '/ros2_ws/install/curt_mini/lib/pkgconfig/curt_mini.pc'
[27.391s] Level 1:colcon.colcon_core.environment:checking '/ros2_ws/install/curt_mini/lib/python3.12/site-packages'
[27.393s] Level 1:colcon.colcon_core.environment:checking '/ros2_ws/install/curt_mini/bin'
[27.393s] INFO:colcon.colcon_core.shell:Creating package script '/ros2_ws/install/curt_mini/share/curt_mini/package.ps1'
[27.395s] INFO:colcon.colcon_core.shell:Creating package descriptor '/ros2_ws/install/curt_mini/share/curt_mini/package.dsv'
[27.396s] INFO:colcon.colcon_core.shell:Creating package script '/ros2_ws/install/curt_mini/share/curt_mini/package.sh'
[27.397s] INFO:colcon.colcon_core.shell:Creating package script '/ros2_ws/install/curt_mini/share/curt_mini/package.bash'
[27.398s] INFO:colcon.colcon_core.shell:Creating package script '/ros2_ws/install/curt_mini/share/curt_mini/package.zsh'
[27.399s] Level 1:colcon.colcon_core.environment:create_file_with_runtime_dependencies(/ros2_ws/install/curt_mini/share/colcon-core/packages/curt_mini)
[27.400s] DEBUG:colcon.colcon_parallel_executor.executor.parallel:closing loop
[27.401s] DEBUG:colcon.colcon_parallel_executor.executor.parallel:loop closed
[27.401s] DEBUG:colcon.colcon_parallel_executor.executor.parallel:run_until_complete finished with '0'
[27.401s] DEBUG:colcon.colcon_core.event_reactor:joining thread
[27.426s] INFO:colcon.colcon_core.plugin_system:Skipping extension 'colcon_notification.desktop_notification.notify_send': Could not find 'notify-send'
[27.426s] INFO:colcon.colcon_core.plugin_system:Skipping extension 'colcon_notification.desktop_notification.terminal_notifier': Not used on non-Darwin systems
[27.427s] INFO:colcon.colcon_core.plugin_system:Skipping extension 'colcon_notification.desktop_notification.win32': Not used on non-Windows systems
[27.427s] INFO:colcon.colcon_notification.desktop_notification:Sending desktop notification using 'notify2'
[27.427s] DEBUG:colcon.colcon_notification.desktop_notification.notify2:Failed to initialize notify2: org.freedesktop.DBus.Error.NotSupported: Unable to autolaunch a dbus-daemon without a $DISPLAY for X11
[27.427s] DEBUG:colcon.colcon_core.event_reactor:joined thread
[27.428s] INFO:colcon.colcon_core.shell:Creating prefix script '/ros2_ws/install/local_setup.ps1'
[27.430s] INFO:colcon.colcon_core.shell:Creating prefix util module '/ros2_ws/install/_local_setup_util_ps1.py'
[27.434s] INFO:colcon.colcon_core.shell:Creating prefix chain script '/ros2_ws/install/setup.ps1'
[27.436s] INFO:colcon.colcon_core.shell:Creating prefix script '/ros2_ws/install/local_setup.sh'
[27.438s] INFO:colcon.colcon_core.shell:Creating prefix util module '/ros2_ws/install/_local_setup_util_sh.py'
[27.440s] INFO:colcon.colcon_core.shell:Creating prefix chain script '/ros2_ws/install/setup.sh'
[27.443s] INFO:colcon.colcon_core.shell:Creating prefix script '/ros2_ws/install/local_setup.bash'
[27.444s] INFO:colcon.colcon_core.shell:Creating prefix chain script '/ros2_ws/install/setup.bash'
[27.447s] INFO:colcon.colcon_core.shell:Creating prefix script '/ros2_ws/install/local_setup.zsh'
[27.448s] INFO:colcon.colcon_core.shell:Creating prefix chain script '/ros2_ws/install/setup.zsh'
