[0.008s] Invoking command in '/ros2_ws/build/openzen_driver': CMAKE_PREFIX_PATH=${CMAKE_PREFIX_PATH}:/opt/ros/jazzy /usr/bin/cmake --build /ros2_ws/build/openzen_driver -- -j12 -l12
[0.081s] [ 19%] Built target spdlog
[0.216s] [ 95%] Built target OpenZen
[0.267s] [100%] Built target openzen_node
[0.284s] Invoked command in '/ros2_ws/build/openzen_driver' returned '0': CMAKE_PREFIX_PATH=${CMAKE_PREFIX_PATH}:/opt/ros/jazzy /usr/bin/cmake --build /ros2_ws/build/openzen_driver -- -j12 -l12
[0.298s] Invoking command in '/ros2_ws/build/openzen_driver': CMAKE_PREFIX_PATH=${CMAKE_PREFIX_PATH}:/opt/ros/jazzy /usr/bin/cmake --install /ros2_ws/build/openzen_driver
[0.308s] -- Install configuration: "Release"
[0.309s] -- Execute custom install script
[0.309s] -- Up-to-date symlink: /ros2_ws/install/openzen_driver/lib/cmake/nonstd/expected-lite-config.cmake
[0.309s] -- Up-to-date symlink: /ros2_ws/install/openzen_driver/lib/cmake/nonstd/expected-lite-config-version.cmake
[0.310s] -- Up-to-date symlink: /ros2_ws/install/openzen_driver/include/nonstd/expected.hpp
[0.310s] -- Up-to-date symlink: /ros2_ws/install/openzen_driver/lib/openzen_driver/openzen_node
[0.310s] -- Up-to-date symlink: /ros2_ws/install/openzen_driver/share/openzen_driver//launch/openzen_lpms.launch.py
[0.311s] -- Up-to-date symlink: /ros2_ws/install/openzen_driver/share/ament_index/resource_index/package_run_dependencies/openzen_driver
[0.311s] -- Up-to-date symlink: /ros2_ws/install/openzen_driver/share/ament_index/resource_index/parent_prefix_path/openzen_driver
[0.311s] -- Up-to-date symlink: /ros2_ws/install/openzen_driver/share/openzen_driver/environment/ament_prefix_path.sh
[0.311s] -- Up-to-date symlink: /ros2_ws/install/openzen_driver/share/openzen_driver/environment/ament_prefix_path.dsv
[0.311s] -- Up-to-date symlink: /ros2_ws/install/openzen_driver/share/openzen_driver/environment/path.sh
[0.312s] -- Up-to-date symlink: /ros2_ws/install/openzen_driver/share/openzen_driver/environment/path.dsv
[0.312s] -- Up-to-date symlink: /ros2_ws/install/openzen_driver/share/openzen_driver/local_setup.bash
[0.312s] -- Up-to-date symlink: /ros2_ws/install/openzen_driver/share/openzen_driver/local_setup.sh
[0.312s] -- Up-to-date symlink: /ros2_ws/install/openzen_driver/share/openzen_driver/local_setup.zsh
[0.312s] -- Up-to-date symlink: /ros2_ws/install/openzen_driver/share/openzen_driver/local_setup.dsv
[0.312s] -- Symlinking: /ros2_ws/install/openzen_driver/share/openzen_driver/package.dsv
[0.322s] -- Up-to-date symlink: /ros2_ws/install/openzen_driver/share/ament_index/resource_index/packages/openzen_driver
[0.322s] -- Up-to-date symlink: /ros2_ws/install/openzen_driver/share/openzen_driver/cmake/openzen_driverConfig.cmake
[0.322s] -- Up-to-date symlink: /ros2_ws/install/openzen_driver/share/openzen_driver/cmake/openzen_driverConfig-version.cmake
[0.322s] -- Up-to-date symlink: /ros2_ws/install/openzen_driver/share/openzen_driver/package.xml
[0.323s] -- Up-to-date: /ros2_ws/install/openzen_driver/lib/libOpenZen.so
[0.323s] -- Up-to-date: /ros2_ws/install/openzen_driver/include/OpenZen.h
[0.323s] -- Up-to-date: /ros2_ws/install/openzen_driver/include/OpenZenCAPI.h
[0.324s] -- Up-to-date: /ros2_ws/install/openzen_driver/include/ZenTypes.h
[0.324s] -- Up-to-date: /ros2_ws/install/openzen_driver/lib/cmake/OpenZen/OpenZenTargets.cmake
[0.324s] -- Up-to-date: /ros2_ws/install/openzen_driver/lib/cmake/OpenZen/OpenZenTargets-release.cmake
[0.324s] -- Up-to-date: /ros2_ws/install/openzen_driver/lib/cmake/OpenZen/OpenZenConfig.cmake
[0.324s] -- Up-to-date: /ros2_ws/install/openzen_driver/lib/cmake/OpenZen/OpenZenConfigVersion.cmake
[0.326s] Invoked command in '/ros2_ws/build/openzen_driver' returned '0': CMAKE_PREFIX_PATH=${CMAKE_PREFIX_PATH}:/opt/ros/jazzy /usr/bin/cmake --install /ros2_ws/build/openzen_driver
