[0.011s] Invoking command in '/ros2_ws/build/candle_ros2': CMAKE_PREFIX_PATH=${CMAKE_PREFIX_PATH}:/opt/ros/jazzy /usr/bin/cmake --build /ros2_ws/build/candle_ros2 -- -j12 -l12
[0.080s] [  1%] Built target candle_ros2__rosidl_generator_type_description
[0.081s] [  2%] Built target candle_ros2__rs
[0.100s] [  2%] Built target ament_cmake_python_symlink_candle_ros2
[0.113s] [  9%] Built target candle
[0.152s] [  9%] Built target candle_ros2__cpp
[0.227s] [ 32%] Built target candle_ros2__rosidl_generator_c
[0.378s] [ 41%] Built target candle_ros2__rosidl_typesupport_c
[0.385s] [ 50%] Built target candle_ros2__rosidl_typesupport_introspection_c
[0.392s] [ 58%] Built target candle_ros2__rosidl_typesupport_introspection_cpp
[0.394s] [ 66%] Built target candle_ros2__rosidl_typesupport_cpp
[0.397s] [ 75%] Built target candle_ros2__rosidl_typesupport_fastrtps_c
[0.397s] [ 84%] Built target candle_ros2__rosidl_typesupport_fastrtps_cpp
[0.422s] [ 84%] Built target candle_ros2
[0.445s] [ 85%] Built target candle_ros2__py
[0.458s] [ 87%] Built target candle_ros2_node
[0.487s] [ 95%] Built target candle_ros2__rosidl_generator_py
[0.516s] [ 99%] Built target candle_ros2_s__rosidl_typesupport_c
[0.517s] [100%] Built target candle_ros2_s__rosidl_typesupport_fastrtps_c
[0.517s] [100%] Built target candle_ros2_s__rosidl_typesupport_introspection_c
[0.579s] running egg_info
[0.595s] writing candle_ros2.egg-info/PKG-INFO
[0.596s] writing dependency_links to candle_ros2.egg-info/dependency_links.txt
[0.596s] writing top-level names to candle_ros2.egg-info/top_level.txt
[0.642s] reading manifest file 'candle_ros2.egg-info/SOURCES.txt'
[0.642s] writing manifest file 'candle_ros2.egg-info/SOURCES.txt'
[0.668s] [100%] Built target ament_cmake_python_build_candle_ros2_egg
[0.681s] Invoked command in '/ros2_ws/build/candle_ros2' returned '0': CMAKE_PREFIX_PATH=${CMAKE_PREFIX_PATH}:/opt/ros/jazzy /usr/bin/cmake --build /ros2_ws/build/candle_ros2 -- -j12 -l12
[0.690s] Invoking command in '/ros2_ws/build/candle_ros2': CMAKE_PREFIX_PATH=${CMAKE_PREFIX_PATH}:/opt/ros/jazzy /usr/bin/cmake --install /ros2_ws/build/candle_ros2
[0.699s] -- Install configuration: "Release"
[0.699s] -- Execute custom install script
[0.699s] -- Up-to-date symlink: /ros2_ws/install/candle_ros2/share/ament_index/resource_index/rosidl_interfaces/candle_ros2
[0.699s] -- Up-to-date symlink: /ros2_ws/install/candle_ros2/share/candle_ros2/msg/ImpedanceCommand.json
[0.700s] -- Up-to-date symlink: /ros2_ws/install/candle_ros2/share/candle_ros2/msg/MotionCommand.json
[0.700s] -- Up-to-date symlink: /ros2_ws/install/candle_ros2/share/candle_ros2/msg/Pid.json
[0.700s] -- Up-to-date symlink: /ros2_ws/install/candle_ros2/share/candle_ros2/msg/VelocityPidCommand.json
[0.700s] -- Up-to-date symlink: /ros2_ws/install/candle_ros2/share/candle_ros2/msg/PositionPidCommand.json
[0.701s] -- Up-to-date symlink: /ros2_ws/install/candle_ros2/share/candle_ros2/srv/AddMd80s.json
[0.701s] -- Up-to-date symlink: /ros2_ws/install/candle_ros2/share/candle_ros2/srv/GenericMd80Msg.json
[0.701s] -- Up-to-date symlink: /ros2_ws/install/candle_ros2/share/candle_ros2/srv/SetModeMd80s.json
[0.701s] -- Up-to-date symlink: /ros2_ws/install/candle_ros2/share/candle_ros2/srv/SetLimitsMd80.json
[0.702s] -- Up-to-date symlink: /ros2_ws/install/candle_ros2/include/candle_ros2/candle_ros2/msg/detail/impedance_command__functions.h
[0.702s] -- Up-to-date symlink: /ros2_ws/install/candle_ros2/include/candle_ros2/candle_ros2/msg/detail/impedance_command__struct.h
[0.703s] -- Up-to-date symlink: /ros2_ws/install/candle_ros2/include/candle_ros2/candle_ros2/msg/detail/impedance_command__type_support.h
[0.703s] -- Up-to-date symlink: /ros2_ws/install/candle_ros2/include/candle_ros2/candle_ros2/msg/detail/motion_command__functions.h
[0.703s] -- Up-to-date symlink: /ros2_ws/install/candle_ros2/include/candle_ros2/candle_ros2/msg/detail/motion_command__struct.h
[0.703s] -- Up-to-date symlink: /ros2_ws/install/candle_ros2/include/candle_ros2/candle_ros2/msg/detail/motion_command__type_support.h
[0.703s] -- Up-to-date symlink: /ros2_ws/install/candle_ros2/include/candle_ros2/candle_ros2/msg/detail/pid__functions.h
[0.703s] -- Up-to-date symlink: /ros2_ws/install/candle_ros2/include/candle_ros2/candle_ros2/msg/detail/pid__struct.h
[0.703s] -- Up-to-date symlink: /ros2_ws/install/candle_ros2/include/candle_ros2/candle_ros2/msg/detail/pid__type_support.h
[0.704s] -- Up-to-date symlink: /ros2_ws/install/candle_ros2/include/candle_ros2/candle_ros2/msg/detail/position_pid_command__functions.h
[0.704s] -- Up-to-date symlink: /ros2_ws/install/candle_ros2/include/candle_ros2/candle_ros2/msg/detail/position_pid_command__struct.h
[0.704s] -- Up-to-date symlink: /ros2_ws/install/candle_ros2/include/candle_ros2/candle_ros2/msg/detail/position_pid_command__type_support.h
[0.704s] -- Up-to-date symlink: /ros2_ws/install/candle_ros2/include/candle_ros2/candle_ros2/msg/detail/velocity_pid_command__functions.h
[0.704s] -- Up-to-date symlink: /ros2_ws/install/candle_ros2/include/candle_ros2/candle_ros2/msg/detail/velocity_pid_command__struct.h
[0.704s] -- Up-to-date symlink: /ros2_ws/install/candle_ros2/include/candle_ros2/candle_ros2/msg/detail/velocity_pid_command__type_support.h
[0.704s] -- Up-to-date symlink: /ros2_ws/install/candle_ros2/include/candle_ros2/candle_ros2/msg/impedance_command.h
[0.705s] -- Up-to-date symlink: /ros2_ws/install/candle_ros2/include/candle_ros2/candle_ros2/msg/motion_command.h
[0.705s] -- Up-to-date symlink: /ros2_ws/install/candle_ros2/include/candle_ros2/candle_ros2/msg/pid.h
[0.705s] -- Up-to-date symlink: /ros2_ws/install/candle_ros2/include/candle_ros2/candle_ros2/msg/position_pid_command.h
[0.705s] -- Up-to-date symlink: /ros2_ws/install/candle_ros2/include/candle_ros2/candle_ros2/msg/rosidl_generator_c__visibility_control.h
[0.705s] -- Up-to-date symlink: /ros2_ws/install/candle_ros2/include/candle_ros2/candle_ros2/msg/velocity_pid_command.h
[0.705s] -- Up-to-date symlink: /ros2_ws/install/candle_ros2/include/candle_ros2/candle_ros2/srv/add_md80s.h
[0.706s] -- Up-to-date symlink: /ros2_ws/install/candle_ros2/include/candle_ros2/candle_ros2/srv/detail/add_md80s__functions.h
[0.706s] -- Up-to-date symlink: /ros2_ws/install/candle_ros2/include/candle_ros2/candle_ros2/srv/detail/add_md80s__struct.h
[0.706s] -- Up-to-date symlink: /ros2_ws/install/candle_ros2/include/candle_ros2/candle_ros2/srv/detail/add_md80s__type_support.h
[0.706s] -- Up-to-date symlink: /ros2_ws/install/candle_ros2/include/candle_ros2/candle_ros2/srv/detail/generic_md80_msg__functions.h
[0.706s] -- Up-to-date symlink: /ros2_ws/install/candle_ros2/include/candle_ros2/candle_ros2/srv/detail/generic_md80_msg__struct.h
[0.706s] -- Up-to-date symlink: /ros2_ws/install/candle_ros2/include/candle_ros2/candle_ros2/srv/detail/generic_md80_msg__type_support.h
[0.706s] -- Up-to-date symlink: /ros2_ws/install/candle_ros2/include/candle_ros2/candle_ros2/srv/detail/set_limits_md80__functions.h
[0.707s] -- Up-to-date symlink: /ros2_ws/install/candle_ros2/include/candle_ros2/candle_ros2/srv/detail/set_limits_md80__struct.h
[0.707s] -- Up-to-date symlink: /ros2_ws/install/candle_ros2/include/candle_ros2/candle_ros2/srv/detail/set_limits_md80__type_support.h
[0.707s] -- Up-to-date symlink: /ros2_ws/install/candle_ros2/include/candle_ros2/candle_ros2/srv/detail/set_mode_md80s__functions.h
[0.707s] -- Up-to-date symlink: /ros2_ws/install/candle_ros2/include/candle_ros2/candle_ros2/srv/detail/set_mode_md80s__struct.h
[0.707s] -- Up-to-date symlink: /ros2_ws/install/candle_ros2/include/candle_ros2/candle_ros2/srv/detail/set_mode_md80s__type_support.h
[0.707s] -- Up-to-date symlink: /ros2_ws/install/candle_ros2/include/candle_ros2/candle_ros2/srv/generic_md80_msg.h
[0.707s] -- Up-to-date symlink: /ros2_ws/install/candle_ros2/include/candle_ros2/candle_ros2/srv/set_limits_md80.h
[0.707s] -- Up-to-date symlink: /ros2_ws/install/candle_ros2/include/candle_ros2/candle_ros2/srv/set_mode_md80s.h
[0.708s] -- Up-to-date symlink: /ros2_ws/install/candle_ros2/share/candle_ros2/environment/library_path.sh
[0.708s] -- Up-to-date symlink: /ros2_ws/install/candle_ros2/share/candle_ros2/environment/library_path.dsv
[0.709s] -- Up-to-date symlink: /ros2_ws/install/candle_ros2/include/candle_ros2/candle_ros2/msg/detail/impedance_command__rosidl_typesupport_fastrtps_c.h
[0.709s] -- Up-to-date symlink: /ros2_ws/install/candle_ros2/include/candle_ros2/candle_ros2/msg/detail/motion_command__rosidl_typesupport_fastrtps_c.h
[0.710s] -- Up-to-date symlink: /ros2_ws/install/candle_ros2/include/candle_ros2/candle_ros2/msg/detail/pid__rosidl_typesupport_fastrtps_c.h
[0.710s] -- Up-to-date symlink: /ros2_ws/install/candle_ros2/include/candle_ros2/candle_ros2/msg/detail/position_pid_command__rosidl_typesupport_fastrtps_c.h
[0.710s] -- Up-to-date symlink: /ros2_ws/install/candle_ros2/include/candle_ros2/candle_ros2/msg/detail/velocity_pid_command__rosidl_typesupport_fastrtps_c.h
[0.710s] -- Up-to-date symlink: /ros2_ws/install/candle_ros2/include/candle_ros2/candle_ros2/msg/rosidl_typesupport_fastrtps_c__visibility_control.h
[0.711s] -- Up-to-date symlink: /ros2_ws/install/candle_ros2/include/candle_ros2/candle_ros2/srv/detail/add_md80s__rosidl_typesupport_fastrtps_c.h
[0.711s] -- Up-to-date symlink: /ros2_ws/install/candle_ros2/include/candle_ros2/candle_ros2/srv/detail/generic_md80_msg__rosidl_typesupport_fastrtps_c.h
[0.711s] -- Up-to-date symlink: /ros2_ws/install/candle_ros2/include/candle_ros2/candle_ros2/srv/detail/set_limits_md80__rosidl_typesupport_fastrtps_c.h
[0.711s] -- Up-to-date symlink: /ros2_ws/install/candle_ros2/include/candle_ros2/candle_ros2/srv/detail/set_mode_md80s__rosidl_typesupport_fastrtps_c.h
[0.713s] -- Up-to-date symlink: /ros2_ws/install/candle_ros2/include/candle_ros2/candle_ros2/msg/detail/impedance_command__builder.hpp
[0.713s] -- Up-to-date symlink: /ros2_ws/install/candle_ros2/include/candle_ros2/candle_ros2/msg/detail/impedance_command__struct.hpp
[0.713s] -- Up-to-date symlink: /ros2_ws/install/candle_ros2/include/candle_ros2/candle_ros2/msg/detail/impedance_command__traits.hpp
[0.714s] -- Up-to-date symlink: /ros2_ws/install/candle_ros2/include/candle_ros2/candle_ros2/msg/detail/impedance_command__type_support.hpp
[0.714s] -- Up-to-date symlink: /ros2_ws/install/candle_ros2/include/candle_ros2/candle_ros2/msg/detail/motion_command__builder.hpp
[0.714s] -- Up-to-date symlink: /ros2_ws/install/candle_ros2/include/candle_ros2/candle_ros2/msg/detail/motion_command__struct.hpp
[0.714s] -- Up-to-date symlink: /ros2_ws/install/candle_ros2/include/candle_ros2/candle_ros2/msg/detail/motion_command__traits.hpp
[0.715s] -- Up-to-date symlink: /ros2_ws/install/candle_ros2/include/candle_ros2/candle_ros2/msg/detail/motion_command__type_support.hpp
[0.715s] -- Up-to-date symlink: /ros2_ws/install/candle_ros2/include/candle_ros2/candle_ros2/msg/detail/pid__builder.hpp
[0.715s] -- Up-to-date symlink: /ros2_ws/install/candle_ros2/include/candle_ros2/candle_ros2/msg/detail/pid__struct.hpp
[0.716s] -- Up-to-date symlink: /ros2_ws/install/candle_ros2/include/candle_ros2/candle_ros2/msg/detail/pid__traits.hpp
[0.716s] -- Up-to-date symlink: /ros2_ws/install/candle_ros2/include/candle_ros2/candle_ros2/msg/detail/pid__type_support.hpp
[0.716s] -- Up-to-date symlink: /ros2_ws/install/candle_ros2/include/candle_ros2/candle_ros2/msg/detail/position_pid_command__builder.hpp
[0.716s] -- Up-to-date symlink: /ros2_ws/install/candle_ros2/include/candle_ros2/candle_ros2/msg/detail/position_pid_command__struct.hpp
[0.717s] -- Up-to-date symlink: /ros2_ws/install/candle_ros2/include/candle_ros2/candle_ros2/msg/detail/position_pid_command__traits.hpp
[0.717s] -- Up-to-date symlink: /ros2_ws/install/candle_ros2/include/candle_ros2/candle_ros2/msg/detail/position_pid_command__type_support.hpp
[0.717s] -- Up-to-date symlink: /ros2_ws/install/candle_ros2/include/candle_ros2/candle_ros2/msg/detail/velocity_pid_command__builder.hpp
[0.717s] -- Up-to-date symlink: /ros2_ws/install/candle_ros2/include/candle_ros2/candle_ros2/msg/detail/velocity_pid_command__struct.hpp
[0.718s] -- Up-to-date symlink: /ros2_ws/install/candle_ros2/include/candle_ros2/candle_ros2/msg/detail/velocity_pid_command__traits.hpp
[0.718s] -- Up-to-date symlink: /ros2_ws/install/candle_ros2/include/candle_ros2/candle_ros2/msg/detail/velocity_pid_command__type_support.hpp
[0.718s] -- Up-to-date symlink: /ros2_ws/install/candle_ros2/include/candle_ros2/candle_ros2/msg/impedance_command.hpp
[0.718s] -- Up-to-date symlink: /ros2_ws/install/candle_ros2/include/candle_ros2/candle_ros2/msg/motion_command.hpp
[0.719s] -- Up-to-date symlink: /ros2_ws/install/candle_ros2/include/candle_ros2/candle_ros2/msg/pid.hpp
[0.719s] -- Up-to-date symlink: /ros2_ws/install/candle_ros2/include/candle_ros2/candle_ros2/msg/position_pid_command.hpp
[0.719s] -- Up-to-date symlink: /ros2_ws/install/candle_ros2/include/candle_ros2/candle_ros2/msg/rosidl_generator_cpp__visibility_control.hpp
[0.720s] -- Up-to-date symlink: /ros2_ws/install/candle_ros2/include/candle_ros2/candle_ros2/msg/velocity_pid_command.hpp
[0.720s] -- Up-to-date symlink: /ros2_ws/install/candle_ros2/include/candle_ros2/candle_ros2/srv/add_md80s.hpp
[0.720s] -- Up-to-date symlink: /ros2_ws/install/candle_ros2/include/candle_ros2/candle_ros2/srv/detail/add_md80s__builder.hpp
[0.720s] -- Up-to-date symlink: /ros2_ws/install/candle_ros2/include/candle_ros2/candle_ros2/srv/detail/add_md80s__struct.hpp
[0.721s] -- Up-to-date symlink: /ros2_ws/install/candle_ros2/include/candle_ros2/candle_ros2/srv/detail/add_md80s__traits.hpp
[0.721s] -- Up-to-date symlink: /ros2_ws/install/candle_ros2/include/candle_ros2/candle_ros2/srv/detail/add_md80s__type_support.hpp
[0.721s] -- Up-to-date symlink: /ros2_ws/install/candle_ros2/include/candle_ros2/candle_ros2/srv/detail/generic_md80_msg__builder.hpp
[0.722s] -- Up-to-date symlink: /ros2_ws/install/candle_ros2/include/candle_ros2/candle_ros2/srv/detail/generic_md80_msg__struct.hpp
[0.722s] -- Up-to-date symlink: /ros2_ws/install/candle_ros2/include/candle_ros2/candle_ros2/srv/detail/generic_md80_msg__traits.hpp
[0.722s] -- Up-to-date symlink: /ros2_ws/install/candle_ros2/include/candle_ros2/candle_ros2/srv/detail/generic_md80_msg__type_support.hpp
[0.722s] -- Up-to-date symlink: /ros2_ws/install/candle_ros2/include/candle_ros2/candle_ros2/srv/detail/set_limits_md80__builder.hpp
[0.723s] -- Up-to-date symlink: /ros2_ws/install/candle_ros2/include/candle_ros2/candle_ros2/srv/detail/set_limits_md80__struct.hpp
[0.723s] -- Up-to-date symlink: /ros2_ws/install/candle_ros2/include/candle_ros2/candle_ros2/srv/detail/set_limits_md80__traits.hpp
[0.723s] -- Up-to-date symlink: /ros2_ws/install/candle_ros2/include/candle_ros2/candle_ros2/srv/detail/set_limits_md80__type_support.hpp
[0.724s] -- Up-to-date symlink: /ros2_ws/install/candle_ros2/include/candle_ros2/candle_ros2/srv/detail/set_mode_md80s__builder.hpp
[0.724s] -- Up-to-date symlink: /ros2_ws/install/candle_ros2/include/candle_ros2/candle_ros2/srv/detail/set_mode_md80s__struct.hpp
[0.724s] -- Up-to-date symlink: /ros2_ws/install/candle_ros2/include/candle_ros2/candle_ros2/srv/detail/set_mode_md80s__traits.hpp
[0.725s] -- Up-to-date symlink: /ros2_ws/install/candle_ros2/include/candle_ros2/candle_ros2/srv/detail/set_mode_md80s__type_support.hpp
[0.725s] -- Up-to-date symlink: /ros2_ws/install/candle_ros2/include/candle_ros2/candle_ros2/srv/generic_md80_msg.hpp
[0.725s] -- Up-to-date symlink: /ros2_ws/install/candle_ros2/include/candle_ros2/candle_ros2/srv/set_limits_md80.hpp
[0.725s] -- Up-to-date symlink: /ros2_ws/install/candle_ros2/include/candle_ros2/candle_ros2/srv/set_mode_md80s.hpp
[0.727s] -- Up-to-date symlink: /ros2_ws/install/candle_ros2/include/candle_ros2/candle_ros2/msg/detail/impedance_command__rosidl_typesupport_fastrtps_cpp.hpp
[0.728s] -- Up-to-date symlink: /ros2_ws/install/candle_ros2/include/candle_ros2/candle_ros2/msg/detail/motion_command__rosidl_typesupport_fastrtps_cpp.hpp
[0.728s] -- Up-to-date symlink: /ros2_ws/install/candle_ros2/include/candle_ros2/candle_ros2/msg/detail/pid__rosidl_typesupport_fastrtps_cpp.hpp
[0.728s] -- Up-to-date symlink: /ros2_ws/install/candle_ros2/include/candle_ros2/candle_ros2/msg/detail/position_pid_command__rosidl_typesupport_fastrtps_cpp.hpp
[0.729s] -- Up-to-date symlink: /ros2_ws/install/candle_ros2/include/candle_ros2/candle_ros2/msg/detail/velocity_pid_command__rosidl_typesupport_fastrtps_cpp.hpp
[0.729s] -- Up-to-date symlink: /ros2_ws/install/candle_ros2/include/candle_ros2/candle_ros2/msg/rosidl_typesupport_fastrtps_cpp__visibility_control.h
[0.729s] -- Up-to-date symlink: /ros2_ws/install/candle_ros2/include/candle_ros2/candle_ros2/srv/detail/add_md80s__rosidl_typesupport_fastrtps_cpp.hpp
[0.730s] -- Up-to-date symlink: /ros2_ws/install/candle_ros2/include/candle_ros2/candle_ros2/srv/detail/generic_md80_msg__rosidl_typesupport_fastrtps_cpp.hpp
[0.730s] -- Up-to-date symlink: /ros2_ws/install/candle_ros2/include/candle_ros2/candle_ros2/srv/detail/set_limits_md80__rosidl_typesupport_fastrtps_cpp.hpp
[0.730s] -- Up-to-date symlink: /ros2_ws/install/candle_ros2/include/candle_ros2/candle_ros2/srv/detail/set_mode_md80s__rosidl_typesupport_fastrtps_cpp.hpp
[0.731s] -- Up-to-date symlink: /ros2_ws/install/candle_ros2/include/candle_ros2/candle_ros2/msg/detail/impedance_command__rosidl_typesupport_introspection_c.h
[0.732s] -- Up-to-date symlink: /ros2_ws/install/candle_ros2/include/candle_ros2/candle_ros2/msg/detail/motion_command__rosidl_typesupport_introspection_c.h
[0.732s] -- Up-to-date symlink: /ros2_ws/install/candle_ros2/include/candle_ros2/candle_ros2/msg/detail/pid__rosidl_typesupport_introspection_c.h
[0.733s] -- Up-to-date symlink: /ros2_ws/install/candle_ros2/include/candle_ros2/candle_ros2/msg/detail/position_pid_command__rosidl_typesupport_introspection_c.h
[0.733s] -- Up-to-date symlink: /ros2_ws/install/candle_ros2/include/candle_ros2/candle_ros2/msg/detail/velocity_pid_command__rosidl_typesupport_introspection_c.h
[0.733s] -- Up-to-date symlink: /ros2_ws/install/candle_ros2/include/candle_ros2/candle_ros2/msg/rosidl_typesupport_introspection_c__visibility_control.h
[0.734s] -- Up-to-date symlink: /ros2_ws/install/candle_ros2/include/candle_ros2/candle_ros2/srv/detail/add_md80s__rosidl_typesupport_introspection_c.h
[0.734s] -- Up-to-date symlink: /ros2_ws/install/candle_ros2/include/candle_ros2/candle_ros2/srv/detail/generic_md80_msg__rosidl_typesupport_introspection_c.h
[0.734s] -- Up-to-date symlink: /ros2_ws/install/candle_ros2/include/candle_ros2/candle_ros2/srv/detail/set_limits_md80__rosidl_typesupport_introspection_c.h
[0.735s] -- Up-to-date symlink: /ros2_ws/install/candle_ros2/include/candle_ros2/candle_ros2/srv/detail/set_mode_md80s__rosidl_typesupport_introspection_c.h
[0.736s] -- Up-to-date symlink: /ros2_ws/install/candle_ros2/include/candle_ros2/candle_ros2/msg/detail/impedance_command__rosidl_typesupport_introspection_cpp.hpp
[0.736s] -- Up-to-date symlink: /ros2_ws/install/candle_ros2/include/candle_ros2/candle_ros2/msg/detail/motion_command__rosidl_typesupport_introspection_cpp.hpp
[0.737s] -- Up-to-date symlink: /ros2_ws/install/candle_ros2/include/candle_ros2/candle_ros2/msg/detail/pid__rosidl_typesupport_introspection_cpp.hpp
[0.737s] -- Up-to-date symlink: /ros2_ws/install/candle_ros2/include/candle_ros2/candle_ros2/msg/detail/position_pid_command__rosidl_typesupport_introspection_cpp.hpp
[0.737s] -- Up-to-date symlink: /ros2_ws/install/candle_ros2/include/candle_ros2/candle_ros2/msg/detail/velocity_pid_command__rosidl_typesupport_introspection_cpp.hpp
[0.738s] -- Up-to-date symlink: /ros2_ws/install/candle_ros2/include/candle_ros2/candle_ros2/srv/detail/add_md80s__rosidl_typesupport_introspection_cpp.hpp
[0.738s] -- Up-to-date symlink: /ros2_ws/install/candle_ros2/include/candle_ros2/candle_ros2/srv/detail/generic_md80_msg__rosidl_typesupport_introspection_cpp.hpp
[0.738s] -- Up-to-date symlink: /ros2_ws/install/candle_ros2/include/candle_ros2/candle_ros2/srv/detail/set_limits_md80__rosidl_typesupport_introspection_cpp.hpp
[0.739s] -- Up-to-date symlink: /ros2_ws/install/candle_ros2/include/candle_ros2/candle_ros2/srv/detail/set_mode_md80s__rosidl_typesupport_introspection_cpp.hpp
[0.739s] -- Up-to-date symlink: /ros2_ws/install/candle_ros2/share/candle_ros2/environment/pythonpath.sh
[0.740s] -- Up-to-date symlink: /ros2_ws/install/candle_ros2/share/candle_ros2/environment/pythonpath.dsv
[0.741s] -- Up-to-date symlink: /ros2_ws/install/candle_ros2/lib/python3.12/site-packages/candle_ros2-1.2.0-py3.12.egg-info/PKG-INFO
[0.741s] -- Up-to-date symlink: /ros2_ws/install/candle_ros2/lib/python3.12/site-packages/candle_ros2-1.2.0-py3.12.egg-info/SOURCES.txt
[0.742s] -- Up-to-date symlink: /ros2_ws/install/candle_ros2/lib/python3.12/site-packages/candle_ros2-1.2.0-py3.12.egg-info/dependency_links.txt
[0.742s] -- Up-to-date symlink: /ros2_ws/install/candle_ros2/lib/python3.12/site-packages/candle_ros2-1.2.0-py3.12.egg-info/top_level.txt
[0.744s] -- Up-to-date symlink: /ros2_ws/install/candle_ros2/lib/python3.12/site-packages/candle_ros2/__init__.py
[0.745s] -- Up-to-date symlink: /ros2_ws/install/candle_ros2/lib/python3.12/site-packages/candle_ros2/_candle_ros2_s.ep.rosidl_typesupport_c.c
[0.745s] -- Up-to-date symlink: /ros2_ws/install/candle_ros2/lib/python3.12/site-packages/candle_ros2/_candle_ros2_s.ep.rosidl_typesupport_fastrtps_c.c
[0.746s] -- Up-to-date symlink: /ros2_ws/install/candle_ros2/lib/python3.12/site-packages/candle_ros2/_candle_ros2_s.ep.rosidl_typesupport_introspection_c.c
[0.746s] -- Up-to-date symlink: /ros2_ws/install/candle_ros2/lib/python3.12/site-packages/candle_ros2/candle_ros2_s__rosidl_typesupport_c.so
[0.746s] -- Up-to-date symlink: /ros2_ws/install/candle_ros2/lib/python3.12/site-packages/candle_ros2/candle_ros2_s__rosidl_typesupport_fastrtps_c.so
[0.747s] -- Up-to-date symlink: /ros2_ws/install/candle_ros2/lib/python3.12/site-packages/candle_ros2/candle_ros2_s__rosidl_typesupport_introspection_c.so
[0.747s] -- Up-to-date symlink: /ros2_ws/install/candle_ros2/lib/python3.12/site-packages/candle_ros2/msg/__init__.py
[0.748s] -- Up-to-date symlink: /ros2_ws/install/candle_ros2/lib/python3.12/site-packages/candle_ros2/msg/_impedance_command.py
[0.748s] -- Up-to-date symlink: /ros2_ws/install/candle_ros2/lib/python3.12/site-packages/candle_ros2/msg/_impedance_command_s.c
[0.748s] -- Up-to-date symlink: /ros2_ws/install/candle_ros2/lib/python3.12/site-packages/candle_ros2/msg/_motion_command.py
[0.748s] -- Up-to-date symlink: /ros2_ws/install/candle_ros2/lib/python3.12/site-packages/candle_ros2/msg/_motion_command_s.c
[0.749s] -- Up-to-date symlink: /ros2_ws/install/candle_ros2/lib/python3.12/site-packages/candle_ros2/msg/_pid.py
[0.749s] -- Up-to-date symlink: /ros2_ws/install/candle_ros2/lib/python3.12/site-packages/candle_ros2/msg/_pid_s.c
[0.749s] -- Up-to-date symlink: /ros2_ws/install/candle_ros2/lib/python3.12/site-packages/candle_ros2/msg/_position_pid_command.py
[0.750s] -- Up-to-date symlink: /ros2_ws/install/candle_ros2/lib/python3.12/site-packages/candle_ros2/msg/_position_pid_command_s.c
[0.750s] -- Up-to-date symlink: /ros2_ws/install/candle_ros2/lib/python3.12/site-packages/candle_ros2/msg/_velocity_pid_command.py
[0.750s] -- Up-to-date symlink: /ros2_ws/install/candle_ros2/lib/python3.12/site-packages/candle_ros2/msg/_velocity_pid_command_s.c
[0.750s] -- Up-to-date symlink: /ros2_ws/install/candle_ros2/lib/python3.12/site-packages/candle_ros2/srv/__init__.py
[0.751s] -- Up-to-date symlink: /ros2_ws/install/candle_ros2/lib/python3.12/site-packages/candle_ros2/srv/_add_md80s.py
[0.751s] -- Up-to-date symlink: /ros2_ws/install/candle_ros2/lib/python3.12/site-packages/candle_ros2/srv/_add_md80s_s.c
[0.751s] -- Up-to-date symlink: /ros2_ws/install/candle_ros2/lib/python3.12/site-packages/candle_ros2/srv/_generic_md80_msg.py
[0.751s] -- Up-to-date symlink: /ros2_ws/install/candle_ros2/lib/python3.12/site-packages/candle_ros2/srv/_generic_md80_msg_s.c
[0.751s] -- Up-to-date symlink: /ros2_ws/install/candle_ros2/lib/python3.12/site-packages/candle_ros2/srv/_set_limits_md80.py
[0.752s] -- Up-to-date symlink: /ros2_ws/install/candle_ros2/lib/python3.12/site-packages/candle_ros2/srv/_set_limits_md80_s.c
[0.752s] -- Up-to-date symlink: /ros2_ws/install/candle_ros2/lib/python3.12/site-packages/candle_ros2/srv/_set_mode_md80s.py
[0.752s] -- Up-to-date symlink: /ros2_ws/install/candle_ros2/lib/python3.12/site-packages/candle_ros2/srv/_set_mode_md80s_s.c
[0.752s] -- Up-to-date symlink: /ros2_ws/install/candle_ros2/lib/python3.12/site-packages/candle_ros2/candle_ros2_s__rosidl_typesupport_fastrtps_c.so
[0.753s] -- Up-to-date symlink: /ros2_ws/install/candle_ros2/lib/python3.12/site-packages/candle_ros2/candle_ros2_s__rosidl_typesupport_introspection_c.so
[0.753s] -- Up-to-date symlink: /ros2_ws/install/candle_ros2/lib/python3.12/site-packages/candle_ros2/candle_ros2_s__rosidl_typesupport_c.so
[0.753s] -- Up-to-date symlink: /ros2_ws/install/candle_ros2/share/ament_index/resource_index/rust_packages/candle_ros2
[0.754s] -- Up-to-date symlink: /ros2_ws/install/candle_ros2/share/candle_ros2/rust/Cargo.toml
[0.755s] -- Up-to-date symlink: /ros2_ws/install/candle_ros2/share/candle_ros2/rust/build.rs
[0.755s] -- Up-to-date symlink: /ros2_ws/install/candle_ros2/share/candle_ros2/rust/src/lib.rs
[0.756s] -- Up-to-date symlink: /ros2_ws/install/candle_ros2/share/candle_ros2/rust/src/msg.rs
[0.756s] -- Up-to-date symlink: /ros2_ws/install/candle_ros2/share/candle_ros2/rust/src/msg/rmw.rs
[0.756s] -- Up-to-date symlink: /ros2_ws/install/candle_ros2/share/candle_ros2/rust/src/srv.rs
[0.757s] -- Up-to-date symlink: /ros2_ws/install/candle_ros2/share/candle_ros2/rust/src/srv/rmw.rs
[0.758s] -- Up-to-date symlink: /ros2_ws/install/candle_ros2/share/candle_ros2/msg/ImpedanceCommand.idl
[0.758s] -- Up-to-date symlink: /ros2_ws/install/candle_ros2/share/candle_ros2/msg/MotionCommand.idl
[0.758s] -- Up-to-date symlink: /ros2_ws/install/candle_ros2/share/candle_ros2/msg/Pid.idl
[0.759s] -- Up-to-date symlink: /ros2_ws/install/candle_ros2/share/candle_ros2/msg/VelocityPidCommand.idl
[0.759s] -- Up-to-date symlink: /ros2_ws/install/candle_ros2/share/candle_ros2/msg/PositionPidCommand.idl
[0.760s] -- Up-to-date symlink: /ros2_ws/install/candle_ros2/share/candle_ros2/srv/AddMd80s.idl
[0.760s] -- Up-to-date symlink: /ros2_ws/install/candle_ros2/share/candle_ros2/srv/GenericMd80Msg.idl
[0.760s] -- Up-to-date symlink: /ros2_ws/install/candle_ros2/share/candle_ros2/srv/SetModeMd80s.idl
[0.761s] -- Up-to-date symlink: /ros2_ws/install/candle_ros2/share/candle_ros2/srv/SetLimitsMd80.idl
[0.762s] -- Up-to-date symlink: /ros2_ws/install/candle_ros2/share/candle_ros2/msg/ImpedanceCommand.msg
[0.763s] -- Up-to-date symlink: /ros2_ws/install/candle_ros2/share/candle_ros2/msg/MotionCommand.msg
[0.763s] -- Up-to-date symlink: /ros2_ws/install/candle_ros2/share/candle_ros2/msg/Pid.msg
[0.764s] -- Up-to-date symlink: /ros2_ws/install/candle_ros2/share/candle_ros2/msg/VelocityPidCommand.msg
[0.764s] -- Up-to-date symlink: /ros2_ws/install/candle_ros2/share/candle_ros2/msg/PositionPidCommand.msg
[0.765s] -- Up-to-date symlink: /ros2_ws/install/candle_ros2/share/candle_ros2/srv/AddMd80s.srv
[0.765s] -- Up-to-date symlink: /ros2_ws/install/candle_ros2/share/candle_ros2/srv/GenericMd80Msg.srv
[0.766s] -- Up-to-date symlink: /ros2_ws/install/candle_ros2/share/candle_ros2/srv/SetModeMd80s.srv
[0.766s] -- Up-to-date symlink: /ros2_ws/install/candle_ros2/share/candle_ros2/srv/SetLimitsMd80.srv
[0.767s] -- Up-to-date symlink: /ros2_ws/install/candle_ros2/lib/candle_ros2/candle_ros2_node
[0.768s] -- Up-to-date symlink: /ros2_ws/install/candle_ros2/share/ament_index/resource_index/package_run_dependencies/candle_ros2
[0.768s] -- Up-to-date symlink: /ros2_ws/install/candle_ros2/share/ament_index/resource_index/parent_prefix_path/candle_ros2
[0.769s] -- Up-to-date symlink: /ros2_ws/install/candle_ros2/share/candle_ros2/environment/ament_prefix_path.sh
[0.770s] -- Up-to-date symlink: /ros2_ws/install/candle_ros2/share/candle_ros2/environment/ament_prefix_path.dsv
[0.770s] -- Up-to-date symlink: /ros2_ws/install/candle_ros2/share/candle_ros2/environment/path.sh
[0.771s] -- Up-to-date symlink: /ros2_ws/install/candle_ros2/share/candle_ros2/environment/path.dsv
[0.771s] -- Up-to-date symlink: /ros2_ws/install/candle_ros2/share/candle_ros2/local_setup.bash
[0.772s] -- Up-to-date symlink: /ros2_ws/install/candle_ros2/share/candle_ros2/local_setup.sh
[0.773s] -- Up-to-date symlink: /ros2_ws/install/candle_ros2/share/candle_ros2/local_setup.zsh
[0.773s] -- Up-to-date symlink: /ros2_ws/install/candle_ros2/share/candle_ros2/local_setup.dsv
[0.774s] -- Symlinking: /ros2_ws/install/candle_ros2/share/candle_ros2/package.dsv
[0.806s] -- Up-to-date symlink: /ros2_ws/install/candle_ros2/share/ament_index/resource_index/packages/candle_ros2
[0.806s] -- Up-to-date symlink: /ros2_ws/install/candle_ros2/share/candle_ros2/cmake/rosidl_cmake-extras.cmake
[0.807s] -- Up-to-date symlink: /ros2_ws/install/candle_ros2/share/candle_ros2/cmake/ament_cmake_export_dependencies-extras.cmake
[0.808s] -- Up-to-date symlink: /ros2_ws/install/candle_ros2/share/candle_ros2/cmake/ament_cmake_export_include_directories-extras.cmake
[0.809s] -- Up-to-date symlink: /ros2_ws/install/candle_ros2/share/candle_ros2/cmake/ament_cmake_export_libraries-extras.cmake
[0.809s] -- Up-to-date symlink: /ros2_ws/install/candle_ros2/share/candle_ros2/cmake/ament_cmake_export_targets-extras.cmake
[0.810s] -- Up-to-date symlink: /ros2_ws/install/candle_ros2/share/candle_ros2/cmake/rosidl_cmake_export_typesupport_targets-extras.cmake
[0.811s] -- Up-to-date symlink: /ros2_ws/install/candle_ros2/share/candle_ros2/cmake/rosidl_cmake_export_typesupport_libraries-extras.cmake
[0.812s] -- Up-to-date symlink: /ros2_ws/install/candle_ros2/share/candle_ros2/cmake/rosidl_cmake_aggregate_target-extras.cmake
[0.812s] -- Up-to-date symlink: /ros2_ws/install/candle_ros2/share/candle_ros2/cmake/candle_ros2Config.cmake
[0.813s] -- Up-to-date symlink: /ros2_ws/install/candle_ros2/share/candle_ros2/cmake/candle_ros2Config-version.cmake
[0.814s] -- Up-to-date symlink: /ros2_ws/install/candle_ros2/share/candle_ros2/package.xml
[0.815s] -- Up-to-date: /ros2_ws/install/candle_ros2/lib/libcandle_ros2__rosidl_generator_c.so
[0.816s] -- Up-to-date: /ros2_ws/install/candle_ros2/lib/libcandle_ros2__rosidl_typesupport_fastrtps_c.so
[0.818s] -- Up-to-date: /ros2_ws/install/candle_ros2/lib/libcandle_ros2__rosidl_typesupport_fastrtps_cpp.so
[0.819s] -- Up-to-date: /ros2_ws/install/candle_ros2/lib/libcandle_ros2__rosidl_typesupport_introspection_c.so
[0.820s] -- Up-to-date: /ros2_ws/install/candle_ros2/lib/libcandle_ros2__rosidl_typesupport_c.so
[0.821s] -- Up-to-date: /ros2_ws/install/candle_ros2/lib/libcandle_ros2__rosidl_typesupport_introspection_cpp.so
[0.823s] -- Up-to-date: /ros2_ws/install/candle_ros2/lib/libcandle_ros2__rosidl_typesupport_cpp.so
[0.962s] Listing '/ros2_ws/install/candle_ros2/lib/python3.12/site-packages/candle_ros2'...
[0.963s] Listing '/ros2_ws/install/candle_ros2/lib/python3.12/site-packages/candle_ros2/msg'...
[0.963s] Listing '/ros2_ws/install/candle_ros2/lib/python3.12/site-packages/candle_ros2/srv'...
[0.983s] -- Up-to-date: /ros2_ws/install/candle_ros2/lib/libcandle_ros2__rosidl_generator_py.so
[0.984s] -- Up-to-date: /ros2_ws/install/candle_ros2/share/candle_ros2/cmake/export_candle_ros2__rosidl_generator_cExport.cmake
[0.985s] -- Up-to-date: /ros2_ws/install/candle_ros2/share/candle_ros2/cmake/export_candle_ros2__rosidl_generator_cExport-release.cmake
[0.986s] -- Up-to-date: /ros2_ws/install/candle_ros2/share/candle_ros2/cmake/export_candle_ros2__rosidl_typesupport_fastrtps_cExport.cmake
[0.986s] -- Up-to-date: /ros2_ws/install/candle_ros2/share/candle_ros2/cmake/export_candle_ros2__rosidl_typesupport_fastrtps_cExport-release.cmake
[0.987s] -- Up-to-date: /ros2_ws/install/candle_ros2/share/candle_ros2/cmake/export_candle_ros2__rosidl_generator_cppExport.cmake
[0.988s] -- Up-to-date: /ros2_ws/install/candle_ros2/share/candle_ros2/cmake/export_candle_ros2__rosidl_typesupport_fastrtps_cppExport.cmake
[0.988s] -- Up-to-date: /ros2_ws/install/candle_ros2/share/candle_ros2/cmake/export_candle_ros2__rosidl_typesupport_fastrtps_cppExport-release.cmake
[0.988s] -- Up-to-date: /ros2_ws/install/candle_ros2/share/candle_ros2/cmake/candle_ros2__rosidl_typesupport_introspection_cExport.cmake
[0.989s] -- Up-to-date: /ros2_ws/install/candle_ros2/share/candle_ros2/cmake/candle_ros2__rosidl_typesupport_introspection_cExport-release.cmake
[0.989s] -- Up-to-date: /ros2_ws/install/candle_ros2/share/candle_ros2/cmake/candle_ros2__rosidl_typesupport_cExport.cmake
[0.989s] -- Up-to-date: /ros2_ws/install/candle_ros2/share/candle_ros2/cmake/candle_ros2__rosidl_typesupport_cExport-release.cmake
[0.990s] -- Up-to-date: /ros2_ws/install/candle_ros2/share/candle_ros2/cmake/candle_ros2__rosidl_typesupport_introspection_cppExport.cmake
[0.990s] -- Up-to-date: /ros2_ws/install/candle_ros2/share/candle_ros2/cmake/candle_ros2__rosidl_typesupport_introspection_cppExport-release.cmake
[0.990s] -- Up-to-date: /ros2_ws/install/candle_ros2/share/candle_ros2/cmake/candle_ros2__rosidl_typesupport_cppExport.cmake
[0.991s] -- Up-to-date: /ros2_ws/install/candle_ros2/share/candle_ros2/cmake/candle_ros2__rosidl_typesupport_cppExport-release.cmake
[0.991s] -- Up-to-date: /ros2_ws/install/candle_ros2/share/candle_ros2/cmake/export_candle_ros2__rosidl_generator_pyExport.cmake
[0.991s] -- Up-to-date: /ros2_ws/install/candle_ros2/share/candle_ros2/cmake/export_candle_ros2__rosidl_generator_pyExport-release.cmake
[0.997s] Invoked command in '/ros2_ws/build/candle_ros2' returned '0': CMAKE_PREFIX_PATH=${CMAKE_PREFIX_PATH}:/opt/ros/jazzy /usr/bin/cmake --install /ros2_ws/build/candle_ros2
