[0.000000] (-) TimerEvent: {}
[0.000290] (-) JobUnselected: {'identifier': 'curt_description'}
[0.000436] (-) JobUnselected: {'identifier': 'hector_recorder'}
[0.000495] (-) JobUnselected: {'identifier': 'hector_recorder_msgs'}
[0.000512] (-) JobUnselected: {'identifier': 'imu_mag_fusion'}
[0.000529] (-) JobUnselected: {'identifier': 'metavision_driver'}
[0.000542] (-) JobUnselected: {'identifier': 'ouster_ros'}
[0.000556] (-) JobUnselected: {'identifier': 'ouster_sensor_msgs'}
[0.000569] (-) JobUnselected: {'identifier': 'realsense2_camera'}
[0.000672] (-) JobUnselected: {'identifier': 'realsense2_camera_msgs'}
[0.000706] (-) JobUnselected: {'identifier': 'realsense2_description'}
[0.000755] (-) JobUnselected: {'identifier': 'realsense_camera_info_override'}
[0.000783] (-) JobUnselected: {'identifier': 'rqml_recorder'}
[0.000798] (-) JobUnselected: {'identifier': 'xsens_driver'}
[0.000853] (nmea_navsat_driver) JobQueued: {'identifier': 'nmea_navsat_driver', 'dependencies': OrderedDict()}
[0.000889] (nmea_navsat_driver) JobStarted: {'identifier': 'nmea_navsat_driver'}
[0.009316] (nmea_navsat_driver) JobProgress: {'identifier': 'nmea_navsat_driver', 'progress': 'cmake'}
[0.009824] (nmea_navsat_driver) Command: {'cmd': ['/usr/bin/cmake', '/ros2_ws/src/nmea_navsat_driver', '-DCMAKE_BUILD_TYPE=Release', '-DCATKIN_INSTALL_INTO_PREFIX_ROOT=0', '-DCATKIN_SYMLINK_INSTALL=ON', '-DCMAKE_INSTALL_PREFIX=/ros2_ws/install/nmea_navsat_driver'], 'cwd': '/ros2_ws/build/nmea_navsat_driver', 'env': OrderedDict({'HOSTNAME': 'toby-desktop', 'SHLVL': '1', 'LD_LIBRARY_PATH': '/opt/ros/jazzy/lib/x86_64-linux-gnu:/opt/ros/jazzy/lib', 'HOME': '/root', 'ROS_PYTHON_VERSION': '3', 'ROS_DISTRO': 'jazzy', '_': '/usr/bin/colcon', 'ROS_VERSION': '2', 'TERM': 'xterm', 'PATH': '/opt/ros/jazzy/bin:/usr/local/sbin:/usr/local/bin:/usr/sbin:/usr/bin:/sbin:/bin', 'LANG': 'C.UTF-8', 'RMW_IMPLEMENTATION': 'rmw_cyclonedds_cpp', 'AMENT_PREFIX_PATH': '/opt/ros/jazzy', 'DEBIAN_FRONTEND': 'noninteractive', 'ROS_AUTOMATIC_DISCOVERY_RANGE': 'SUBNET', 'PWD': '/ros2_ws/build/nmea_navsat_driver', 'LC_ALL': 'C.UTF-8', 'PYTHONPATH': '/opt/ros/jazzy/lib/python3.12/site-packages', 'COLCON': '1'}), 'shell': False}
[0.024914] (nmea_navsat_driver) StderrLine: {'line': b'\x1b[0mCMake Deprecation Warning at CMakeLists.txt:1 (cmake_minimum_required):\n'}
[0.025101] (nmea_navsat_driver) StderrLine: {'line': b'  Compatibility with CMake < 3.5 will be removed from a future version of\n'}
[0.025184] (nmea_navsat_driver) StderrLine: {'line': b'  CMake.\n'}
[0.025256] (nmea_navsat_driver) StderrLine: {'line': b'\n'}
[0.025327] (nmea_navsat_driver) StderrLine: {'line': b'  Update the VERSION argument <min> value or use a ...<max> suffix to tell\n'}
[0.025396] (nmea_navsat_driver) StderrLine: {'line': b'  CMake that the project does not need compatibility with older versions.\n'}
[0.025466] (nmea_navsat_driver) StderrLine: {'line': b'\n'}
[0.025557] (nmea_navsat_driver) StderrLine: {'line': b'\x1b[0m\n'}
[0.077776] (nmea_navsat_driver) StdoutLine: {'line': b'-- The C compiler identification is GNU 13.3.0\n'}
[0.099711] (-) TimerEvent: {}
[0.135763] (nmea_navsat_driver) StdoutLine: {'line': b'-- The CXX compiler identification is GNU 13.3.0\n'}
[0.150305] (nmea_navsat_driver) StdoutLine: {'line': b'-- Detecting C compiler ABI info\n'}
[0.199837] (-) TimerEvent: {}
[0.229518] (nmea_navsat_driver) StdoutLine: {'line': b'-- Detecting C compiler ABI info - done\n'}
[0.239867] (nmea_navsat_driver) StdoutLine: {'line': b'-- Check for working C compiler: /usr/bin/cc - skipped\n'}
[0.240145] (nmea_navsat_driver) StdoutLine: {'line': b'-- Detecting C compile features\n'}
[0.240843] (nmea_navsat_driver) StdoutLine: {'line': b'-- Detecting C compile features - done\n'}
[0.249467] (nmea_navsat_driver) StdoutLine: {'line': b'-- Detecting CXX compiler ABI info\n'}
[0.299926] (-) TimerEvent: {}
[0.338626] (nmea_navsat_driver) StdoutLine: {'line': b'-- Detecting CXX compiler ABI info - done\n'}
[0.351216] (nmea_navsat_driver) StdoutLine: {'line': b'-- Check for working CXX compiler: /usr/bin/c++ - skipped\n'}
[0.351587] (nmea_navsat_driver) StdoutLine: {'line': b'-- Detecting CXX compile features\n'}
[0.352216] (nmea_navsat_driver) StdoutLine: {'line': b'-- Detecting CXX compile features - done\n'}
[0.357341] (nmea_navsat_driver) StderrLine: {'line': b'\x1b[31mCMake Error at CMakeLists.txt:5 (find_package):\n'}
[0.357508] (nmea_navsat_driver) StderrLine: {'line': b'  By not providing "Findcatkin.cmake" in CMAKE_MODULE_PATH this project has\n'}
[0.357604] (nmea_navsat_driver) StderrLine: {'line': b'  asked CMake to find a package configuration file provided by "catkin", but\n'}
[0.357696] (nmea_navsat_driver) StderrLine: {'line': b'  CMake did not find one.\n'}
[0.357781] (nmea_navsat_driver) StderrLine: {'line': b'\n'}
[0.357877] (nmea_navsat_driver) StderrLine: {'line': b'  Could not find a package configuration file provided by "catkin" with any\n'}
[0.357962] (nmea_navsat_driver) StderrLine: {'line': b'  of the following names:\n'}
[0.358044] (nmea_navsat_driver) StderrLine: {'line': b'\n'}
[0.358127] (nmea_navsat_driver) StderrLine: {'line': b'    catkinConfig.cmake\n'}
[0.358210] (nmea_navsat_driver) StderrLine: {'line': b'    catkin-config.cmake\n'}
[0.358292] (nmea_navsat_driver) StderrLine: {'line': b'\n'}
[0.358373] (nmea_navsat_driver) StderrLine: {'line': b'  Add the installation prefix of "catkin" to CMAKE_PREFIX_PATH or set\n'}
[0.358457] (nmea_navsat_driver) StderrLine: {'line': b'  "catkin_DIR" to a directory containing one of the above files.  If "catkin"\n'}
[0.358538] (nmea_navsat_driver) StderrLine: {'line': b'  provides a separate development package or SDK, be sure it has been\n'}
[0.358619] (nmea_navsat_driver) StderrLine: {'line': b'  installed.\n'}
[0.358699] (nmea_navsat_driver) StderrLine: {'line': b'\n'}
[0.358780] (nmea_navsat_driver) StderrLine: {'line': b'\x1b[0m\n'}
[0.358893] (nmea_navsat_driver) StdoutLine: {'line': b'-- Configuring incomplete, errors occurred!\n'}
[0.361398] (nmea_navsat_driver) CommandEnded: {'returncode': 1}
[0.382537] (nmea_navsat_driver) JobEnded: {'identifier': 'nmea_navsat_driver', 'rc': 1}
[0.383443] (-) EventReactorShutdown: {}
