-- The C compiler identification is GNU 13.3.0
-- The CXX compiler identification is GNU 13.3.0
-- Detecting C compiler ABI info
-- Detecting C compiler ABI info - done
-- Check for working C compiler: /usr/bin/cc - skipped
-- Detecting C compile features
-- Detecting C compile features - done
-- Detecting CXX compiler ABI info
-- Detecting CXX compiler ABI info - done
-- Check for working CXX compiler: /usr/bin/c++ - skipped
-- Detecting CXX compile features
-- Detecting CXX compile features - done
-- Found ament_cmake: 2.5.6 (/opt/ros/jazzy/share/ament_cmake/cmake)
-- Found Python3: /usr/bin/python3 (found version "3.12.3") found components: Interpreter 
-- Override CMake install command with custom implementation using symlinks instead of copying resources
-- Found rclcpp: 28.1.21 (/opt/ros/jazzy/share/rclcpp/cmake)
-- Found rosidl_generator_c: 4.6.9 (/opt/ros/jazzy/share/rosidl_generator_c/cmake)
-- Found rosidl_generator_cpp: 4.6.9 (/opt/ros/jazzy/share/rosidl_generator_cpp/cmake)
-- Using all available rosidl_typesupport_c: rosidl_typesupport_fastrtps_c;rosidl_typesupport_introspection_c
-- Using all available rosidl_typesupport_cpp: rosidl_typesupport_fastrtps_cpp;rosidl_typesupport_introspection_cpp
-- Found rmw_implementation_cmake: 7.3.3 (/opt/ros/jazzy/share/rmw_implementation_cmake/cmake)
-- Found rmw_cyclonedds_cpp: 2.2.3 (/opt/ros/jazzy/share/rmw_cyclonedds_cpp/cmake)
-- Using RMW implementation 'rmw_cyclonedds_cpp' as default
-- Found std_msgs: 5.3.8 (/opt/ros/jazzy/share/std_msgs/cmake)
-- Found sensor_msgs: 5.3.8 (/opt/ros/jazzy/share/sensor_msgs/cmake)
-- Found std_srvs: 5.3.8 (/opt/ros/jazzy/share/std_srvs/cmake)
[0mPlease install libbluetooth-dev for bluetooth support[0m
-- Project 'expected_lite', package 'expected-lite' version: '0.2.0'
[0mBinary libraries will not be downloaded[0m
-- Build spdlog: 1.14.1
-- Performing Test CMAKE_HAVE_LIBC_PTHREAD
-- Performing Test CMAKE_HAVE_LIBC_PTHREAD - Success
-- Found Threads: TRUE  
-- Build type: Release
-- Found launch_testing_ament_cmake: 3.4.11 (/opt/ros/jazzy/share/launch_testing_ament_cmake/cmake)
-- Found python_cmake_module: 0.11.1 (/opt/ros/jazzy/share/python_cmake_module/cmake)
-- Found PythonExtra: /usr/bin/python3  
-- Configuring done (4.7s)
-- Generating done (0.0s)
-- Build files have been written to: /ros2_ws/build/openzen_driver
[  4%] [32mBuilding CXX object openzen/external/spdlog/CMakeFiles/spdlog.dir/src/color_sinks.cpp.o[0m
[  4%] [32mBuilding CXX object openzen/external/spdlog/CMakeFiles/spdlog.dir/src/spdlog.cpp.o[0m
[  7%] [32mBuilding CXX object openzen/external/spdlog/CMakeFiles/spdlog.dir/src/bundled_fmtlib_format.cpp.o[0m
[  9%] [32mBuilding CXX object openzen/external/spdlog/CMakeFiles/spdlog.dir/src/file_sinks.cpp.o[0m
[ 11%] [32mBuilding CXX object openzen/external/spdlog/CMakeFiles/spdlog.dir/src/cfg.cpp.o[0m
[ 14%] [32mBuilding CXX object openzen/external/spdlog/CMakeFiles/spdlog.dir/src/stdout_sinks.cpp.o[0m
[ 16%] [32mBuilding CXX object openzen/external/spdlog/CMakeFiles/spdlog.dir/src/async.cpp.o[0m
[ 19%] [32m[1mLinking CXX static library libspdlog.a[0m
[ 19%] Built target spdlog
[ 26%] [32mBuilding CXX object openzen/CMakeFiles/OpenZen.dir/src/ISensorProperties.cpp.o[0m
[ 26%] [32mBuilding CXX object openzen/CMakeFiles/OpenZen.dir/src/Sensor.cpp.o[0m
[ 26%] [32mBuilding CXX object openzen/CMakeFiles/OpenZen.dir/src/OpenZen.cpp.o[0m
[ 28%] [32mBuilding CXX object openzen/CMakeFiles/OpenZen.dir/src/SensorClient.cpp.o[0m
[ 30%] [32mBuilding CXX object openzen/CMakeFiles/OpenZen.dir/src/SensorManager.cpp.o[0m
[ 33%] [32mBuilding CXX object openzen/CMakeFiles/OpenZen.dir/src/SensorProperties.cpp.o[0m
[ 35%] [32mBuilding CXX object openzen/CMakeFiles/OpenZen.dir/src/LpMatrix.cpp.o[0m
[ 40%] [32mBuilding CXX object openzen/CMakeFiles/OpenZen.dir/src/communication/ConnectionNegotiator.cpp.o[0m
[ 40%] [32mBuilding CXX object openzen/CMakeFiles/OpenZen.dir/bindings/OpenZenCSharp/OpenZen_wrap_csharp.cxx.o[0m
[ 42%] [32mBuilding CXX object openzen/CMakeFiles/OpenZen.dir/src/communication/Modbus.cpp.o[0m
[ 45%] [32mBuilding CXX object openzen/CMakeFiles/OpenZen.dir/src/communication/ModbusCommunicator.cpp.o[0m
[ 47%] [32mBuilding CXX object openzen/CMakeFiles/OpenZen.dir/src/communication/SyncedModbusCommunicator.cpp.o[0m
[ 50%] [32mBuilding CXX object openzen/CMakeFiles/OpenZen.dir/src/components/ComponentFactoryManager.cpp.o[0m
[ 52%] [32mBuilding CXX object openzen/CMakeFiles/OpenZen.dir/src/components/ImuComponent.cpp.o[0m
[ 54%] [32mBuilding CXX object openzen/CMakeFiles/OpenZen.dir/src/components/ImuIg1Component.cpp.o[0m
[ 57%] [32mBuilding CXX object openzen/CMakeFiles/OpenZen.dir/src/components/GnssComponent.cpp.o[0m
[ 59%] [32mBuilding CXX object openzen/CMakeFiles/OpenZen.dir/src/components/factories/ImuComponentFactory.cpp.o[0m
[ 61%] [32mBuilding CXX object openzen/CMakeFiles/OpenZen.dir/src/components/factories/GnssComponentFactory.cpp.o[0m
[ 64%] [32mBuilding CXX object openzen/CMakeFiles/OpenZen.dir/src/io/IoManager.cpp.o[0m
[ 66%] [32mBuilding CXX object openzen/CMakeFiles/OpenZen.dir/src/io/interfaces/TestSensorInterface.cpp.o[0m
[ 69%] [32mBuilding CXX object openzen/CMakeFiles/OpenZen.dir/src/io/interfaces/posix/PosixDeviceInterface.cpp.o[0m
[ 71%] [32mBuilding CXX object openzen/CMakeFiles/OpenZen.dir/src/io/systems/TestSensorSystem.cpp.o[0m
[ 73%] [32mBuilding CXX object openzen/CMakeFiles/OpenZen.dir/src/io/systems/linux/LinuxDeviceSystem.cpp.o[0m
[ 76%] [32mBuilding CXX object openzen/CMakeFiles/OpenZen.dir/src/properties/LegacyCoreProperties.cpp.o[0m
[ 78%] [32mBuilding CXX object openzen/CMakeFiles/OpenZen.dir/src/properties/Ig1CoreProperties.cpp.o[0m
[ 80%] [32mBuilding CXX object openzen/CMakeFiles/OpenZen.dir/src/properties/LegacyImuProperties.cpp.o[0m
[ 83%] [32mBuilding CXX object openzen/CMakeFiles/OpenZen.dir/src/properties/Ig1ImuProperties.cpp.o[0m
[ 85%] [32mBuilding CXX object openzen/CMakeFiles/OpenZen.dir/src/properties/Ig1GnssProperties.cpp.o[0m
[ 88%] [32mBuilding CXX object openzen/CMakeFiles/OpenZen.dir/src/utility/gnss/RTCM3NetworkSource.cpp.o[0m
[ 90%] [32mBuilding CXX object openzen/CMakeFiles/OpenZen.dir/src/utility/gnss/RTCM3SerialSource.cpp.o[0m
[ 92%] [32mBuilding CXX object openzen/CMakeFiles/OpenZen.dir/src/utility/posix/PosixDll.cpp.o[0m
[ 95%] [32m[1mLinking CXX shared library libOpenZen.so[0m
[ 95%] Built target OpenZen
[ 97%] [32mBuilding CXX object CMakeFiles/openzen_node.dir/src/OpenZenNode.cpp.o[0m
[100%] [32m[1mLinking CXX executable openzen_node[0m
[100%] Built target openzen_node
-- Install configuration: "Release"
-- Execute custom install script
-- Symlinking: /ros2_ws/install/openzen_driver/lib/cmake/nonstd/expected-lite-config.cmake
-- Symlinking: /ros2_ws/install/openzen_driver/lib/cmake/nonstd/expected-lite-config-version.cmake
-- Symlinking: /ros2_ws/install/openzen_driver/include/nonstd/expected.hpp
-- Symlinking: /ros2_ws/install/openzen_driver/lib/openzen_driver/openzen_node
-- Symlinking: /ros2_ws/install/openzen_driver/share/openzen_driver//launch/openzen_lpms.launch.py
-- Symlinking: /ros2_ws/install/openzen_driver/share/ament_index/resource_index/package_run_dependencies/openzen_driver
-- Symlinking: /ros2_ws/install/openzen_driver/share/ament_index/resource_index/parent_prefix_path/openzen_driver
-- Symlinking: /ros2_ws/install/openzen_driver/share/openzen_driver/environment/ament_prefix_path.sh
-- Symlinking: /ros2_ws/install/openzen_driver/share/openzen_driver/environment/ament_prefix_path.dsv
-- Symlinking: /ros2_ws/install/openzen_driver/share/openzen_driver/environment/path.sh
-- Symlinking: /ros2_ws/install/openzen_driver/share/openzen_driver/environment/path.dsv
-- Symlinking: /ros2_ws/install/openzen_driver/share/openzen_driver/local_setup.bash
-- Symlinking: /ros2_ws/install/openzen_driver/share/openzen_driver/local_setup.sh
-- Symlinking: /ros2_ws/install/openzen_driver/share/openzen_driver/local_setup.zsh
-- Symlinking: /ros2_ws/install/openzen_driver/share/openzen_driver/local_setup.dsv
-- Symlinking: /ros2_ws/install/openzen_driver/share/openzen_driver/package.dsv
-- Symlinking: /ros2_ws/install/openzen_driver/share/ament_index/resource_index/packages/openzen_driver
-- Symlinking: /ros2_ws/install/openzen_driver/share/openzen_driver/cmake/openzen_driverConfig.cmake
-- Symlinking: /ros2_ws/install/openzen_driver/share/openzen_driver/cmake/openzen_driverConfig-version.cmake
-- Symlinking: /ros2_ws/install/openzen_driver/share/openzen_driver/package.xml
-- Installing: /ros2_ws/install/openzen_driver/lib/libOpenZen.so
-- Installing: /ros2_ws/install/openzen_driver/include/OpenZen.h
-- Installing: /ros2_ws/install/openzen_driver/include/OpenZenCAPI.h
-- Installing: /ros2_ws/install/openzen_driver/include/ZenTypes.h
-- Installing: /ros2_ws/install/openzen_driver/lib/cmake/OpenZen/OpenZenTargets.cmake
-- Installing: /ros2_ws/install/openzen_driver/lib/cmake/OpenZen/OpenZenTargets-release.cmake
-- Installing: /ros2_ws/install/openzen_driver/lib/cmake/OpenZen/OpenZenConfig.cmake
-- Installing: /ros2_ws/install/openzen_driver/lib/cmake/OpenZen/OpenZenConfigVersion.cmake
