running develop
running egg_info
creating src/nmea_navsat_driver.egg-info
writing src/nmea_navsat_driver.egg-info/PKG-INFO
writing dependency_links to src/nmea_navsat_driver.egg-info/dependency_links.txt
writing entry points to src/nmea_navsat_driver.egg-info/entry_points.txt
writing requirements to src/nmea_navsat_driver.egg-info/requires.txt
writing top-level names to src/nmea_navsat_driver.egg-info/top_level.txt
writing manifest file 'src/nmea_navsat_driver.egg-info/SOURCES.txt'
reading manifest file 'src/nmea_navsat_driver.egg-info/SOURCES.txt'
writing manifest file 'src/nmea_navsat_driver.egg-info/SOURCES.txt'
running build_ext
Creating /ros2_ws/install/nmea_navsat_driver/lib/python3.12/site-packages/nmea-navsat-driver.egg-link (link to src)
Installing nmea_serial_driver script to /ros2_ws/install/nmea_navsat_driver/lib/nmea_navsat_driver
Installing nmea_socket_driver script to /ros2_ws/install/nmea_navsat_driver/lib/nmea_navsat_driver
Installing nmea_tcpclient_driver script to /ros2_ws/install/nmea_navsat_driver/lib/nmea_navsat_driver
Installing nmea_topic_driver script to /ros2_ws/install/nmea_navsat_driver/lib/nmea_navsat_driver
Installing nmea_topic_serial_reader script to /ros2_ws/install/nmea_navsat_driver/lib/nmea_navsat_driver

Installed /ros2_ws/build/nmea_navsat_driver/src
running symlink_data
creating /ros2_ws/install/nmea_navsat_driver/share/ament_index
creating /ros2_ws/install/nmea_navsat_driver/share/ament_index/resource_index
creating /ros2_ws/install/nmea_navsat_driver/share/ament_index/resource_index/packages
symbolically linking /ros2_ws/build/nmea_navsat_driver/resource/nmea_navsat_driver -> /ros2_ws/install/nmea_navsat_driver/share/ament_index/resource_index/packages
symbolically linking /ros2_ws/build/nmea_navsat_driver/package.xml -> /ros2_ws/install/nmea_navsat_driver/share/nmea_navsat_driver
creating /ros2_ws/install/nmea_navsat_driver/share/nmea_navsat_driver/launch
symbolically linking /ros2_ws/build/nmea_navsat_driver/launch/nmea_tcpclient_driver.launch.py -> /ros2_ws/install/nmea_navsat_driver/share/nmea_navsat_driver/launch
symbolically linking /ros2_ws/build/nmea_navsat_driver/launch/nmea_socket_driver.launch.py -> /ros2_ws/install/nmea_navsat_driver/share/nmea_navsat_driver/launch
symbolically linking /ros2_ws/build/nmea_navsat_driver/launch/nmea_serial_driver.launch.py -> /ros2_ws/install/nmea_navsat_driver/share/nmea_navsat_driver/launch
creating /ros2_ws/install/nmea_navsat_driver/share/nmea_navsat_driver/config
symbolically linking /ros2_ws/build/nmea_navsat_driver/config/nmea_socket_driver.yaml -> /ros2_ws/install/nmea_navsat_driver/share/nmea_navsat_driver/config
symbolically linking /ros2_ws/build/nmea_navsat_driver/config/nmea_tcpclient_driver.yaml -> /ros2_ws/install/nmea_navsat_driver/share/nmea_navsat_driver/config
symbolically linking /ros2_ws/build/nmea_navsat_driver/config/nmea_serial_driver.yaml -> /ros2_ws/install/nmea_navsat_driver/share/nmea_navsat_driver/config
