[  2%] Built target candle_ros2__rs
[  1%] Built target candle_ros2__rosidl_generator_type_description
[  9%] Built target candle
[  9%] Built target ament_cmake_python_symlink_candle_ros2
[  9%] Built target candle_ros2__cpp
[ 32%] Built target candle_ros2__rosidl_generator_c
[ 41%] Built target candle_ros2__rosidl_typesupport_c
[ 50%] Built target candle_ros2__rosidl_typesupport_introspection_c
[ 59%] Built target candle_ros2__rosidl_typesupport_fastrtps_c
[ 67%] Built target candle_ros2__rosidl_typesupport_introspection_cpp
[ 84%] Built target candle_ros2__rosidl_typesupport_fastrtps_cpp
[ 84%] Built target candle_ros2__rosidl_typesupport_cpp
[ 84%] Built target candle_ros2
[ 85%] Built target candle_ros2__py
[ 87%] Built target candle_ros2_node
[ 95%] Built target candle_ros2__rosidl_generator_py
[ 97%] Built target candle_ros2_s__rosidl_typesupport_fastrtps_c
[ 98%] Built target candle_ros2_s__rosidl_typesupport_c
[100%] Built target candle_ros2_s__rosidl_typesupport_introspection_c
running egg_info
writing candle_ros2.egg-info/PKG-INFO
writing dependency_links to candle_ros2.egg-info/dependency_links.txt
writing top-level names to candle_ros2.egg-info/top_level.txt
reading manifest file 'candle_ros2.egg-info/SOURCES.txt'
writing manifest file 'candle_ros2.egg-info/SOURCES.txt'
[100%] Built target ament_cmake_python_build_candle_ros2_egg
-- Install configuration: "Release"
-- Execute custom install script
-- Up-to-date symlink: /ros2_ws/install/candle_ros2/share/ament_index/resource_index/rosidl_interfaces/candle_ros2
-- Up-to-date symlink: /ros2_ws/install/candle_ros2/share/candle_ros2/msg/ImpedanceCommand.json
-- Up-to-date symlink: /ros2_ws/install/candle_ros2/share/candle_ros2/msg/MotionCommand.json
-- Up-to-date symlink: /ros2_ws/install/candle_ros2/share/candle_ros2/msg/Pid.json
-- Up-to-date symlink: /ros2_ws/install/candle_ros2/share/candle_ros2/msg/VelocityPidCommand.json
-- Up-to-date symlink: /ros2_ws/install/candle_ros2/share/candle_ros2/msg/PositionPidCommand.json
-- Up-to-date symlink: /ros2_ws/install/candle_ros2/share/candle_ros2/srv/AddMd80s.json
-- Up-to-date symlink: /ros2_ws/install/candle_ros2/share/candle_ros2/srv/GenericMd80Msg.json
-- Up-to-date symlink: /ros2_ws/install/candle_ros2/share/candle_ros2/srv/SetModeMd80s.json
-- Up-to-date symlink: /ros2_ws/install/candle_ros2/share/candle_ros2/srv/SetLimitsMd80.json
-- Up-to-date symlink: /ros2_ws/install/candle_ros2/include/candle_ros2/candle_ros2/msg/detail/impedance_command__functions.h
-- Up-to-date symlink: /ros2_ws/install/candle_ros2/include/candle_ros2/candle_ros2/msg/detail/impedance_command__struct.h
-- Up-to-date symlink: /ros2_ws/install/candle_ros2/include/candle_ros2/candle_ros2/msg/detail/impedance_command__type_support.h
-- Up-to-date symlink: /ros2_ws/install/candle_ros2/include/candle_ros2/candle_ros2/msg/detail/motion_command__functions.h
-- Up-to-date symlink: /ros2_ws/install/candle_ros2/include/candle_ros2/candle_ros2/msg/detail/motion_command__struct.h
-- Up-to-date symlink: /ros2_ws/install/candle_ros2/include/candle_ros2/candle_ros2/msg/detail/motion_command__type_support.h
-- Up-to-date symlink: /ros2_ws/install/candle_ros2/include/candle_ros2/candle_ros2/msg/detail/pid__functions.h
-- Up-to-date symlink: /ros2_ws/install/candle_ros2/include/candle_ros2/candle_ros2/msg/detail/pid__struct.h
-- Up-to-date symlink: /ros2_ws/install/candle_ros2/include/candle_ros2/candle_ros2/msg/detail/pid__type_support.h
-- Up-to-date symlink: /ros2_ws/install/candle_ros2/include/candle_ros2/candle_ros2/msg/detail/position_pid_command__functions.h
-- Up-to-date symlink: /ros2_ws/install/candle_ros2/include/candle_ros2/candle_ros2/msg/detail/position_pid_command__struct.h
-- Up-to-date symlink: /ros2_ws/install/candle_ros2/include/candle_ros2/candle_ros2/msg/detail/position_pid_command__type_support.h
-- Up-to-date symlink: /ros2_ws/install/candle_ros2/include/candle_ros2/candle_ros2/msg/detail/velocity_pid_command__functions.h
-- Up-to-date symlink: /ros2_ws/install/candle_ros2/include/candle_ros2/candle_ros2/msg/detail/velocity_pid_command__struct.h
-- Up-to-date symlink: /ros2_ws/install/candle_ros2/include/candle_ros2/candle_ros2/msg/detail/velocity_pid_command__type_support.h
-- Up-to-date symlink: /ros2_ws/install/candle_ros2/include/candle_ros2/candle_ros2/msg/impedance_command.h
-- Up-to-date symlink: /ros2_ws/install/candle_ros2/include/candle_ros2/candle_ros2/msg/motion_command.h
-- Up-to-date symlink: /ros2_ws/install/candle_ros2/include/candle_ros2/candle_ros2/msg/pid.h
-- Up-to-date symlink: /ros2_ws/install/candle_ros2/include/candle_ros2/candle_ros2/msg/position_pid_command.h
-- Up-to-date symlink: /ros2_ws/install/candle_ros2/include/candle_ros2/candle_ros2/msg/rosidl_generator_c__visibility_control.h
-- Up-to-date symlink: /ros2_ws/install/candle_ros2/include/candle_ros2/candle_ros2/msg/velocity_pid_command.h
-- Up-to-date symlink: /ros2_ws/install/candle_ros2/include/candle_ros2/candle_ros2/srv/add_md80s.h
-- Up-to-date symlink: /ros2_ws/install/candle_ros2/include/candle_ros2/candle_ros2/srv/detail/add_md80s__functions.h
-- Up-to-date symlink: /ros2_ws/install/candle_ros2/include/candle_ros2/candle_ros2/srv/detail/add_md80s__struct.h
-- Up-to-date symlink: /ros2_ws/install/candle_ros2/include/candle_ros2/candle_ros2/srv/detail/add_md80s__type_support.h
-- Up-to-date symlink: /ros2_ws/install/candle_ros2/include/candle_ros2/candle_ros2/srv/detail/generic_md80_msg__functions.h
-- Up-to-date symlink: /ros2_ws/install/candle_ros2/include/candle_ros2/candle_ros2/srv/detail/generic_md80_msg__struct.h
-- Up-to-date symlink: /ros2_ws/install/candle_ros2/include/candle_ros2/candle_ros2/srv/detail/generic_md80_msg__type_support.h
-- Up-to-date symlink: /ros2_ws/install/candle_ros2/include/candle_ros2/candle_ros2/srv/detail/set_limits_md80__functions.h
-- Up-to-date symlink: /ros2_ws/install/candle_ros2/include/candle_ros2/candle_ros2/srv/detail/set_limits_md80__struct.h
-- Up-to-date symlink: /ros2_ws/install/candle_ros2/include/candle_ros2/candle_ros2/srv/detail/set_limits_md80__type_support.h
-- Up-to-date symlink: /ros2_ws/install/candle_ros2/include/candle_ros2/candle_ros2/srv/detail/set_mode_md80s__functions.h
-- Up-to-date symlink: /ros2_ws/install/candle_ros2/include/candle_ros2/candle_ros2/srv/detail/set_mode_md80s__struct.h
-- Up-to-date symlink: /ros2_ws/install/candle_ros2/include/candle_ros2/candle_ros2/srv/detail/set_mode_md80s__type_support.h
-- Up-to-date symlink: /ros2_ws/install/candle_ros2/include/candle_ros2/candle_ros2/srv/generic_md80_msg.h
-- Up-to-date symlink: /ros2_ws/install/candle_ros2/include/candle_ros2/candle_ros2/srv/set_limits_md80.h
-- Up-to-date symlink: /ros2_ws/install/candle_ros2/include/candle_ros2/candle_ros2/srv/set_mode_md80s.h
-- Up-to-date symlink: /ros2_ws/install/candle_ros2/share/candle_ros2/environment/library_path.sh
-- Up-to-date symlink: /ros2_ws/install/candle_ros2/share/candle_ros2/environment/library_path.dsv
-- Up-to-date symlink: /ros2_ws/install/candle_ros2/include/candle_ros2/candle_ros2/msg/detail/impedance_command__rosidl_typesupport_fastrtps_c.h
-- Up-to-date symlink: /ros2_ws/install/candle_ros2/include/candle_ros2/candle_ros2/msg/detail/motion_command__rosidl_typesupport_fastrtps_c.h
-- Up-to-date symlink: /ros2_ws/install/candle_ros2/include/candle_ros2/candle_ros2/msg/detail/pid__rosidl_typesupport_fastrtps_c.h
-- Up-to-date symlink: /ros2_ws/install/candle_ros2/include/candle_ros2/candle_ros2/msg/detail/position_pid_command__rosidl_typesupport_fastrtps_c.h
-- Up-to-date symlink: /ros2_ws/install/candle_ros2/include/candle_ros2/candle_ros2/msg/detail/velocity_pid_command__rosidl_typesupport_fastrtps_c.h
-- Up-to-date symlink: /ros2_ws/install/candle_ros2/include/candle_ros2/candle_ros2/msg/rosidl_typesupport_fastrtps_c__visibility_control.h
-- Up-to-date symlink: /ros2_ws/install/candle_ros2/include/candle_ros2/candle_ros2/srv/detail/add_md80s__rosidl_typesupport_fastrtps_c.h
-- Up-to-date symlink: /ros2_ws/install/candle_ros2/include/candle_ros2/candle_ros2/srv/detail/generic_md80_msg__rosidl_typesupport_fastrtps_c.h
-- Up-to-date symlink: /ros2_ws/install/candle_ros2/include/candle_ros2/candle_ros2/srv/detail/set_limits_md80__rosidl_typesupport_fastrtps_c.h
-- Up-to-date symlink: /ros2_ws/install/candle_ros2/include/candle_ros2/candle_ros2/srv/detail/set_mode_md80s__rosidl_typesupport_fastrtps_c.h
-- Up-to-date symlink: /ros2_ws/install/candle_ros2/include/candle_ros2/candle_ros2/msg/detail/impedance_command__builder.hpp
-- Up-to-date symlink: /ros2_ws/install/candle_ros2/include/candle_ros2/candle_ros2/msg/detail/impedance_command__struct.hpp
-- Up-to-date symlink: /ros2_ws/install/candle_ros2/include/candle_ros2/candle_ros2/msg/detail/impedance_command__traits.hpp
-- Up-to-date symlink: /ros2_ws/install/candle_ros2/include/candle_ros2/candle_ros2/msg/detail/impedance_command__type_support.hpp
-- Up-to-date symlink: /ros2_ws/install/candle_ros2/include/candle_ros2/candle_ros2/msg/detail/motion_command__builder.hpp
-- Up-to-date symlink: /ros2_ws/install/candle_ros2/include/candle_ros2/candle_ros2/msg/detail/motion_command__struct.hpp
-- Up-to-date symlink: /ros2_ws/install/candle_ros2/include/candle_ros2/candle_ros2/msg/detail/motion_command__traits.hpp
-- Up-to-date symlink: /ros2_ws/install/candle_ros2/include/candle_ros2/candle_ros2/msg/detail/motion_command__type_support.hpp
-- Up-to-date symlink: /ros2_ws/install/candle_ros2/include/candle_ros2/candle_ros2/msg/detail/pid__builder.hpp
-- Up-to-date symlink: /ros2_ws/install/candle_ros2/include/candle_ros2/candle_ros2/msg/detail/pid__struct.hpp
-- Up-to-date symlink: /ros2_ws/install/candle_ros2/include/candle_ros2/candle_ros2/msg/detail/pid__traits.hpp
-- Up-to-date symlink: /ros2_ws/install/candle_ros2/include/candle_ros2/candle_ros2/msg/detail/pid__type_support.hpp
-- Up-to-date symlink: /ros2_ws/install/candle_ros2/include/candle_ros2/candle_ros2/msg/detail/position_pid_command__builder.hpp
-- Up-to-date symlink: /ros2_ws/install/candle_ros2/include/candle_ros2/candle_ros2/msg/detail/position_pid_command__struct.hpp
-- Up-to-date symlink: /ros2_ws/install/candle_ros2/include/candle_ros2/candle_ros2/msg/detail/position_pid_command__traits.hpp
-- Up-to-date symlink: /ros2_ws/install/candle_ros2/include/candle_ros2/candle_ros2/msg/detail/position_pid_command__type_support.hpp
-- Up-to-date symlink: /ros2_ws/install/candle_ros2/include/candle_ros2/candle_ros2/msg/detail/velocity_pid_command__builder.hpp
-- Up-to-date symlink: /ros2_ws/install/candle_ros2/include/candle_ros2/candle_ros2/msg/detail/velocity_pid_command__struct.hpp
-- Up-to-date symlink: /ros2_ws/install/candle_ros2/include/candle_ros2/candle_ros2/msg/detail/velocity_pid_command__traits.hpp
-- Up-to-date symlink: /ros2_ws/install/candle_ros2/include/candle_ros2/candle_ros2/msg/detail/velocity_pid_command__type_support.hpp
-- Up-to-date symlink: /ros2_ws/install/candle_ros2/include/candle_ros2/candle_ros2/msg/impedance_command.hpp
-- Up-to-date symlink: /ros2_ws/install/candle_ros2/include/candle_ros2/candle_ros2/msg/motion_command.hpp
-- Up-to-date symlink: /ros2_ws/install/candle_ros2/include/candle_ros2/candle_ros2/msg/pid.hpp
-- Up-to-date symlink: /ros2_ws/install/candle_ros2/include/candle_ros2/candle_ros2/msg/position_pid_command.hpp
-- Up-to-date symlink: /ros2_ws/install/candle_ros2/include/candle_ros2/candle_ros2/msg/rosidl_generator_cpp__visibility_control.hpp
-- Up-to-date symlink: /ros2_ws/install/candle_ros2/include/candle_ros2/candle_ros2/msg/velocity_pid_command.hpp
-- Up-to-date symlink: /ros2_ws/install/candle_ros2/include/candle_ros2/candle_ros2/srv/add_md80s.hpp
-- Up-to-date symlink: /ros2_ws/install/candle_ros2/include/candle_ros2/candle_ros2/srv/detail/add_md80s__builder.hpp
-- Up-to-date symlink: /ros2_ws/install/candle_ros2/include/candle_ros2/candle_ros2/srv/detail/add_md80s__struct.hpp
-- Up-to-date symlink: /ros2_ws/install/candle_ros2/include/candle_ros2/candle_ros2/srv/detail/add_md80s__traits.hpp
-- Up-to-date symlink: /ros2_ws/install/candle_ros2/include/candle_ros2/candle_ros2/srv/detail/add_md80s__type_support.hpp
-- Up-to-date symlink: /ros2_ws/install/candle_ros2/include/candle_ros2/candle_ros2/srv/detail/generic_md80_msg__builder.hpp
-- Up-to-date symlink: /ros2_ws/install/candle_ros2/include/candle_ros2/candle_ros2/srv/detail/generic_md80_msg__struct.hpp
-- Up-to-date symlink: /ros2_ws/install/candle_ros2/include/candle_ros2/candle_ros2/srv/detail/generic_md80_msg__traits.hpp
-- Up-to-date symlink: /ros2_ws/install/candle_ros2/include/candle_ros2/candle_ros2/srv/detail/generic_md80_msg__type_support.hpp
-- Up-to-date symlink: /ros2_ws/install/candle_ros2/include/candle_ros2/candle_ros2/srv/detail/set_limits_md80__builder.hpp
-- Up-to-date symlink: /ros2_ws/install/candle_ros2/include/candle_ros2/candle_ros2/srv/detail/set_limits_md80__struct.hpp
-- Up-to-date symlink: /ros2_ws/install/candle_ros2/include/candle_ros2/candle_ros2/srv/detail/set_limits_md80__traits.hpp
-- Up-to-date symlink: /ros2_ws/install/candle_ros2/include/candle_ros2/candle_ros2/srv/detail/set_limits_md80__type_support.hpp
-- Up-to-date symlink: /ros2_ws/install/candle_ros2/include/candle_ros2/candle_ros2/srv/detail/set_mode_md80s__builder.hpp
-- Up-to-date symlink: /ros2_ws/install/candle_ros2/include/candle_ros2/candle_ros2/srv/detail/set_mode_md80s__struct.hpp
-- Up-to-date symlink: /ros2_ws/install/candle_ros2/include/candle_ros2/candle_ros2/srv/detail/set_mode_md80s__traits.hpp
-- Up-to-date symlink: /ros2_ws/install/candle_ros2/include/candle_ros2/candle_ros2/srv/detail/set_mode_md80s__type_support.hpp
-- Up-to-date symlink: /ros2_ws/install/candle_ros2/include/candle_ros2/candle_ros2/srv/generic_md80_msg.hpp
-- Up-to-date symlink: /ros2_ws/install/candle_ros2/include/candle_ros2/candle_ros2/srv/set_limits_md80.hpp
-- Up-to-date symlink: /ros2_ws/install/candle_ros2/include/candle_ros2/candle_ros2/srv/set_mode_md80s.hpp
-- Up-to-date symlink: /ros2_ws/install/candle_ros2/include/candle_ros2/candle_ros2/msg/detail/impedance_command__rosidl_typesupport_fastrtps_cpp.hpp
-- Up-to-date symlink: /ros2_ws/install/candle_ros2/include/candle_ros2/candle_ros2/msg/detail/motion_command__rosidl_typesupport_fastrtps_cpp.hpp
-- Up-to-date symlink: /ros2_ws/install/candle_ros2/include/candle_ros2/candle_ros2/msg/detail/pid__rosidl_typesupport_fastrtps_cpp.hpp
-- Up-to-date symlink: /ros2_ws/install/candle_ros2/include/candle_ros2/candle_ros2/msg/detail/position_pid_command__rosidl_typesupport_fastrtps_cpp.hpp
-- Up-to-date symlink: /ros2_ws/install/candle_ros2/include/candle_ros2/candle_ros2/msg/detail/velocity_pid_command__rosidl_typesupport_fastrtps_cpp.hpp
-- Up-to-date symlink: /ros2_ws/install/candle_ros2/include/candle_ros2/candle_ros2/msg/rosidl_typesupport_fastrtps_cpp__visibility_control.h
-- Up-to-date symlink: /ros2_ws/install/candle_ros2/include/candle_ros2/candle_ros2/srv/detail/add_md80s__rosidl_typesupport_fastrtps_cpp.hpp
-- Up-to-date symlink: /ros2_ws/install/candle_ros2/include/candle_ros2/candle_ros2/srv/detail/generic_md80_msg__rosidl_typesupport_fastrtps_cpp.hpp
-- Up-to-date symlink: /ros2_ws/install/candle_ros2/include/candle_ros2/candle_ros2/srv/detail/set_limits_md80__rosidl_typesupport_fastrtps_cpp.hpp
-- Up-to-date symlink: /ros2_ws/install/candle_ros2/include/candle_ros2/candle_ros2/srv/detail/set_mode_md80s__rosidl_typesupport_fastrtps_cpp.hpp
-- Up-to-date symlink: /ros2_ws/install/candle_ros2/include/candle_ros2/candle_ros2/msg/detail/impedance_command__rosidl_typesupport_introspection_c.h
-- Up-to-date symlink: /ros2_ws/install/candle_ros2/include/candle_ros2/candle_ros2/msg/detail/motion_command__rosidl_typesupport_introspection_c.h
-- Up-to-date symlink: /ros2_ws/install/candle_ros2/include/candle_ros2/candle_ros2/msg/detail/pid__rosidl_typesupport_introspection_c.h
-- Up-to-date symlink: /ros2_ws/install/candle_ros2/include/candle_ros2/candle_ros2/msg/detail/position_pid_command__rosidl_typesupport_introspection_c.h
-- Up-to-date symlink: /ros2_ws/install/candle_ros2/include/candle_ros2/candle_ros2/msg/detail/velocity_pid_command__rosidl_typesupport_introspection_c.h
-- Up-to-date symlink: /ros2_ws/install/candle_ros2/include/candle_ros2/candle_ros2/msg/rosidl_typesupport_introspection_c__visibility_control.h
-- Up-to-date symlink: /ros2_ws/install/candle_ros2/include/candle_ros2/candle_ros2/srv/detail/add_md80s__rosidl_typesupport_introspection_c.h
-- Up-to-date symlink: /ros2_ws/install/candle_ros2/include/candle_ros2/candle_ros2/srv/detail/generic_md80_msg__rosidl_typesupport_introspection_c.h
-- Up-to-date symlink: /ros2_ws/install/candle_ros2/include/candle_ros2/candle_ros2/srv/detail/set_limits_md80__rosidl_typesupport_introspection_c.h
-- Up-to-date symlink: /ros2_ws/install/candle_ros2/include/candle_ros2/candle_ros2/srv/detail/set_mode_md80s__rosidl_typesupport_introspection_c.h
-- Up-to-date symlink: /ros2_ws/install/candle_ros2/include/candle_ros2/candle_ros2/msg/detail/impedance_command__rosidl_typesupport_introspection_cpp.hpp
-- Up-to-date symlink: /ros2_ws/install/candle_ros2/include/candle_ros2/candle_ros2/msg/detail/motion_command__rosidl_typesupport_introspection_cpp.hpp
-- Up-to-date symlink: /ros2_ws/install/candle_ros2/include/candle_ros2/candle_ros2/msg/detail/pid__rosidl_typesupport_introspection_cpp.hpp
-- Up-to-date symlink: /ros2_ws/install/candle_ros2/include/candle_ros2/candle_ros2/msg/detail/position_pid_command__rosidl_typesupport_introspection_cpp.hpp
-- Up-to-date symlink: /ros2_ws/install/candle_ros2/include/candle_ros2/candle_ros2/msg/detail/velocity_pid_command__rosidl_typesupport_introspection_cpp.hpp
-- Up-to-date symlink: /ros2_ws/install/candle_ros2/include/candle_ros2/candle_ros2/srv/detail/add_md80s__rosidl_typesupport_introspection_cpp.hpp
-- Up-to-date symlink: /ros2_ws/install/candle_ros2/include/candle_ros2/candle_ros2/srv/detail/generic_md80_msg__rosidl_typesupport_introspection_cpp.hpp
-- Up-to-date symlink: /ros2_ws/install/candle_ros2/include/candle_ros2/candle_ros2/srv/detail/set_limits_md80__rosidl_typesupport_introspection_cpp.hpp
-- Up-to-date symlink: /ros2_ws/install/candle_ros2/include/candle_ros2/candle_ros2/srv/detail/set_mode_md80s__rosidl_typesupport_introspection_cpp.hpp
-- Up-to-date symlink: /ros2_ws/install/candle_ros2/share/candle_ros2/environment/pythonpath.sh
-- Up-to-date symlink: /ros2_ws/install/candle_ros2/share/candle_ros2/environment/pythonpath.dsv
-- Up-to-date symlink: /ros2_ws/install/candle_ros2/lib/python3.12/site-packages/candle_ros2-1.2.0-py3.12.egg-info/PKG-INFO
-- Up-to-date symlink: /ros2_ws/install/candle_ros2/lib/python3.12/site-packages/candle_ros2-1.2.0-py3.12.egg-info/SOURCES.txt
-- Up-to-date symlink: /ros2_ws/install/candle_ros2/lib/python3.12/site-packages/candle_ros2-1.2.0-py3.12.egg-info/dependency_links.txt
-- Up-to-date symlink: /ros2_ws/install/candle_ros2/lib/python3.12/site-packages/candle_ros2-1.2.0-py3.12.egg-info/top_level.txt
-- Up-to-date symlink: /ros2_ws/install/candle_ros2/lib/python3.12/site-packages/candle_ros2/__init__.py
-- Up-to-date symlink: /ros2_ws/install/candle_ros2/lib/python3.12/site-packages/candle_ros2/_candle_ros2_s.ep.rosidl_typesupport_c.c
-- Up-to-date symlink: /ros2_ws/install/candle_ros2/lib/python3.12/site-packages/candle_ros2/_candle_ros2_s.ep.rosidl_typesupport_fastrtps_c.c
-- Up-to-date symlink: /ros2_ws/install/candle_ros2/lib/python3.12/site-packages/candle_ros2/_candle_ros2_s.ep.rosidl_typesupport_introspection_c.c
-- Up-to-date symlink: /ros2_ws/install/candle_ros2/lib/python3.12/site-packages/candle_ros2/candle_ros2_s__rosidl_typesupport_c.so
-- Up-to-date symlink: /ros2_ws/install/candle_ros2/lib/python3.12/site-packages/candle_ros2/candle_ros2_s__rosidl_typesupport_fastrtps_c.so
-- Up-to-date symlink: /ros2_ws/install/candle_ros2/lib/python3.12/site-packages/candle_ros2/candle_ros2_s__rosidl_typesupport_introspection_c.so
-- Up-to-date symlink: /ros2_ws/install/candle_ros2/lib/python3.12/site-packages/candle_ros2/msg/__init__.py
-- Up-to-date symlink: /ros2_ws/install/candle_ros2/lib/python3.12/site-packages/candle_ros2/msg/_impedance_command.py
-- Up-to-date symlink: /ros2_ws/install/candle_ros2/lib/python3.12/site-packages/candle_ros2/msg/_impedance_command_s.c
-- Up-to-date symlink: /ros2_ws/install/candle_ros2/lib/python3.12/site-packages/candle_ros2/msg/_motion_command.py
-- Up-to-date symlink: /ros2_ws/install/candle_ros2/lib/python3.12/site-packages/candle_ros2/msg/_motion_command_s.c
-- Up-to-date symlink: /ros2_ws/install/candle_ros2/lib/python3.12/site-packages/candle_ros2/msg/_pid.py
-- Up-to-date symlink: /ros2_ws/install/candle_ros2/lib/python3.12/site-packages/candle_ros2/msg/_pid_s.c
-- Up-to-date symlink: /ros2_ws/install/candle_ros2/lib/python3.12/site-packages/candle_ros2/msg/_position_pid_command.py
-- Up-to-date symlink: /ros2_ws/install/candle_ros2/lib/python3.12/site-packages/candle_ros2/msg/_position_pid_command_s.c
-- Up-to-date symlink: /ros2_ws/install/candle_ros2/lib/python3.12/site-packages/candle_ros2/msg/_velocity_pid_command.py
-- Up-to-date symlink: /ros2_ws/install/candle_ros2/lib/python3.12/site-packages/candle_ros2/msg/_velocity_pid_command_s.c
-- Up-to-date symlink: /ros2_ws/install/candle_ros2/lib/python3.12/site-packages/candle_ros2/srv/__init__.py
-- Up-to-date symlink: /ros2_ws/install/candle_ros2/lib/python3.12/site-packages/candle_ros2/srv/_add_md80s.py
-- Up-to-date symlink: /ros2_ws/install/candle_ros2/lib/python3.12/site-packages/candle_ros2/srv/_add_md80s_s.c
-- Up-to-date symlink: /ros2_ws/install/candle_ros2/lib/python3.12/site-packages/candle_ros2/srv/_generic_md80_msg.py
-- Up-to-date symlink: /ros2_ws/install/candle_ros2/lib/python3.12/site-packages/candle_ros2/srv/_generic_md80_msg_s.c
-- Up-to-date symlink: /ros2_ws/install/candle_ros2/lib/python3.12/site-packages/candle_ros2/srv/_set_limits_md80.py
-- Up-to-date symlink: /ros2_ws/install/candle_ros2/lib/python3.12/site-packages/candle_ros2/srv/_set_limits_md80_s.c
-- Up-to-date symlink: /ros2_ws/install/candle_ros2/lib/python3.12/site-packages/candle_ros2/srv/_set_mode_md80s.py
-- Up-to-date symlink: /ros2_ws/install/candle_ros2/lib/python3.12/site-packages/candle_ros2/srv/_set_mode_md80s_s.c
-- Up-to-date symlink: /ros2_ws/install/candle_ros2/lib/python3.12/site-packages/candle_ros2/candle_ros2_s__rosidl_typesupport_fastrtps_c.so
-- Up-to-date symlink: /ros2_ws/install/candle_ros2/lib/python3.12/site-packages/candle_ros2/candle_ros2_s__rosidl_typesupport_introspection_c.so
-- Up-to-date symlink: /ros2_ws/install/candle_ros2/lib/python3.12/site-packages/candle_ros2/candle_ros2_s__rosidl_typesupport_c.so
-- Up-to-date symlink: /ros2_ws/install/candle_ros2/share/ament_index/resource_index/rust_packages/candle_ros2
-- Up-to-date symlink: /ros2_ws/install/candle_ros2/share/candle_ros2/rust/Cargo.toml
-- Up-to-date symlink: /ros2_ws/install/candle_ros2/share/candle_ros2/rust/build.rs
-- Up-to-date symlink: /ros2_ws/install/candle_ros2/share/candle_ros2/rust/src/lib.rs
-- Up-to-date symlink: /ros2_ws/install/candle_ros2/share/candle_ros2/rust/src/msg.rs
-- Up-to-date symlink: /ros2_ws/install/candle_ros2/share/candle_ros2/rust/src/msg/rmw.rs
-- Up-to-date symlink: /ros2_ws/install/candle_ros2/share/candle_ros2/rust/src/srv.rs
-- Up-to-date symlink: /ros2_ws/install/candle_ros2/share/candle_ros2/rust/src/srv/rmw.rs
-- Up-to-date symlink: /ros2_ws/install/candle_ros2/share/candle_ros2/msg/ImpedanceCommand.idl
-- Up-to-date symlink: /ros2_ws/install/candle_ros2/share/candle_ros2/msg/MotionCommand.idl
-- Up-to-date symlink: /ros2_ws/install/candle_ros2/share/candle_ros2/msg/Pid.idl
-- Up-to-date symlink: /ros2_ws/install/candle_ros2/share/candle_ros2/msg/VelocityPidCommand.idl
-- Up-to-date symlink: /ros2_ws/install/candle_ros2/share/candle_ros2/msg/PositionPidCommand.idl
-- Up-to-date symlink: /ros2_ws/install/candle_ros2/share/candle_ros2/srv/AddMd80s.idl
-- Up-to-date symlink: /ros2_ws/install/candle_ros2/share/candle_ros2/srv/GenericMd80Msg.idl
-- Up-to-date symlink: /ros2_ws/install/candle_ros2/share/candle_ros2/srv/SetModeMd80s.idl
-- Up-to-date symlink: /ros2_ws/install/candle_ros2/share/candle_ros2/srv/SetLimitsMd80.idl
-- Up-to-date symlink: /ros2_ws/install/candle_ros2/share/candle_ros2/msg/ImpedanceCommand.msg
-- Up-to-date symlink: /ros2_ws/install/candle_ros2/share/candle_ros2/msg/MotionCommand.msg
-- Up-to-date symlink: /ros2_ws/install/candle_ros2/share/candle_ros2/msg/Pid.msg
-- Up-to-date symlink: /ros2_ws/install/candle_ros2/share/candle_ros2/msg/VelocityPidCommand.msg
-- Up-to-date symlink: /ros2_ws/install/candle_ros2/share/candle_ros2/msg/PositionPidCommand.msg
-- Up-to-date symlink: /ros2_ws/install/candle_ros2/share/candle_ros2/srv/AddMd80s.srv
-- Up-to-date symlink: /ros2_ws/install/candle_ros2/share/candle_ros2/srv/GenericMd80Msg.srv
-- Up-to-date symlink: /ros2_ws/install/candle_ros2/share/candle_ros2/srv/SetModeMd80s.srv
-- Up-to-date symlink: /ros2_ws/install/candle_ros2/share/candle_ros2/srv/SetLimitsMd80.srv
-- Up-to-date symlink: /ros2_ws/install/candle_ros2/lib/candle_ros2/candle_ros2_node
-- Up-to-date symlink: /ros2_ws/install/candle_ros2/share/ament_index/resource_index/package_run_dependencies/candle_ros2
-- Up-to-date symlink: /ros2_ws/install/candle_ros2/share/ament_index/resource_index/parent_prefix_path/candle_ros2
-- Up-to-date symlink: /ros2_ws/install/candle_ros2/share/candle_ros2/environment/ament_prefix_path.sh
-- Up-to-date symlink: /ros2_ws/install/candle_ros2/share/candle_ros2/environment/ament_prefix_path.dsv
-- Up-to-date symlink: /ros2_ws/install/candle_ros2/share/candle_ros2/environment/path.sh
-- Up-to-date symlink: /ros2_ws/install/candle_ros2/share/candle_ros2/environment/path.dsv
-- Up-to-date symlink: /ros2_ws/install/candle_ros2/share/candle_ros2/local_setup.bash
-- Up-to-date symlink: /ros2_ws/install/candle_ros2/share/candle_ros2/local_setup.sh
-- Up-to-date symlink: /ros2_ws/install/candle_ros2/share/candle_ros2/local_setup.zsh
-- Up-to-date symlink: /ros2_ws/install/candle_ros2/share/candle_ros2/local_setup.dsv
-- Symlinking: /ros2_ws/install/candle_ros2/share/candle_ros2/package.dsv
-- Up-to-date symlink: /ros2_ws/install/candle_ros2/share/ament_index/resource_index/packages/candle_ros2
-- Up-to-date symlink: /ros2_ws/install/candle_ros2/share/candle_ros2/cmake/rosidl_cmake-extras.cmake
-- Up-to-date symlink: /ros2_ws/install/candle_ros2/share/candle_ros2/cmake/ament_cmake_export_dependencies-extras.cmake
-- Up-to-date symlink: /ros2_ws/install/candle_ros2/share/candle_ros2/cmake/ament_cmake_export_include_directories-extras.cmake
-- Up-to-date symlink: /ros2_ws/install/candle_ros2/share/candle_ros2/cmake/ament_cmake_export_libraries-extras.cmake
-- Up-to-date symlink: /ros2_ws/install/candle_ros2/share/candle_ros2/cmake/ament_cmake_export_targets-extras.cmake
-- Up-to-date symlink: /ros2_ws/install/candle_ros2/share/candle_ros2/cmake/rosidl_cmake_export_typesupport_targets-extras.cmake
-- Up-to-date symlink: /ros2_ws/install/candle_ros2/share/candle_ros2/cmake/rosidl_cmake_export_typesupport_libraries-extras.cmake
-- Up-to-date symlink: /ros2_ws/install/candle_ros2/share/candle_ros2/cmake/rosidl_cmake_aggregate_target-extras.cmake
-- Up-to-date symlink: /ros2_ws/install/candle_ros2/share/candle_ros2/cmake/candle_ros2Config.cmake
-- Up-to-date symlink: /ros2_ws/install/candle_ros2/share/candle_ros2/cmake/candle_ros2Config-version.cmake
-- Up-to-date symlink: /ros2_ws/install/candle_ros2/share/candle_ros2/package.xml
-- Up-to-date: /ros2_ws/install/candle_ros2/lib/libcandle_ros2__rosidl_generator_c.so
-- Up-to-date: /ros2_ws/install/candle_ros2/lib/libcandle_ros2__rosidl_typesupport_fastrtps_c.so
-- Up-to-date: /ros2_ws/install/candle_ros2/lib/libcandle_ros2__rosidl_typesupport_fastrtps_cpp.so
-- Up-to-date: /ros2_ws/install/candle_ros2/lib/libcandle_ros2__rosidl_typesupport_introspection_c.so
-- Up-to-date: /ros2_ws/install/candle_ros2/lib/libcandle_ros2__rosidl_typesupport_c.so
-- Up-to-date: /ros2_ws/install/candle_ros2/lib/libcandle_ros2__rosidl_typesupport_introspection_cpp.so
-- Up-to-date: /ros2_ws/install/candle_ros2/lib/libcandle_ros2__rosidl_typesupport_cpp.so
Listing '/ros2_ws/install/candle_ros2/lib/python3.12/site-packages/candle_ros2'...
Listing '/ros2_ws/install/candle_ros2/lib/python3.12/site-packages/candle_ros2/msg'...
Listing '/ros2_ws/install/candle_ros2/lib/python3.12/site-packages/candle_ros2/srv'...
-- Up-to-date: /ros2_ws/install/candle_ros2/lib/libcandle_ros2__rosidl_generator_py.so
-- Up-to-date: /ros2_ws/install/candle_ros2/share/candle_ros2/cmake/export_candle_ros2__rosidl_generator_cExport.cmake
-- Up-to-date: /ros2_ws/install/candle_ros2/share/candle_ros2/cmake/export_candle_ros2__rosidl_generator_cExport-release.cmake
-- Up-to-date: /ros2_ws/install/candle_ros2/share/candle_ros2/cmake/export_candle_ros2__rosidl_typesupport_fastrtps_cExport.cmake
-- Up-to-date: /ros2_ws/install/candle_ros2/share/candle_ros2/cmake/export_candle_ros2__rosidl_typesupport_fastrtps_cExport-release.cmake
-- Up-to-date: /ros2_ws/install/candle_ros2/share/candle_ros2/cmake/export_candle_ros2__rosidl_generator_cppExport.cmake
-- Up-to-date: /ros2_ws/install/candle_ros2/share/candle_ros2/cmake/export_candle_ros2__rosidl_typesupport_fastrtps_cppExport.cmake
-- Up-to-date: /ros2_ws/install/candle_ros2/share/candle_ros2/cmake/export_candle_ros2__rosidl_typesupport_fastrtps_cppExport-release.cmake
-- Up-to-date: /ros2_ws/install/candle_ros2/share/candle_ros2/cmake/candle_ros2__rosidl_typesupport_introspection_cExport.cmake
-- Up-to-date: /ros2_ws/install/candle_ros2/share/candle_ros2/cmake/candle_ros2__rosidl_typesupport_introspection_cExport-release.cmake
-- Up-to-date: /ros2_ws/install/candle_ros2/share/candle_ros2/cmake/candle_ros2__rosidl_typesupport_cExport.cmake
-- Up-to-date: /ros2_ws/install/candle_ros2/share/candle_ros2/cmake/candle_ros2__rosidl_typesupport_cExport-release.cmake
-- Up-to-date: /ros2_ws/install/candle_ros2/share/candle_ros2/cmake/candle_ros2__rosidl_typesupport_introspection_cppExport.cmake
-- Up-to-date: /ros2_ws/install/candle_ros2/share/candle_ros2/cmake/candle_ros2__rosidl_typesupport_introspection_cppExport-release.cmake
-- Up-to-date: /ros2_ws/install/candle_ros2/share/candle_ros2/cmake/candle_ros2__rosidl_typesupport_cppExport.cmake
-- Up-to-date: /ros2_ws/install/candle_ros2/share/candle_ros2/cmake/candle_ros2__rosidl_typesupport_cppExport-release.cmake
-- Up-to-date: /ros2_ws/install/candle_ros2/share/candle_ros2/cmake/export_candle_ros2__rosidl_generator_pyExport.cmake
-- Up-to-date: /ros2_ws/install/candle_ros2/share/candle_ros2/cmake/export_candle_ros2__rosidl_generator_pyExport-release.cmake
