[0.011s] Invoking command in '/ros2_ws/build/candle_ros2': CMAKE_PREFIX_PATH=${CMAKE_PREFIX_PATH}:/opt/ros/jazzy /usr/bin/cmake --build /ros2_ws/build/candle_ros2 -- -j12 -l12
[0.067s] [  2%] Built target candle_ros2__rs
[0.067s] [  1%] Built target candle_ros2__rosidl_generator_type_description
[0.074s] [  9%] Built target candle
[0.076s] [  9%] Built target ament_cmake_python_symlink_candle_ros2
[0.092s] [  9%] Built target candle_ros2__cpp
[0.101s] [ 32%] Built target candle_ros2__rosidl_generator_c
[0.143s] [ 41%] Built target candle_ros2__rosidl_typesupport_c
[0.144s] [ 50%] Built target candle_ros2__rosidl_typesupport_introspection_c
[0.144s] [ 59%] Built target candle_ros2__rosidl_typesupport_fastrtps_c
[0.156s] [ 67%] Built target candle_ros2__rosidl_typesupport_introspection_cpp
[0.158s] [ 84%] Built target candle_ros2__rosidl_typesupport_fastrtps_cpp
[0.159s] [ 84%] Built target candle_ros2__rosidl_typesupport_cpp
[0.188s] [ 84%] Built target candle_ros2
[0.220s] [ 85%] Built target candle_ros2__py
[0.231s] [ 87%] Built target candle_ros2_node
[0.259s] [ 95%] Built target candle_ros2__rosidl_generator_py
[0.305s] [ 97%] Built target candle_ros2_s__rosidl_typesupport_fastrtps_c
[0.305s] [ 98%] Built target candle_ros2_s__rosidl_typesupport_c
[0.305s] [100%] Built target candle_ros2_s__rosidl_typesupport_introspection_c
[0.371s] running egg_info
[0.390s] writing candle_ros2.egg-info/PKG-INFO
[0.390s] writing dependency_links to candle_ros2.egg-info/dependency_links.txt
[0.390s] writing top-level names to candle_ros2.egg-info/top_level.txt
[0.463s] reading manifest file 'candle_ros2.egg-info/SOURCES.txt'
[0.464s] writing manifest file 'candle_ros2.egg-info/SOURCES.txt'
[0.500s] [100%] Built target ament_cmake_python_build_candle_ros2_egg
[0.517s] Invoked command in '/ros2_ws/build/candle_ros2' returned '0': CMAKE_PREFIX_PATH=${CMAKE_PREFIX_PATH}:/opt/ros/jazzy /usr/bin/cmake --build /ros2_ws/build/candle_ros2 -- -j12 -l12
[0.519s] Invoking command in '/ros2_ws/build/candle_ros2': CMAKE_PREFIX_PATH=${CMAKE_PREFIX_PATH}:/opt/ros/jazzy /usr/bin/cmake --install /ros2_ws/build/candle_ros2
[0.535s] -- Install configuration: "Release"
[0.536s] -- Execute custom install script
[0.537s] -- Up-to-date symlink: /ros2_ws/install/candle_ros2/share/ament_index/resource_index/rosidl_interfaces/candle_ros2
[0.537s] -- Up-to-date symlink: /ros2_ws/install/candle_ros2/share/candle_ros2/msg/ImpedanceCommand.json
[0.538s] -- Up-to-date symlink: /ros2_ws/install/candle_ros2/share/candle_ros2/msg/MotionCommand.json
[0.538s] -- Up-to-date symlink: /ros2_ws/install/candle_ros2/share/candle_ros2/msg/Pid.json
[0.539s] -- Up-to-date symlink: /ros2_ws/install/candle_ros2/share/candle_ros2/msg/VelocityPidCommand.json
[0.539s] -- Up-to-date symlink: /ros2_ws/install/candle_ros2/share/candle_ros2/msg/PositionPidCommand.json
[0.539s] -- Up-to-date symlink: /ros2_ws/install/candle_ros2/share/candle_ros2/srv/AddMd80s.json
[0.540s] -- Up-to-date symlink: /ros2_ws/install/candle_ros2/share/candle_ros2/srv/GenericMd80Msg.json
[0.540s] -- Up-to-date symlink: /ros2_ws/install/candle_ros2/share/candle_ros2/srv/SetModeMd80s.json
[0.540s] -- Up-to-date symlink: /ros2_ws/install/candle_ros2/share/candle_ros2/srv/SetLimitsMd80.json
[0.543s] -- Up-to-date symlink: /ros2_ws/install/candle_ros2/include/candle_ros2/candle_ros2/msg/detail/impedance_command__functions.h
[0.544s] -- Up-to-date symlink: /ros2_ws/install/candle_ros2/include/candle_ros2/candle_ros2/msg/detail/impedance_command__struct.h
[0.544s] -- Up-to-date symlink: /ros2_ws/install/candle_ros2/include/candle_ros2/candle_ros2/msg/detail/impedance_command__type_support.h
[0.545s] -- Up-to-date symlink: /ros2_ws/install/candle_ros2/include/candle_ros2/candle_ros2/msg/detail/motion_command__functions.h
[0.546s] -- Up-to-date symlink: /ros2_ws/install/candle_ros2/include/candle_ros2/candle_ros2/msg/detail/motion_command__struct.h
[0.546s] -- Up-to-date symlink: /ros2_ws/install/candle_ros2/include/candle_ros2/candle_ros2/msg/detail/motion_command__type_support.h
[0.547s] -- Up-to-date symlink: /ros2_ws/install/candle_ros2/include/candle_ros2/candle_ros2/msg/detail/pid__functions.h
[0.547s] -- Up-to-date symlink: /ros2_ws/install/candle_ros2/include/candle_ros2/candle_ros2/msg/detail/pid__struct.h
[0.548s] -- Up-to-date symlink: /ros2_ws/install/candle_ros2/include/candle_ros2/candle_ros2/msg/detail/pid__type_support.h
[0.548s] -- Up-to-date symlink: /ros2_ws/install/candle_ros2/include/candle_ros2/candle_ros2/msg/detail/position_pid_command__functions.h
[0.549s] -- Up-to-date symlink: /ros2_ws/install/candle_ros2/include/candle_ros2/candle_ros2/msg/detail/position_pid_command__struct.h
[0.549s] -- Up-to-date symlink: /ros2_ws/install/candle_ros2/include/candle_ros2/candle_ros2/msg/detail/position_pid_command__type_support.h
[0.549s] -- Up-to-date symlink: /ros2_ws/install/candle_ros2/include/candle_ros2/candle_ros2/msg/detail/velocity_pid_command__functions.h
[0.550s] -- Up-to-date symlink: /ros2_ws/install/candle_ros2/include/candle_ros2/candle_ros2/msg/detail/velocity_pid_command__struct.h
[0.551s] -- Up-to-date symlink: /ros2_ws/install/candle_ros2/include/candle_ros2/candle_ros2/msg/detail/velocity_pid_command__type_support.h
[0.551s] -- Up-to-date symlink: /ros2_ws/install/candle_ros2/include/candle_ros2/candle_ros2/msg/impedance_command.h
[0.551s] -- Up-to-date symlink: /ros2_ws/install/candle_ros2/include/candle_ros2/candle_ros2/msg/motion_command.h
[0.552s] -- Up-to-date symlink: /ros2_ws/install/candle_ros2/include/candle_ros2/candle_ros2/msg/pid.h
[0.553s] -- Up-to-date symlink: /ros2_ws/install/candle_ros2/include/candle_ros2/candle_ros2/msg/position_pid_command.h
[0.553s] -- Up-to-date symlink: /ros2_ws/install/candle_ros2/include/candle_ros2/candle_ros2/msg/rosidl_generator_c__visibility_control.h
[0.553s] -- Up-to-date symlink: /ros2_ws/install/candle_ros2/include/candle_ros2/candle_ros2/msg/velocity_pid_command.h
[0.554s] -- Up-to-date symlink: /ros2_ws/install/candle_ros2/include/candle_ros2/candle_ros2/srv/add_md80s.h
[0.555s] -- Up-to-date symlink: /ros2_ws/install/candle_ros2/include/candle_ros2/candle_ros2/srv/detail/add_md80s__functions.h
[0.555s] -- Up-to-date symlink: /ros2_ws/install/candle_ros2/include/candle_ros2/candle_ros2/srv/detail/add_md80s__struct.h
[0.556s] -- Up-to-date symlink: /ros2_ws/install/candle_ros2/include/candle_ros2/candle_ros2/srv/detail/add_md80s__type_support.h
[0.556s] -- Up-to-date symlink: /ros2_ws/install/candle_ros2/include/candle_ros2/candle_ros2/srv/detail/generic_md80_msg__functions.h
[0.557s] -- Up-to-date symlink: /ros2_ws/install/candle_ros2/include/candle_ros2/candle_ros2/srv/detail/generic_md80_msg__struct.h
[0.557s] -- Up-to-date symlink: /ros2_ws/install/candle_ros2/include/candle_ros2/candle_ros2/srv/detail/generic_md80_msg__type_support.h
[0.557s] -- Up-to-date symlink: /ros2_ws/install/candle_ros2/include/candle_ros2/candle_ros2/srv/detail/set_limits_md80__functions.h
[0.558s] -- Up-to-date symlink: /ros2_ws/install/candle_ros2/include/candle_ros2/candle_ros2/srv/detail/set_limits_md80__struct.h
[0.558s] -- Up-to-date symlink: /ros2_ws/install/candle_ros2/include/candle_ros2/candle_ros2/srv/detail/set_limits_md80__type_support.h
[0.558s] -- Up-to-date symlink: /ros2_ws/install/candle_ros2/include/candle_ros2/candle_ros2/srv/detail/set_mode_md80s__functions.h
[0.559s] -- Up-to-date symlink: /ros2_ws/install/candle_ros2/include/candle_ros2/candle_ros2/srv/detail/set_mode_md80s__struct.h
[0.559s] -- Up-to-date symlink: /ros2_ws/install/candle_ros2/include/candle_ros2/candle_ros2/srv/detail/set_mode_md80s__type_support.h
[0.559s] -- Up-to-date symlink: /ros2_ws/install/candle_ros2/include/candle_ros2/candle_ros2/srv/generic_md80_msg.h
[0.560s] -- Up-to-date symlink: /ros2_ws/install/candle_ros2/include/candle_ros2/candle_ros2/srv/set_limits_md80.h
[0.560s] -- Up-to-date symlink: /ros2_ws/install/candle_ros2/include/candle_ros2/candle_ros2/srv/set_mode_md80s.h
[0.560s] -- Up-to-date symlink: /ros2_ws/install/candle_ros2/share/candle_ros2/environment/library_path.sh
[0.561s] -- Up-to-date symlink: /ros2_ws/install/candle_ros2/share/candle_ros2/environment/library_path.dsv
[0.562s] -- Up-to-date symlink: /ros2_ws/install/candle_ros2/include/candle_ros2/candle_ros2/msg/detail/impedance_command__rosidl_typesupport_fastrtps_c.h
[0.562s] -- Up-to-date symlink: /ros2_ws/install/candle_ros2/include/candle_ros2/candle_ros2/msg/detail/motion_command__rosidl_typesupport_fastrtps_c.h
[0.563s] -- Up-to-date symlink: /ros2_ws/install/candle_ros2/include/candle_ros2/candle_ros2/msg/detail/pid__rosidl_typesupport_fastrtps_c.h
[0.563s] -- Up-to-date symlink: /ros2_ws/install/candle_ros2/include/candle_ros2/candle_ros2/msg/detail/position_pid_command__rosidl_typesupport_fastrtps_c.h
[0.564s] -- Up-to-date symlink: /ros2_ws/install/candle_ros2/include/candle_ros2/candle_ros2/msg/detail/velocity_pid_command__rosidl_typesupport_fastrtps_c.h
[0.564s] -- Up-to-date symlink: /ros2_ws/install/candle_ros2/include/candle_ros2/candle_ros2/msg/rosidl_typesupport_fastrtps_c__visibility_control.h
[0.564s] -- Up-to-date symlink: /ros2_ws/install/candle_ros2/include/candle_ros2/candle_ros2/srv/detail/add_md80s__rosidl_typesupport_fastrtps_c.h
[0.565s] -- Up-to-date symlink: /ros2_ws/install/candle_ros2/include/candle_ros2/candle_ros2/srv/detail/generic_md80_msg__rosidl_typesupport_fastrtps_c.h
[0.565s] -- Up-to-date symlink: /ros2_ws/install/candle_ros2/include/candle_ros2/candle_ros2/srv/detail/set_limits_md80__rosidl_typesupport_fastrtps_c.h
[0.565s] -- Up-to-date symlink: /ros2_ws/install/candle_ros2/include/candle_ros2/candle_ros2/srv/detail/set_mode_md80s__rosidl_typesupport_fastrtps_c.h
[0.567s] -- Up-to-date symlink: /ros2_ws/install/candle_ros2/include/candle_ros2/candle_ros2/msg/detail/impedance_command__builder.hpp
[0.567s] -- Up-to-date symlink: /ros2_ws/install/candle_ros2/include/candle_ros2/candle_ros2/msg/detail/impedance_command__struct.hpp
[0.568s] -- Up-to-date symlink: /ros2_ws/install/candle_ros2/include/candle_ros2/candle_ros2/msg/detail/impedance_command__traits.hpp
[0.568s] -- Up-to-date symlink: /ros2_ws/install/candle_ros2/include/candle_ros2/candle_ros2/msg/detail/impedance_command__type_support.hpp
[0.569s] -- Up-to-date symlink: /ros2_ws/install/candle_ros2/include/candle_ros2/candle_ros2/msg/detail/motion_command__builder.hpp
[0.570s] -- Up-to-date symlink: /ros2_ws/install/candle_ros2/include/candle_ros2/candle_ros2/msg/detail/motion_command__struct.hpp
[0.570s] -- Up-to-date symlink: /ros2_ws/install/candle_ros2/include/candle_ros2/candle_ros2/msg/detail/motion_command__traits.hpp
[0.571s] -- Up-to-date symlink: /ros2_ws/install/candle_ros2/include/candle_ros2/candle_ros2/msg/detail/motion_command__type_support.hpp
[0.571s] -- Up-to-date symlink: /ros2_ws/install/candle_ros2/include/candle_ros2/candle_ros2/msg/detail/pid__builder.hpp
[0.571s] -- Up-to-date symlink: /ros2_ws/install/candle_ros2/include/candle_ros2/candle_ros2/msg/detail/pid__struct.hpp
[0.572s] -- Up-to-date symlink: /ros2_ws/install/candle_ros2/include/candle_ros2/candle_ros2/msg/detail/pid__traits.hpp
[0.572s] -- Up-to-date symlink: /ros2_ws/install/candle_ros2/include/candle_ros2/candle_ros2/msg/detail/pid__type_support.hpp
[0.573s] -- Up-to-date symlink: /ros2_ws/install/candle_ros2/include/candle_ros2/candle_ros2/msg/detail/position_pid_command__builder.hpp
[0.573s] -- Up-to-date symlink: /ros2_ws/install/candle_ros2/include/candle_ros2/candle_ros2/msg/detail/position_pid_command__struct.hpp
[0.574s] -- Up-to-date symlink: /ros2_ws/install/candle_ros2/include/candle_ros2/candle_ros2/msg/detail/position_pid_command__traits.hpp
[0.575s] -- Up-to-date symlink: /ros2_ws/install/candle_ros2/include/candle_ros2/candle_ros2/msg/detail/position_pid_command__type_support.hpp
[0.576s] -- Up-to-date symlink: /ros2_ws/install/candle_ros2/include/candle_ros2/candle_ros2/msg/detail/velocity_pid_command__builder.hpp
[0.577s] -- Up-to-date symlink: /ros2_ws/install/candle_ros2/include/candle_ros2/candle_ros2/msg/detail/velocity_pid_command__struct.hpp
[0.577s] -- Up-to-date symlink: /ros2_ws/install/candle_ros2/include/candle_ros2/candle_ros2/msg/detail/velocity_pid_command__traits.hpp
[0.577s] -- Up-to-date symlink: /ros2_ws/install/candle_ros2/include/candle_ros2/candle_ros2/msg/detail/velocity_pid_command__type_support.hpp
[0.578s] -- Up-to-date symlink: /ros2_ws/install/candle_ros2/include/candle_ros2/candle_ros2/msg/impedance_command.hpp
[0.579s] -- Up-to-date symlink: /ros2_ws/install/candle_ros2/include/candle_ros2/candle_ros2/msg/motion_command.hpp
[0.579s] -- Up-to-date symlink: /ros2_ws/install/candle_ros2/include/candle_ros2/candle_ros2/msg/pid.hpp
[0.580s] -- Up-to-date symlink: /ros2_ws/install/candle_ros2/include/candle_ros2/candle_ros2/msg/position_pid_command.hpp
[0.580s] -- Up-to-date symlink: /ros2_ws/install/candle_ros2/include/candle_ros2/candle_ros2/msg/rosidl_generator_cpp__visibility_control.hpp
[0.581s] -- Up-to-date symlink: /ros2_ws/install/candle_ros2/include/candle_ros2/candle_ros2/msg/velocity_pid_command.hpp
[0.581s] -- Up-to-date symlink: /ros2_ws/install/candle_ros2/include/candle_ros2/candle_ros2/srv/add_md80s.hpp
[0.582s] -- Up-to-date symlink: /ros2_ws/install/candle_ros2/include/candle_ros2/candle_ros2/srv/detail/add_md80s__builder.hpp
[0.582s] -- Up-to-date symlink: /ros2_ws/install/candle_ros2/include/candle_ros2/candle_ros2/srv/detail/add_md80s__struct.hpp
[0.583s] -- Up-to-date symlink: /ros2_ws/install/candle_ros2/include/candle_ros2/candle_ros2/srv/detail/add_md80s__traits.hpp
[0.583s] -- Up-to-date symlink: /ros2_ws/install/candle_ros2/include/candle_ros2/candle_ros2/srv/detail/add_md80s__type_support.hpp
[0.584s] -- Up-to-date symlink: /ros2_ws/install/candle_ros2/include/candle_ros2/candle_ros2/srv/detail/generic_md80_msg__builder.hpp
[0.584s] -- Up-to-date symlink: /ros2_ws/install/candle_ros2/include/candle_ros2/candle_ros2/srv/detail/generic_md80_msg__struct.hpp
[0.584s] -- Up-to-date symlink: /ros2_ws/install/candle_ros2/include/candle_ros2/candle_ros2/srv/detail/generic_md80_msg__traits.hpp
[0.585s] -- Up-to-date symlink: /ros2_ws/install/candle_ros2/include/candle_ros2/candle_ros2/srv/detail/generic_md80_msg__type_support.hpp
[0.585s] -- Up-to-date symlink: /ros2_ws/install/candle_ros2/include/candle_ros2/candle_ros2/srv/detail/set_limits_md80__builder.hpp
[0.585s] -- Up-to-date symlink: /ros2_ws/install/candle_ros2/include/candle_ros2/candle_ros2/srv/detail/set_limits_md80__struct.hpp
[0.585s] -- Up-to-date symlink: /ros2_ws/install/candle_ros2/include/candle_ros2/candle_ros2/srv/detail/set_limits_md80__traits.hpp
[0.586s] -- Up-to-date symlink: /ros2_ws/install/candle_ros2/include/candle_ros2/candle_ros2/srv/detail/set_limits_md80__type_support.hpp
[0.586s] -- Up-to-date symlink: /ros2_ws/install/candle_ros2/include/candle_ros2/candle_ros2/srv/detail/set_mode_md80s__builder.hpp
[0.587s] -- Up-to-date symlink: /ros2_ws/install/candle_ros2/include/candle_ros2/candle_ros2/srv/detail/set_mode_md80s__struct.hpp
[0.588s] -- Up-to-date symlink: /ros2_ws/install/candle_ros2/include/candle_ros2/candle_ros2/srv/detail/set_mode_md80s__traits.hpp
[0.588s] -- Up-to-date symlink: /ros2_ws/install/candle_ros2/include/candle_ros2/candle_ros2/srv/detail/set_mode_md80s__type_support.hpp
[0.589s] -- Up-to-date symlink: /ros2_ws/install/candle_ros2/include/candle_ros2/candle_ros2/srv/generic_md80_msg.hpp
[0.589s] -- Up-to-date symlink: /ros2_ws/install/candle_ros2/include/candle_ros2/candle_ros2/srv/set_limits_md80.hpp
[0.590s] -- Up-to-date symlink: /ros2_ws/install/candle_ros2/include/candle_ros2/candle_ros2/srv/set_mode_md80s.hpp
[0.590s] -- Up-to-date symlink: /ros2_ws/install/candle_ros2/include/candle_ros2/candle_ros2/msg/detail/impedance_command__rosidl_typesupport_fastrtps_cpp.hpp
[0.590s] -- Up-to-date symlink: /ros2_ws/install/candle_ros2/include/candle_ros2/candle_ros2/msg/detail/motion_command__rosidl_typesupport_fastrtps_cpp.hpp
[0.591s] -- Up-to-date symlink: /ros2_ws/install/candle_ros2/include/candle_ros2/candle_ros2/msg/detail/pid__rosidl_typesupport_fastrtps_cpp.hpp
[0.591s] -- Up-to-date symlink: /ros2_ws/install/candle_ros2/include/candle_ros2/candle_ros2/msg/detail/position_pid_command__rosidl_typesupport_fastrtps_cpp.hpp
[0.591s] -- Up-to-date symlink: /ros2_ws/install/candle_ros2/include/candle_ros2/candle_ros2/msg/detail/velocity_pid_command__rosidl_typesupport_fastrtps_cpp.hpp
[0.592s] -- Up-to-date symlink: /ros2_ws/install/candle_ros2/include/candle_ros2/candle_ros2/msg/rosidl_typesupport_fastrtps_cpp__visibility_control.h
[0.593s] -- Up-to-date symlink: /ros2_ws/install/candle_ros2/include/candle_ros2/candle_ros2/srv/detail/add_md80s__rosidl_typesupport_fastrtps_cpp.hpp
[0.593s] -- Up-to-date symlink: /ros2_ws/install/candle_ros2/include/candle_ros2/candle_ros2/srv/detail/generic_md80_msg__rosidl_typesupport_fastrtps_cpp.hpp
[0.594s] -- Up-to-date symlink: /ros2_ws/install/candle_ros2/include/candle_ros2/candle_ros2/srv/detail/set_limits_md80__rosidl_typesupport_fastrtps_cpp.hpp
[0.594s] -- Up-to-date symlink: /ros2_ws/install/candle_ros2/include/candle_ros2/candle_ros2/srv/detail/set_mode_md80s__rosidl_typesupport_fastrtps_cpp.hpp
[0.595s] -- Up-to-date symlink: /ros2_ws/install/candle_ros2/include/candle_ros2/candle_ros2/msg/detail/impedance_command__rosidl_typesupport_introspection_c.h
[0.595s] -- Up-to-date symlink: /ros2_ws/install/candle_ros2/include/candle_ros2/candle_ros2/msg/detail/motion_command__rosidl_typesupport_introspection_c.h
[0.596s] -- Up-to-date symlink: /ros2_ws/install/candle_ros2/include/candle_ros2/candle_ros2/msg/detail/pid__rosidl_typesupport_introspection_c.h
[0.596s] -- Up-to-date symlink: /ros2_ws/install/candle_ros2/include/candle_ros2/candle_ros2/msg/detail/position_pid_command__rosidl_typesupport_introspection_c.h
[0.596s] -- Up-to-date symlink: /ros2_ws/install/candle_ros2/include/candle_ros2/candle_ros2/msg/detail/velocity_pid_command__rosidl_typesupport_introspection_c.h
[0.597s] -- Up-to-date symlink: /ros2_ws/install/candle_ros2/include/candle_ros2/candle_ros2/msg/rosidl_typesupport_introspection_c__visibility_control.h
[0.597s] -- Up-to-date symlink: /ros2_ws/install/candle_ros2/include/candle_ros2/candle_ros2/srv/detail/add_md80s__rosidl_typesupport_introspection_c.h
[0.598s] -- Up-to-date symlink: /ros2_ws/install/candle_ros2/include/candle_ros2/candle_ros2/srv/detail/generic_md80_msg__rosidl_typesupport_introspection_c.h
[0.598s] -- Up-to-date symlink: /ros2_ws/install/candle_ros2/include/candle_ros2/candle_ros2/srv/detail/set_limits_md80__rosidl_typesupport_introspection_c.h
[0.599s] -- Up-to-date symlink: /ros2_ws/install/candle_ros2/include/candle_ros2/candle_ros2/srv/detail/set_mode_md80s__rosidl_typesupport_introspection_c.h
[0.599s] -- Up-to-date symlink: /ros2_ws/install/candle_ros2/include/candle_ros2/candle_ros2/msg/detail/impedance_command__rosidl_typesupport_introspection_cpp.hpp
[0.600s] -- Up-to-date symlink: /ros2_ws/install/candle_ros2/include/candle_ros2/candle_ros2/msg/detail/motion_command__rosidl_typesupport_introspection_cpp.hpp
[0.601s] -- Up-to-date symlink: /ros2_ws/install/candle_ros2/include/candle_ros2/candle_ros2/msg/detail/pid__rosidl_typesupport_introspection_cpp.hpp
[0.601s] -- Up-to-date symlink: /ros2_ws/install/candle_ros2/include/candle_ros2/candle_ros2/msg/detail/position_pid_command__rosidl_typesupport_introspection_cpp.hpp
[0.601s] -- Up-to-date symlink: /ros2_ws/install/candle_ros2/include/candle_ros2/candle_ros2/msg/detail/velocity_pid_command__rosidl_typesupport_introspection_cpp.hpp
[0.601s] -- Up-to-date symlink: /ros2_ws/install/candle_ros2/include/candle_ros2/candle_ros2/srv/detail/add_md80s__rosidl_typesupport_introspection_cpp.hpp
[0.602s] -- Up-to-date symlink: /ros2_ws/install/candle_ros2/include/candle_ros2/candle_ros2/srv/detail/generic_md80_msg__rosidl_typesupport_introspection_cpp.hpp
[0.602s] -- Up-to-date symlink: /ros2_ws/install/candle_ros2/include/candle_ros2/candle_ros2/srv/detail/set_limits_md80__rosidl_typesupport_introspection_cpp.hpp
[0.603s] -- Up-to-date symlink: /ros2_ws/install/candle_ros2/include/candle_ros2/candle_ros2/srv/detail/set_mode_md80s__rosidl_typesupport_introspection_cpp.hpp
[0.603s] -- Up-to-date symlink: /ros2_ws/install/candle_ros2/share/candle_ros2/environment/pythonpath.sh
[0.604s] -- Up-to-date symlink: /ros2_ws/install/candle_ros2/share/candle_ros2/environment/pythonpath.dsv
[0.604s] -- Up-to-date symlink: /ros2_ws/install/candle_ros2/lib/python3.12/site-packages/candle_ros2-1.2.0-py3.12.egg-info/PKG-INFO
[0.604s] -- Up-to-date symlink: /ros2_ws/install/candle_ros2/lib/python3.12/site-packages/candle_ros2-1.2.0-py3.12.egg-info/SOURCES.txt
[0.605s] -- Up-to-date symlink: /ros2_ws/install/candle_ros2/lib/python3.12/site-packages/candle_ros2-1.2.0-py3.12.egg-info/dependency_links.txt
[0.605s] -- Up-to-date symlink: /ros2_ws/install/candle_ros2/lib/python3.12/site-packages/candle_ros2-1.2.0-py3.12.egg-info/top_level.txt
[0.606s] -- Up-to-date symlink: /ros2_ws/install/candle_ros2/lib/python3.12/site-packages/candle_ros2/__init__.py
[0.607s] -- Up-to-date symlink: /ros2_ws/install/candle_ros2/lib/python3.12/site-packages/candle_ros2/_candle_ros2_s.ep.rosidl_typesupport_c.c
[0.608s] -- Up-to-date symlink: /ros2_ws/install/candle_ros2/lib/python3.12/site-packages/candle_ros2/_candle_ros2_s.ep.rosidl_typesupport_fastrtps_c.c
[0.608s] -- Up-to-date symlink: /ros2_ws/install/candle_ros2/lib/python3.12/site-packages/candle_ros2/_candle_ros2_s.ep.rosidl_typesupport_introspection_c.c
[0.609s] -- Up-to-date symlink: /ros2_ws/install/candle_ros2/lib/python3.12/site-packages/candle_ros2/candle_ros2_s__rosidl_typesupport_c.so
[0.610s] -- Up-to-date symlink: /ros2_ws/install/candle_ros2/lib/python3.12/site-packages/candle_ros2/candle_ros2_s__rosidl_typesupport_fastrtps_c.so
[0.610s] -- Up-to-date symlink: /ros2_ws/install/candle_ros2/lib/python3.12/site-packages/candle_ros2/candle_ros2_s__rosidl_typesupport_introspection_c.so
[0.611s] -- Up-to-date symlink: /ros2_ws/install/candle_ros2/lib/python3.12/site-packages/candle_ros2/msg/__init__.py
[0.612s] -- Up-to-date symlink: /ros2_ws/install/candle_ros2/lib/python3.12/site-packages/candle_ros2/msg/_impedance_command.py
[0.612s] -- Up-to-date symlink: /ros2_ws/install/candle_ros2/lib/python3.12/site-packages/candle_ros2/msg/_impedance_command_s.c
[0.613s] -- Up-to-date symlink: /ros2_ws/install/candle_ros2/lib/python3.12/site-packages/candle_ros2/msg/_motion_command.py
[0.613s] -- Up-to-date symlink: /ros2_ws/install/candle_ros2/lib/python3.12/site-packages/candle_ros2/msg/_motion_command_s.c
[0.614s] -- Up-to-date symlink: /ros2_ws/install/candle_ros2/lib/python3.12/site-packages/candle_ros2/msg/_pid.py
[0.615s] -- Up-to-date symlink: /ros2_ws/install/candle_ros2/lib/python3.12/site-packages/candle_ros2/msg/_pid_s.c
[0.615s] -- Up-to-date symlink: /ros2_ws/install/candle_ros2/lib/python3.12/site-packages/candle_ros2/msg/_position_pid_command.py
[0.616s] -- Up-to-date symlink: /ros2_ws/install/candle_ros2/lib/python3.12/site-packages/candle_ros2/msg/_position_pid_command_s.c
[0.616s] -- Up-to-date symlink: /ros2_ws/install/candle_ros2/lib/python3.12/site-packages/candle_ros2/msg/_velocity_pid_command.py
[0.617s] -- Up-to-date symlink: /ros2_ws/install/candle_ros2/lib/python3.12/site-packages/candle_ros2/msg/_velocity_pid_command_s.c
[0.617s] -- Up-to-date symlink: /ros2_ws/install/candle_ros2/lib/python3.12/site-packages/candle_ros2/srv/__init__.py
[0.617s] -- Up-to-date symlink: /ros2_ws/install/candle_ros2/lib/python3.12/site-packages/candle_ros2/srv/_add_md80s.py
[0.618s] -- Up-to-date symlink: /ros2_ws/install/candle_ros2/lib/python3.12/site-packages/candle_ros2/srv/_add_md80s_s.c
[0.618s] -- Up-to-date symlink: /ros2_ws/install/candle_ros2/lib/python3.12/site-packages/candle_ros2/srv/_generic_md80_msg.py
[0.619s] -- Up-to-date symlink: /ros2_ws/install/candle_ros2/lib/python3.12/site-packages/candle_ros2/srv/_generic_md80_msg_s.c
[0.619s] -- Up-to-date symlink: /ros2_ws/install/candle_ros2/lib/python3.12/site-packages/candle_ros2/srv/_set_limits_md80.py
[0.619s] -- Up-to-date symlink: /ros2_ws/install/candle_ros2/lib/python3.12/site-packages/candle_ros2/srv/_set_limits_md80_s.c
[0.620s] -- Up-to-date symlink: /ros2_ws/install/candle_ros2/lib/python3.12/site-packages/candle_ros2/srv/_set_mode_md80s.py
[0.620s] -- Up-to-date symlink: /ros2_ws/install/candle_ros2/lib/python3.12/site-packages/candle_ros2/srv/_set_mode_md80s_s.c
[0.621s] -- Up-to-date symlink: /ros2_ws/install/candle_ros2/lib/python3.12/site-packages/candle_ros2/candle_ros2_s__rosidl_typesupport_fastrtps_c.so
[0.621s] -- Up-to-date symlink: /ros2_ws/install/candle_ros2/lib/python3.12/site-packages/candle_ros2/candle_ros2_s__rosidl_typesupport_introspection_c.so
[0.623s] -- Up-to-date symlink: /ros2_ws/install/candle_ros2/lib/python3.12/site-packages/candle_ros2/candle_ros2_s__rosidl_typesupport_c.so
[0.623s] -- Up-to-date symlink: /ros2_ws/install/candle_ros2/share/ament_index/resource_index/rust_packages/candle_ros2
[0.623s] -- Up-to-date symlink: /ros2_ws/install/candle_ros2/share/candle_ros2/rust/Cargo.toml
[0.624s] -- Up-to-date symlink: /ros2_ws/install/candle_ros2/share/candle_ros2/rust/build.rs
[0.624s] -- Up-to-date symlink: /ros2_ws/install/candle_ros2/share/candle_ros2/rust/src/lib.rs
[0.625s] -- Up-to-date symlink: /ros2_ws/install/candle_ros2/share/candle_ros2/rust/src/msg.rs
[0.626s] -- Up-to-date symlink: /ros2_ws/install/candle_ros2/share/candle_ros2/rust/src/msg/rmw.rs
[0.626s] -- Up-to-date symlink: /ros2_ws/install/candle_ros2/share/candle_ros2/rust/src/srv.rs
[0.627s] -- Up-to-date symlink: /ros2_ws/install/candle_ros2/share/candle_ros2/rust/src/srv/rmw.rs
[0.627s] -- Up-to-date symlink: /ros2_ws/install/candle_ros2/share/candle_ros2/msg/ImpedanceCommand.idl
[0.628s] -- Up-to-date symlink: /ros2_ws/install/candle_ros2/share/candle_ros2/msg/MotionCommand.idl
[0.628s] -- Up-to-date symlink: /ros2_ws/install/candle_ros2/share/candle_ros2/msg/Pid.idl
[0.629s] -- Up-to-date symlink: /ros2_ws/install/candle_ros2/share/candle_ros2/msg/VelocityPidCommand.idl
[0.630s] -- Up-to-date symlink: /ros2_ws/install/candle_ros2/share/candle_ros2/msg/PositionPidCommand.idl
[0.630s] -- Up-to-date symlink: /ros2_ws/install/candle_ros2/share/candle_ros2/srv/AddMd80s.idl
[0.630s] -- Up-to-date symlink: /ros2_ws/install/candle_ros2/share/candle_ros2/srv/GenericMd80Msg.idl
[0.631s] -- Up-to-date symlink: /ros2_ws/install/candle_ros2/share/candle_ros2/srv/SetModeMd80s.idl
[0.631s] -- Up-to-date symlink: /ros2_ws/install/candle_ros2/share/candle_ros2/srv/SetLimitsMd80.idl
[0.632s] -- Up-to-date symlink: /ros2_ws/install/candle_ros2/share/candle_ros2/msg/ImpedanceCommand.msg
[0.632s] -- Up-to-date symlink: /ros2_ws/install/candle_ros2/share/candle_ros2/msg/MotionCommand.msg
[0.632s] -- Up-to-date symlink: /ros2_ws/install/candle_ros2/share/candle_ros2/msg/Pid.msg
[0.633s] -- Up-to-date symlink: /ros2_ws/install/candle_ros2/share/candle_ros2/msg/VelocityPidCommand.msg
[0.633s] -- Up-to-date symlink: /ros2_ws/install/candle_ros2/share/candle_ros2/msg/PositionPidCommand.msg
[0.634s] -- Up-to-date symlink: /ros2_ws/install/candle_ros2/share/candle_ros2/srv/AddMd80s.srv
[0.634s] -- Up-to-date symlink: /ros2_ws/install/candle_ros2/share/candle_ros2/srv/GenericMd80Msg.srv
[0.635s] -- Up-to-date symlink: /ros2_ws/install/candle_ros2/share/candle_ros2/srv/SetModeMd80s.srv
[0.635s] -- Up-to-date symlink: /ros2_ws/install/candle_ros2/share/candle_ros2/srv/SetLimitsMd80.srv
[0.636s] -- Up-to-date symlink: /ros2_ws/install/candle_ros2/lib/candle_ros2/candle_ros2_node
[0.636s] -- Up-to-date symlink: /ros2_ws/install/candle_ros2/share/ament_index/resource_index/package_run_dependencies/candle_ros2
[0.637s] -- Up-to-date symlink: /ros2_ws/install/candle_ros2/share/ament_index/resource_index/parent_prefix_path/candle_ros2
[0.637s] -- Up-to-date symlink: /ros2_ws/install/candle_ros2/share/candle_ros2/environment/ament_prefix_path.sh
[0.638s] -- Up-to-date symlink: /ros2_ws/install/candle_ros2/share/candle_ros2/environment/ament_prefix_path.dsv
[0.638s] -- Up-to-date symlink: /ros2_ws/install/candle_ros2/share/candle_ros2/environment/path.sh
[0.638s] -- Up-to-date symlink: /ros2_ws/install/candle_ros2/share/candle_ros2/environment/path.dsv
[0.639s] -- Up-to-date symlink: /ros2_ws/install/candle_ros2/share/candle_ros2/local_setup.bash
[0.639s] -- Up-to-date symlink: /ros2_ws/install/candle_ros2/share/candle_ros2/local_setup.sh
[0.639s] -- Up-to-date symlink: /ros2_ws/install/candle_ros2/share/candle_ros2/local_setup.zsh
[0.640s] -- Up-to-date symlink: /ros2_ws/install/candle_ros2/share/candle_ros2/local_setup.dsv
[0.640s] -- Symlinking: /ros2_ws/install/candle_ros2/share/candle_ros2/package.dsv
[0.666s] -- Up-to-date symlink: /ros2_ws/install/candle_ros2/share/ament_index/resource_index/packages/candle_ros2
[0.667s] -- Up-to-date symlink: /ros2_ws/install/candle_ros2/share/candle_ros2/cmake/rosidl_cmake-extras.cmake
[0.667s] -- Up-to-date symlink: /ros2_ws/install/candle_ros2/share/candle_ros2/cmake/ament_cmake_export_dependencies-extras.cmake
[0.668s] -- Up-to-date symlink: /ros2_ws/install/candle_ros2/share/candle_ros2/cmake/ament_cmake_export_include_directories-extras.cmake
[0.669s] -- Up-to-date symlink: /ros2_ws/install/candle_ros2/share/candle_ros2/cmake/ament_cmake_export_libraries-extras.cmake
[0.669s] -- Up-to-date symlink: /ros2_ws/install/candle_ros2/share/candle_ros2/cmake/ament_cmake_export_targets-extras.cmake
[0.670s] -- Up-to-date symlink: /ros2_ws/install/candle_ros2/share/candle_ros2/cmake/rosidl_cmake_export_typesupport_targets-extras.cmake
[0.670s] -- Up-to-date symlink: /ros2_ws/install/candle_ros2/share/candle_ros2/cmake/rosidl_cmake_export_typesupport_libraries-extras.cmake
[0.671s] -- Up-to-date symlink: /ros2_ws/install/candle_ros2/share/candle_ros2/cmake/rosidl_cmake_aggregate_target-extras.cmake
[0.671s] -- Up-to-date symlink: /ros2_ws/install/candle_ros2/share/candle_ros2/cmake/candle_ros2Config.cmake
[0.671s] -- Up-to-date symlink: /ros2_ws/install/candle_ros2/share/candle_ros2/cmake/candle_ros2Config-version.cmake
[0.672s] -- Up-to-date symlink: /ros2_ws/install/candle_ros2/share/candle_ros2/package.xml
[0.672s] -- Up-to-date: /ros2_ws/install/candle_ros2/lib/libcandle_ros2__rosidl_generator_c.so
[0.673s] -- Up-to-date: /ros2_ws/install/candle_ros2/lib/libcandle_ros2__rosidl_typesupport_fastrtps_c.so
[0.674s] -- Up-to-date: /ros2_ws/install/candle_ros2/lib/libcandle_ros2__rosidl_typesupport_fastrtps_cpp.so
[0.676s] -- Up-to-date: /ros2_ws/install/candle_ros2/lib/libcandle_ros2__rosidl_typesupport_introspection_c.so
[0.677s] -- Up-to-date: /ros2_ws/install/candle_ros2/lib/libcandle_ros2__rosidl_typesupport_c.so
[0.678s] -- Up-to-date: /ros2_ws/install/candle_ros2/lib/libcandle_ros2__rosidl_typesupport_introspection_cpp.so
[0.679s] -- Up-to-date: /ros2_ws/install/candle_ros2/lib/libcandle_ros2__rosidl_typesupport_cpp.so
[0.788s] Listing '/ros2_ws/install/candle_ros2/lib/python3.12/site-packages/candle_ros2'...
[0.788s] Listing '/ros2_ws/install/candle_ros2/lib/python3.12/site-packages/candle_ros2/msg'...
[0.789s] Listing '/ros2_ws/install/candle_ros2/lib/python3.12/site-packages/candle_ros2/srv'...
[0.803s] -- Up-to-date: /ros2_ws/install/candle_ros2/lib/libcandle_ros2__rosidl_generator_py.so
[0.804s] -- Up-to-date: /ros2_ws/install/candle_ros2/share/candle_ros2/cmake/export_candle_ros2__rosidl_generator_cExport.cmake
[0.804s] -- Up-to-date: /ros2_ws/install/candle_ros2/share/candle_ros2/cmake/export_candle_ros2__rosidl_generator_cExport-release.cmake
[0.805s] -- Up-to-date: /ros2_ws/install/candle_ros2/share/candle_ros2/cmake/export_candle_ros2__rosidl_typesupport_fastrtps_cExport.cmake
[0.806s] -- Up-to-date: /ros2_ws/install/candle_ros2/share/candle_ros2/cmake/export_candle_ros2__rosidl_typesupport_fastrtps_cExport-release.cmake
[0.806s] -- Up-to-date: /ros2_ws/install/candle_ros2/share/candle_ros2/cmake/export_candle_ros2__rosidl_generator_cppExport.cmake
[0.807s] -- Up-to-date: /ros2_ws/install/candle_ros2/share/candle_ros2/cmake/export_candle_ros2__rosidl_typesupport_fastrtps_cppExport.cmake
[0.807s] -- Up-to-date: /ros2_ws/install/candle_ros2/share/candle_ros2/cmake/export_candle_ros2__rosidl_typesupport_fastrtps_cppExport-release.cmake
[0.807s] -- Up-to-date: /ros2_ws/install/candle_ros2/share/candle_ros2/cmake/candle_ros2__rosidl_typesupport_introspection_cExport.cmake
[0.807s] -- Up-to-date: /ros2_ws/install/candle_ros2/share/candle_ros2/cmake/candle_ros2__rosidl_typesupport_introspection_cExport-release.cmake
[0.807s] -- Up-to-date: /ros2_ws/install/candle_ros2/share/candle_ros2/cmake/candle_ros2__rosidl_typesupport_cExport.cmake
[0.808s] -- Up-to-date: /ros2_ws/install/candle_ros2/share/candle_ros2/cmake/candle_ros2__rosidl_typesupport_cExport-release.cmake
[0.808s] -- Up-to-date: /ros2_ws/install/candle_ros2/share/candle_ros2/cmake/candle_ros2__rosidl_typesupport_introspection_cppExport.cmake
[0.808s] -- Up-to-date: /ros2_ws/install/candle_ros2/share/candle_ros2/cmake/candle_ros2__rosidl_typesupport_introspection_cppExport-release.cmake
[0.808s] -- Up-to-date: /ros2_ws/install/candle_ros2/share/candle_ros2/cmake/candle_ros2__rosidl_typesupport_cppExport.cmake
[0.809s] -- Up-to-date: /ros2_ws/install/candle_ros2/share/candle_ros2/cmake/candle_ros2__rosidl_typesupport_cppExport-release.cmake
[0.809s] -- Up-to-date: /ros2_ws/install/candle_ros2/share/candle_ros2/cmake/export_candle_ros2__rosidl_generator_pyExport.cmake
[0.809s] -- Up-to-date: /ros2_ws/install/candle_ros2/share/candle_ros2/cmake/export_candle_ros2__rosidl_generator_pyExport-release.cmake
[0.812s] Invoked command in '/ros2_ws/build/candle_ros2' returned '0': CMAKE_PREFIX_PATH=${CMAKE_PREFIX_PATH}:/opt/ros/jazzy /usr/bin/cmake --install /ros2_ws/build/candle_ros2
