[0.010s] Invoking command in '/ros2_ws/build/nmea_navsat_driver': /usr/bin/cmake /ros2_ws/src/nmea_navsat_driver -DCMAKE_BUILD_TYPE=Release -DCATKIN_INSTALL_INTO_PREFIX_ROOT=0 -DCATKIN_SYMLINK_INSTALL=ON -DCMAKE_INSTALL_PREFIX=/ros2_ws/install/nmea_navsat_driver
[0.024s] [0mCMake Deprecation Warning at CMakeLists.txt:1 (cmake_minimum_required):
[0.024s]   Compatibility with CMake < 3.5 will be removed from a future version of
[0.024s]   CMake.
[0.024s] 
[0.024s]   Update the VERSION argument <min> value or use a ...<max> suffix to tell
[0.025s]   CMake that the project does not need compatibility with older versions.
[0.025s] 
[0.025s] [0m
[0.077s] -- The C compiler identification is GNU 13.3.0
[0.135s] -- The CXX compiler identification is GNU 13.3.0
[0.150s] -- Detecting C compiler ABI info
[0.229s] -- Detecting C compiler ABI info - done
[0.239s] -- Check for working C compiler: /usr/bin/cc - skipped
[0.239s] -- Detecting C compile features
[0.240s] -- Detecting C compile features - done
[0.249s] -- Detecting CXX compiler ABI info
[0.338s] -- Detecting CXX compiler ABI info - done
[0.350s] -- Check for working CXX compiler: /usr/bin/c++ - skipped
[0.351s] -- Detecting CXX compile features
[0.351s] -- Detecting CXX compile features - done
[0.357s] [31mCMake Error at CMakeLists.txt:5 (find_package):
[0.357s]   By not providing "Findcatkin.cmake" in CMAKE_MODULE_PATH this project has
[0.357s]   asked CMake to find a package configuration file provided by "catkin", but
[0.357s]   CMake did not find one.
[0.357s] 
[0.357s]   Could not find a package configuration file provided by "catkin" with any
[0.357s]   of the following names:
[0.357s] 
[0.357s]     catkinConfig.cmake
[0.357s]     catkin-config.cmake
[0.357s] 
[0.358s]   Add the installation prefix of "catkin" to CMAKE_PREFIX_PATH or set
[0.358s]   "catkin_DIR" to a directory containing one of the above files.  If "catkin"
[0.358s]   provides a separate development package or SDK, be sure it has been
[0.358s]   installed.
[0.358s] 
[0.358s] [0m
[0.358s] -- Configuring incomplete, errors occurred!
[0.361s] Invoked command in '/ros2_ws/build/nmea_navsat_driver' returned '1': /usr/bin/cmake /ros2_ws/src/nmea_navsat_driver -DCMAKE_BUILD_TYPE=Release -DCATKIN_INSTALL_INTO_PREFIX_ROOT=0 -DCATKIN_SYMLINK_INSTALL=ON -DCMAKE_INSTALL_PREFIX=/ros2_ws/install/nmea_navsat_driver
