[0.000000] (-) TimerEvent: {}
[0.000236] (-) JobUnselected: {'identifier': 'candle_ros2'}
[0.000315] (-) JobUnselected: {'identifier': 'curt_description'}
[0.000362] (-) JobUnselected: {'identifier': 'curt_mini'}
[0.000399] (-) JobUnselected: {'identifier': 'hector_recorder'}
[0.000434] (-) JobUnselected: {'identifier': 'hector_recorder_msgs'}
[0.000461] (-) JobUnselected: {'identifier': 'imu_mag_fusion'}
[0.000491] (-) JobUnselected: {'identifier': 'ipa_ros2_control'}
[0.000522] (-) JobUnselected: {'identifier': 'metavision_driver'}
[0.000550] (-) JobUnselected: {'identifier': 'nmea_navsat_driver'}
[0.000579] (-) JobUnselected: {'identifier': 'ouster_ros'}
[0.000651] (-) JobUnselected: {'identifier': 'ouster_sensor_msgs'}
[0.000686] (-) JobUnselected: {'identifier': 'realsense2_camera'}
[0.000711] (-) JobUnselected: {'identifier': 'realsense2_camera_msgs'}
[0.000746] (-) JobUnselected: {'identifier': 'realsense2_description'}
[0.000775] (-) JobUnselected: {'identifier': 'realsense_camera_info_override'}
[0.000802] (-) JobUnselected: {'identifier': 'rqml_recorder'}
[0.000826] (-) JobUnselected: {'identifier': 'xsens_driver'}
[0.000857] (openzen_driver) JobQueued: {'identifier': 'openzen_driver', 'dependencies': OrderedDict()}
[0.000897] (openzen_driver) JobStarted: {'identifier': 'openzen_driver'}
[0.021359] (openzen_driver) JobProgress: {'identifier': 'openzen_driver', 'progress': 'cmake'}
[0.022620] (openzen_driver) Command: {'cmd': ['/usr/bin/cmake', '/ros2_ws/src/openzenros2', '-DCMAKE_BUILD_TYPE=Release', '-DAMENT_CMAKE_SYMLINK_INSTALL=1', '-DCMAKE_INSTALL_PREFIX=/ros2_ws/install/openzen_driver'], 'cwd': '/ros2_ws/build/openzen_driver', 'env': OrderedDict({'GZ_CONFIG_PATH': '/opt/ros/jazzy/opt/sdformat_vendor/share/gz', 'HOSTNAME': 'toby-desktop', 'SHLVL': '1', 'LD_LIBRARY_PATH': '/opt/ros/jazzy/opt/sdformat_vendor/lib:/opt/ros/jazzy/lib/x86_64-linux-gnu:/opt/ros/jazzy/opt/gz_math_vendor/lib:/opt/ros/jazzy/opt/gz_utils_vendor/lib:/opt/ros/jazzy/opt/gz_tools_vendor/lib:/opt/ros/jazzy/opt/gz_cmake_vendor/lib:/opt/ros/jazzy/lib', 'HOME': '/root', 'ROS_PYTHON_VERSION': '3', 'ROS_DISTRO': 'jazzy', '_': '/usr/bin/colcon', 'ROS_VERSION': '2', 'TERM': 'xterm', 'PATH': '/opt/ros/jazzy/opt/gz_tools_vendor/bin:/opt/ros/jazzy/bin:/usr/local/sbin:/usr/local/bin:/usr/sbin:/usr/bin:/sbin:/bin', 'LANG': 'C.UTF-8', 'RMW_IMPLEMENTATION': 'rmw_cyclonedds_cpp', 'AMENT_PREFIX_PATH': '/opt/ros/jazzy', 'DEBIAN_FRONTEND': 'noninteractive', 'ROS_AUTOMATIC_DISCOVERY_RANGE': 'SUBNET', 'PWD': '/ros2_ws/build/openzen_driver', 'LC_ALL': 'C.UTF-8', 'PYTHONPATH': '/opt/ros/jazzy/lib/python3.12/site-packages', 'COLCON': '1', 'CMAKE_PREFIX_PATH': '/opt/ros/jazzy/opt/sdformat_vendor:/opt/ros/jazzy/opt/gz_math_vendor:/opt/ros/jazzy/opt/gz_utils_vendor:/opt/ros/jazzy/opt/gz_tools_vendor:/opt/ros/jazzy/opt/gz_cmake_vendor:/opt/ros/jazzy'}), 'shell': False}
[0.098764] (-) TimerEvent: {}
[0.199318] (-) TimerEvent: {}
[0.299983] (-) TimerEvent: {}
[0.400679] (-) TimerEvent: {}
[0.465028] (openzen_driver) StdoutLine: {'line': b'-- The C compiler identification is GNU 13.3.0\n'}
[0.500866] (-) TimerEvent: {}
[0.601388] (-) TimerEvent: {}
[0.701923] (-) TimerEvent: {}
[0.800286] (openzen_driver) StdoutLine: {'line': b'-- The CXX compiler identification is GNU 13.3.0\n'}
[0.802048] (-) TimerEvent: {}
[0.874574] (openzen_driver) StdoutLine: {'line': b'-- Detecting C compiler ABI info\n'}
[0.902229] (-) TimerEvent: {}
[1.002838] (-) TimerEvent: {}
[1.103409] (-) TimerEvent: {}
[1.203948] (-) TimerEvent: {}
[1.221474] (openzen_driver) StdoutLine: {'line': b'-- Detecting C compiler ABI info - done\n'}
[1.263171] (openzen_driver) StdoutLine: {'line': b'-- Check for working C compiler: /usr/bin/cc - skipped\n'}
[1.269501] (openzen_driver) StdoutLine: {'line': b'-- Detecting C compile features\n'}
[1.271691] (openzen_driver) StdoutLine: {'line': b'-- Detecting C compile features - done\n'}
[1.304087] (-) TimerEvent: {}
[1.306650] (openzen_driver) StdoutLine: {'line': b'-- Detecting CXX compiler ABI info\n'}
[1.404287] (-) TimerEvent: {}
[1.504897] (-) TimerEvent: {}
[1.605511] (-) TimerEvent: {}
[1.644066] (openzen_driver) StdoutLine: {'line': b'-- Detecting CXX compiler ABI info - done\n'}
[1.680665] (openzen_driver) StdoutLine: {'line': b'-- Check for working CXX compiler: /usr/bin/c++ - skipped\n'}
[1.681626] (openzen_driver) StdoutLine: {'line': b'-- Detecting CXX compile features\n'}
[1.683306] (openzen_driver) StdoutLine: {'line': b'-- Detecting CXX compile features - done\n'}
[1.705697] (-) TimerEvent: {}
[1.711281] (openzen_driver) StdoutLine: {'line': b'-- Found ament_cmake: 2.5.6 (/opt/ros/jazzy/share/ament_cmake/cmake)\n'}
[1.805875] (-) TimerEvent: {}
[1.906416] (-) TimerEvent: {}
[2.006988] (-) TimerEvent: {}
[2.107504] (-) TimerEvent: {}
[2.185262] (openzen_driver) StdoutLine: {'line': b'-- Found Python3: /usr/bin/python3 (found version "3.12.3") found components: Interpreter \n'}
[2.207686] (-) TimerEvent: {}
[2.308216] (-) TimerEvent: {}
[2.408757] (-) TimerEvent: {}
[2.445396] (openzen_driver) StdoutLine: {'line': b'-- Override CMake install command with custom implementation using symlinks instead of copying resources\n'}
[2.508916] (-) TimerEvent: {}
[2.574579] (openzen_driver) StdoutLine: {'line': b'-- Found rclcpp: 28.1.21 (/opt/ros/jazzy/share/rclcpp/cmake)\n'}
[2.609114] (-) TimerEvent: {}
[2.709591] (-) TimerEvent: {}
[2.729643] (openzen_driver) StdoutLine: {'line': b'-- Found rosidl_generator_c: 4.6.9 (/opt/ros/jazzy/share/rosidl_generator_c/cmake)\n'}
[2.781246] (openzen_driver) StdoutLine: {'line': b'-- Found rosidl_generator_cpp: 4.6.9 (/opt/ros/jazzy/share/rosidl_generator_cpp/cmake)\n'}
[2.809780] (-) TimerEvent: {}
[2.845015] (openzen_driver) StdoutLine: {'line': b'-- Using all available rosidl_typesupport_c: rosidl_typesupport_fastrtps_c;rosidl_typesupport_introspection_c\n'}
[2.909966] (-) TimerEvent: {}
[2.915415] (openzen_driver) StdoutLine: {'line': b'-- Using all available rosidl_typesupport_cpp: rosidl_typesupport_fastrtps_cpp;rosidl_typesupport_introspection_cpp\n'}
[3.010148] (-) TimerEvent: {}
[3.110654] (-) TimerEvent: {}
[3.211184] (-) TimerEvent: {}
[3.211668] (openzen_driver) StdoutLine: {'line': b'-- Found rmw_implementation_cmake: 7.3.3 (/opt/ros/jazzy/share/rmw_implementation_cmake/cmake)\n'}
[3.222172] (openzen_driver) StdoutLine: {'line': b'-- Found rmw_cyclonedds_cpp: 2.2.3 (/opt/ros/jazzy/share/rmw_cyclonedds_cpp/cmake)\n'}
[3.311367] (-) TimerEvent: {}
[3.318536] (openzen_driver) StdoutLine: {'line': b"-- Using RMW implementation 'rmw_cyclonedds_cpp' as default\n"}
[3.411545] (-) TimerEvent: {}
[3.512071] (-) TimerEvent: {}
[3.587815] (openzen_driver) StdoutLine: {'line': b'-- Found std_msgs: 5.3.8 (/opt/ros/jazzy/share/std_msgs/cmake)\n'}
[3.612231] (-) TimerEvent: {}
[3.649672] (openzen_driver) StdoutLine: {'line': b'-- Found sensor_msgs: 5.3.8 (/opt/ros/jazzy/share/sensor_msgs/cmake)\n'}
[3.712407] (-) TimerEvent: {}
[3.810209] (openzen_driver) StdoutLine: {'line': b'-- Found std_srvs: 5.3.8 (/opt/ros/jazzy/share/std_srvs/cmake)\n'}
[3.812554] (-) TimerEvent: {}
[3.880613] (openzen_driver) StderrLine: {'line': b'\x1b[0mPlease install libbluetooth-dev for bluetooth support\x1b[0m\n'}
[3.885066] (openzen_driver) StdoutLine: {'line': b"-- Project 'expected_lite', package 'expected-lite' version: '0.2.0'\n"}
[3.900093] (openzen_driver) StderrLine: {'line': b'\x1b[0mBinary libraries will not be downloaded\x1b[0m\n'}
[3.908384] (openzen_driver) StdoutLine: {'line': b'-- Build spdlog: 1.14.1\n'}
[3.912705] (-) TimerEvent: {}
[3.916712] (openzen_driver) StdoutLine: {'line': b'-- Performing Test CMAKE_HAVE_LIBC_PTHREAD\n'}
[4.012929] (-) TimerEvent: {}
[4.113476] (-) TimerEvent: {}
[4.186078] (openzen_driver) StdoutLine: {'line': b'-- Performing Test CMAKE_HAVE_LIBC_PTHREAD - Success\n'}
[4.189189] (openzen_driver) StdoutLine: {'line': b'-- Found Threads: TRUE  \n'}
[4.189934] (openzen_driver) StdoutLine: {'line': b'-- Build type: Release\n'}
[4.213640] (-) TimerEvent: {}
[4.218799] (openzen_driver) StdoutLine: {'line': b'-- Found launch_testing_ament_cmake: 3.4.11 (/opt/ros/jazzy/share/launch_testing_ament_cmake/cmake)\n'}
[4.227344] (openzen_driver) StdoutLine: {'line': b'-- Found python_cmake_module: 0.11.1 (/opt/ros/jazzy/share/python_cmake_module/cmake)\n'}
[4.313820] (-) TimerEvent: {}
[4.414337] (-) TimerEvent: {}
[4.514823] (-) TimerEvent: {}
[4.601134] (openzen_driver) StdoutLine: {'line': b'-- Found PythonExtra: /usr/bin/python3  \n'}
[4.614987] (-) TimerEvent: {}
[4.715445] (-) TimerEvent: {}
[4.815909] (-) TimerEvent: {}
[4.842806] (openzen_driver) StdoutLine: {'line': b'-- Configuring done (4.7s)\n'}
[4.904416] (openzen_driver) StdoutLine: {'line': b'-- Generating done (0.0s)\n'}
[4.916080] (-) TimerEvent: {}
[4.925630] (openzen_driver) StdoutLine: {'line': b'-- Build files have been written to: /ros2_ws/build/openzen_driver\n'}
[4.952989] (openzen_driver) CommandEnded: {'returncode': 0}
[4.954632] (openzen_driver) JobProgress: {'identifier': 'openzen_driver', 'progress': 'build'}
[4.957179] (openzen_driver) Command: {'cmd': ['/usr/bin/cmake', '--build', '/ros2_ws/build/openzen_driver', '--', '-j12', '-l12'], 'cwd': '/ros2_ws/build/openzen_driver', 'env': OrderedDict({'GZ_CONFIG_PATH': '/opt/ros/jazzy/opt/sdformat_vendor/share/gz', 'HOSTNAME': 'toby-desktop', 'SHLVL': '1', 'LD_LIBRARY_PATH': '/opt/ros/jazzy/opt/sdformat_vendor/lib:/opt/ros/jazzy/lib/x86_64-linux-gnu:/opt/ros/jazzy/opt/gz_math_vendor/lib:/opt/ros/jazzy/opt/gz_utils_vendor/lib:/opt/ros/jazzy/opt/gz_tools_vendor/lib:/opt/ros/jazzy/opt/gz_cmake_vendor/lib:/opt/ros/jazzy/lib', 'HOME': '/root', 'ROS_PYTHON_VERSION': '3', 'ROS_DISTRO': 'jazzy', '_': '/usr/bin/colcon', 'ROS_VERSION': '2', 'TERM': 'xterm', 'PATH': '/opt/ros/jazzy/opt/gz_tools_vendor/bin:/opt/ros/jazzy/bin:/usr/local/sbin:/usr/local/bin:/usr/sbin:/usr/bin:/sbin:/bin', 'LANG': 'C.UTF-8', 'RMW_IMPLEMENTATION': 'rmw_cyclonedds_cpp', 'AMENT_PREFIX_PATH': '/opt/ros/jazzy', 'DEBIAN_FRONTEND': 'noninteractive', 'ROS_AUTOMATIC_DISCOVERY_RANGE': 'SUBNET', 'PWD': '/ros2_ws/build/openzen_driver', 'LC_ALL': 'C.UTF-8', 'PYTHONPATH': '/opt/ros/jazzy/lib/python3.12/site-packages', 'COLCON': '1', 'CMAKE_PREFIX_PATH': '/opt/ros/jazzy/opt/sdformat_vendor:/opt/ros/jazzy/opt/gz_math_vendor:/opt/ros/jazzy/opt/gz_utils_vendor:/opt/ros/jazzy/opt/gz_tools_vendor:/opt/ros/jazzy/opt/gz_cmake_vendor:/opt/ros/jazzy'}), 'shell': False}
[5.016273] (-) TimerEvent: {}
[5.107587] (openzen_driver) StdoutLine: {'line': b'[  4%] \x1b[32mBuilding CXX object openzen/external/spdlog/CMakeFiles/spdlog.dir/src/color_sinks.cpp.o\x1b[0m\n'}
[5.108458] (openzen_driver) StdoutLine: {'line': b'[  4%] \x1b[32mBuilding CXX object openzen/external/spdlog/CMakeFiles/spdlog.dir/src/spdlog.cpp.o\x1b[0m\n'}
[5.111139] (openzen_driver) StdoutLine: {'line': b'[  7%] \x1b[32mBuilding CXX object openzen/external/spdlog/CMakeFiles/spdlog.dir/src/bundled_fmtlib_format.cpp.o\x1b[0m\n'}
[5.112019] (openzen_driver) StdoutLine: {'line': b'[  9%] \x1b[32mBuilding CXX object openzen/external/spdlog/CMakeFiles/spdlog.dir/src/file_sinks.cpp.o\x1b[0m\n'}
[5.114691] (openzen_driver) StdoutLine: {'line': b'[ 11%] \x1b[32mBuilding CXX object openzen/external/spdlog/CMakeFiles/spdlog.dir/src/cfg.cpp.o\x1b[0m\n'}
[5.116430] (-) TimerEvent: {}
[5.117068] (openzen_driver) StdoutLine: {'line': b'[ 14%] \x1b[32mBuilding CXX object openzen/external/spdlog/CMakeFiles/spdlog.dir/src/stdout_sinks.cpp.o\x1b[0m\n'}
[5.119926] (openzen_driver) StdoutLine: {'line': b'[ 16%] \x1b[32mBuilding CXX object openzen/external/spdlog/CMakeFiles/spdlog.dir/src/async.cpp.o\x1b[0m\n'}
[5.216599] (-) TimerEvent: {}
[5.317316] (-) TimerEvent: {}
[5.417930] (-) TimerEvent: {}
[5.518242] (-) TimerEvent: {}
[5.618557] (-) TimerEvent: {}
[5.718900] (-) TimerEvent: {}
[5.819212] (-) TimerEvent: {}
[5.919544] (-) TimerEvent: {}
[6.019888] (-) TimerEvent: {}
[6.120211] (-) TimerEvent: {}
[6.220532] (-) TimerEvent: {}
[6.320852] (-) TimerEvent: {}
[6.421174] (-) TimerEvent: {}
[6.521494] (-) TimerEvent: {}
[6.621814] (-) TimerEvent: {}
[6.722085] (-) TimerEvent: {}
[6.822391] (-) TimerEvent: {}
[6.922713] (-) TimerEvent: {}
[7.023031] (-) TimerEvent: {}
[7.123341] (-) TimerEvent: {}
[7.223651] (-) TimerEvent: {}
[7.323965] (-) TimerEvent: {}
[7.424285] (-) TimerEvent: {}
[7.524604] (-) TimerEvent: {}
[7.624889] (-) TimerEvent: {}
[7.725166] (-) TimerEvent: {}
[7.825459] (-) TimerEvent: {}
[7.925747] (-) TimerEvent: {}
[8.026011] (-) TimerEvent: {}
[8.126269] (-) TimerEvent: {}
[8.226527] (-) TimerEvent: {}
[8.326789] (-) TimerEvent: {}
[8.427050] (-) TimerEvent: {}
[8.527306] (-) TimerEvent: {}
[8.627558] (-) TimerEvent: {}
[8.727829] (-) TimerEvent: {}
[8.828086] (-) TimerEvent: {}
[8.928342] (-) TimerEvent: {}
[9.028596] (-) TimerEvent: {}
[9.128844] (-) TimerEvent: {}
[9.229109] (-) TimerEvent: {}
[9.329362] (-) TimerEvent: {}
[9.429629] (-) TimerEvent: {}
[9.529902] (-) TimerEvent: {}
[9.630168] (-) TimerEvent: {}
[9.730433] (-) TimerEvent: {}
[9.830707] (-) TimerEvent: {}
[9.930933] (-) TimerEvent: {}
[10.031192] (-) TimerEvent: {}
[10.131452] (-) TimerEvent: {}
[10.231701] (-) TimerEvent: {}
[10.331961] (-) TimerEvent: {}
[10.432212] (-) TimerEvent: {}
[10.532466] (-) TimerEvent: {}
[10.632733] (-) TimerEvent: {}
[10.733001] (-) TimerEvent: {}
[10.833254] (-) TimerEvent: {}
[10.933505] (-) TimerEvent: {}
[11.033759] (-) TimerEvent: {}
[11.133984] (-) TimerEvent: {}
[11.194995] (openzen_driver) StdoutLine: {'line': b'[ 19%] \x1b[32m\x1b[1mLinking CXX static library libspdlog.a\x1b[0m\n'}
[11.234136] (-) TimerEvent: {}
[11.300646] (openzen_driver) StdoutLine: {'line': b'[ 19%] Built target spdlog\n'}
[11.334310] (-) TimerEvent: {}
[11.371867] (openzen_driver) StdoutLine: {'line': b'[ 26%] \x1b[32mBuilding CXX object openzen/CMakeFiles/OpenZen.dir/src/ISensorProperties.cpp.o\x1b[0m\n'}
[11.372655] (openzen_driver) StdoutLine: {'line': b'[ 26%] \x1b[32mBuilding CXX object openzen/CMakeFiles/OpenZen.dir/src/Sensor.cpp.o\x1b[0m\n'}
[11.373517] (openzen_driver) StdoutLine: {'line': b'[ 26%] \x1b[32mBuilding CXX object openzen/CMakeFiles/OpenZen.dir/src/OpenZen.cpp.o\x1b[0m\n'}
[11.374208] (openzen_driver) StdoutLine: {'line': b'[ 28%] \x1b[32mBuilding CXX object openzen/CMakeFiles/OpenZen.dir/src/SensorClient.cpp.o\x1b[0m\n'}
[11.376555] (openzen_driver) StdoutLine: {'line': b'[ 30%] \x1b[32mBuilding CXX object openzen/CMakeFiles/OpenZen.dir/src/SensorManager.cpp.o\x1b[0m\n'}
[11.378246] (openzen_driver) StdoutLine: {'line': b'[ 33%] \x1b[32mBuilding CXX object openzen/CMakeFiles/OpenZen.dir/src/SensorProperties.cpp.o\x1b[0m\n'}
[11.378953] (openzen_driver) StdoutLine: {'line': b'[ 35%] \x1b[32mBuilding CXX object openzen/CMakeFiles/OpenZen.dir/src/LpMatrix.cpp.o\x1b[0m\n'}
[11.379572] (openzen_driver) StdoutLine: {'line': b'[ 40%] \x1b[32mBuilding CXX object openzen/CMakeFiles/OpenZen.dir/src/communication/ConnectionNegotiator.cpp.o\x1b[0m\n'}
[11.380503] (openzen_driver) StdoutLine: {'line': b'[ 40%] \x1b[32mBuilding CXX object openzen/CMakeFiles/OpenZen.dir/bindings/OpenZenCSharp/OpenZen_wrap_csharp.cxx.o\x1b[0m\n'}
[11.381316] (openzen_driver) StdoutLine: {'line': b'[ 42%] \x1b[32mBuilding CXX object openzen/CMakeFiles/OpenZen.dir/src/communication/Modbus.cpp.o\x1b[0m\n'}
[11.382099] (openzen_driver) StdoutLine: {'line': b'[ 45%] \x1b[32mBuilding CXX object openzen/CMakeFiles/OpenZen.dir/src/communication/ModbusCommunicator.cpp.o\x1b[0m\n'}
[11.382872] (openzen_driver) StdoutLine: {'line': b'[ 47%] \x1b[32mBuilding CXX object openzen/CMakeFiles/OpenZen.dir/src/communication/SyncedModbusCommunicator.cpp.o\x1b[0m\n'}
[11.435093] (-) TimerEvent: {}
[11.536857] (-) TimerEvent: {}
[11.637673] (-) TimerEvent: {}
[11.738805] (-) TimerEvent: {}
[11.839327] (-) TimerEvent: {}
[11.939806] (-) TimerEvent: {}
[12.043407] (-) TimerEvent: {}
[12.143800] (-) TimerEvent: {}
[12.244188] (-) TimerEvent: {}
[12.344803] (-) TimerEvent: {}
[12.357877] (openzen_driver) StdoutLine: {'line': b'[ 50%] \x1b[32mBuilding CXX object openzen/CMakeFiles/OpenZen.dir/src/components/ComponentFactoryManager.cpp.o\x1b[0m\n'}
[12.381237] (openzen_driver) StdoutLine: {'line': b'[ 52%] \x1b[32mBuilding CXX object openzen/CMakeFiles/OpenZen.dir/src/components/ImuComponent.cpp.o\x1b[0m\n'}
[12.444924] (-) TimerEvent: {}
[12.545446] (-) TimerEvent: {}
[12.615009] (openzen_driver) StdoutLine: {'line': b'[ 54%] \x1b[32mBuilding CXX object openzen/CMakeFiles/OpenZen.dir/src/components/ImuIg1Component.cpp.o\x1b[0m\n'}
[12.645564] (-) TimerEvent: {}
[12.746037] (-) TimerEvent: {}
[12.775572] (openzen_driver) StdoutLine: {'line': b'[ 57%] \x1b[32mBuilding CXX object openzen/CMakeFiles/OpenZen.dir/src/components/GnssComponent.cpp.o\x1b[0m\n'}
[12.846155] (-) TimerEvent: {}
[12.950082] (-) TimerEvent: {}
[13.050558] (-) TimerEvent: {}
[13.151038] (-) TimerEvent: {}
[13.238980] (openzen_driver) StdoutLine: {'line': b'[ 59%] \x1b[32mBuilding CXX object openzen/CMakeFiles/OpenZen.dir/src/components/factories/ImuComponentFactory.cpp.o\x1b[0m\n'}
[13.251152] (-) TimerEvent: {}
[13.351602] (-) TimerEvent: {}
[13.446788] (openzen_driver) StdoutLine: {'line': b'[ 61%] \x1b[32mBuilding CXX object openzen/CMakeFiles/OpenZen.dir/src/components/factories/GnssComponentFactory.cpp.o\x1b[0m\n'}
[13.451715] (-) TimerEvent: {}
[13.552171] (-) TimerEvent: {}
[13.652615] (-) TimerEvent: {}
[13.656314] (openzen_driver) StdoutLine: {'line': b'[ 64%] \x1b[32mBuilding CXX object openzen/CMakeFiles/OpenZen.dir/src/io/IoManager.cpp.o\x1b[0m\n'}
[13.752806] (-) TimerEvent: {}
[13.856184] (-) TimerEvent: {}
[13.883801] (openzen_driver) StdoutLine: {'line': b'[ 66%] \x1b[32mBuilding CXX object openzen/CMakeFiles/OpenZen.dir/src/io/interfaces/TestSensorInterface.cpp.o\x1b[0m\n'}
[13.956303] (-) TimerEvent: {}
[14.008124] (openzen_driver) StdoutLine: {'line': b'[ 69%] \x1b[32mBuilding CXX object openzen/CMakeFiles/OpenZen.dir/src/io/interfaces/posix/PosixDeviceInterface.cpp.o\x1b[0m\n'}
[14.056421] (-) TimerEvent: {}
[14.156885] (-) TimerEvent: {}
[14.257317] (-) TimerEvent: {}
[14.357785] (-) TimerEvent: {}
[14.458236] (-) TimerEvent: {}
[14.558716] (-) TimerEvent: {}
[14.659810] (-) TimerEvent: {}
[14.760293] (-) TimerEvent: {}
[14.860809] (-) TimerEvent: {}
[14.963107] (-) TimerEvent: {}
[15.063588] (-) TimerEvent: {}
[15.102585] (openzen_driver) StdoutLine: {'line': b'[ 71%] \x1b[32mBuilding CXX object openzen/CMakeFiles/OpenZen.dir/src/io/systems/TestSensorSystem.cpp.o\x1b[0m\n'}
[15.163717] (-) TimerEvent: {}
[15.182802] (openzen_driver) StdoutLine: {'line': b'[ 73%] \x1b[32mBuilding CXX object openzen/CMakeFiles/OpenZen.dir/src/io/systems/linux/LinuxDeviceSystem.cpp.o\x1b[0m\n'}
[15.263823] (-) TimerEvent: {}
[15.364191] (-) TimerEvent: {}
[15.464556] (-) TimerEvent: {}
[15.526797] (openzen_driver) StdoutLine: {'line': b'[ 76%] \x1b[32mBuilding CXX object openzen/CMakeFiles/OpenZen.dir/src/properties/LegacyCoreProperties.cpp.o\x1b[0m\n'}
[15.527781] (openzen_driver) StdoutLine: {'line': b'[ 78%] \x1b[32mBuilding CXX object openzen/CMakeFiles/OpenZen.dir/src/properties/Ig1CoreProperties.cpp.o\x1b[0m\n'}
[15.564818] (-) TimerEvent: {}
[15.617871] (openzen_driver) StdoutLine: {'line': b'[ 80%] \x1b[32mBuilding CXX object openzen/CMakeFiles/OpenZen.dir/src/properties/LegacyImuProperties.cpp.o\x1b[0m\n'}
[15.662882] (openzen_driver) StdoutLine: {'line': b'[ 83%] \x1b[32mBuilding CXX object openzen/CMakeFiles/OpenZen.dir/src/properties/Ig1ImuProperties.cpp.o\x1b[0m\n'}
[15.664926] (-) TimerEvent: {}
[15.679918] (openzen_driver) StdoutLine: {'line': b'[ 85%] \x1b[32mBuilding CXX object openzen/CMakeFiles/OpenZen.dir/src/properties/Ig1GnssProperties.cpp.o\x1b[0m\n'}
[15.700175] (openzen_driver) StdoutLine: {'line': b'[ 88%] \x1b[32mBuilding CXX object openzen/CMakeFiles/OpenZen.dir/src/utility/gnss/RTCM3NetworkSource.cpp.o\x1b[0m\n'}
[15.765043] (-) TimerEvent: {}
[15.786069] (openzen_driver) StdoutLine: {'line': b'[ 90%] \x1b[32mBuilding CXX object openzen/CMakeFiles/OpenZen.dir/src/utility/gnss/RTCM3SerialSource.cpp.o\x1b[0m\n'}
[15.865226] (-) TimerEvent: {}
[15.965734] (-) TimerEvent: {}
[16.066320] (-) TimerEvent: {}
[16.170107] (-) TimerEvent: {}
[16.270568] (-) TimerEvent: {}
[16.371036] (-) TimerEvent: {}
[16.471500] (-) TimerEvent: {}
[16.480845] (openzen_driver) StdoutLine: {'line': b'[ 92%] \x1b[32mBuilding CXX object openzen/CMakeFiles/OpenZen.dir/src/utility/posix/PosixDll.cpp.o\x1b[0m\n'}
[16.571615] (-) TimerEvent: {}
[16.671990] (-) TimerEvent: {}
[16.772334] (-) TimerEvent: {}
[16.872677] (-) TimerEvent: {}
[16.973053] (-) TimerEvent: {}
[17.073409] (-) TimerEvent: {}
[17.173753] (-) TimerEvent: {}
[17.274807] (-) TimerEvent: {}
[17.375160] (-) TimerEvent: {}
[17.475918] (-) TimerEvent: {}
[17.576244] (-) TimerEvent: {}
[17.676571] (-) TimerEvent: {}
[17.776893] (-) TimerEvent: {}
[17.877207] (-) TimerEvent: {}
[17.977531] (-) TimerEvent: {}
[18.077864] (-) TimerEvent: {}
[18.178189] (-) TimerEvent: {}
[18.278500] (-) TimerEvent: {}
[18.378833] (-) TimerEvent: {}
[18.479153] (-) TimerEvent: {}
[18.579420] (-) TimerEvent: {}
[18.679693] (-) TimerEvent: {}
[18.779960] (-) TimerEvent: {}
[18.880212] (-) TimerEvent: {}
[18.980466] (-) TimerEvent: {}
[19.080713] (-) TimerEvent: {}
[19.180972] (-) TimerEvent: {}
[19.281226] (-) TimerEvent: {}
[19.381480] (-) TimerEvent: {}
[19.481750] (-) TimerEvent: {}
[19.582009] (-) TimerEvent: {}
[19.682274] (-) TimerEvent: {}
[19.766372] (openzen_driver) StdoutLine: {'line': b'[ 95%] \x1b[32m\x1b[1mLinking CXX shared library libOpenZen.so\x1b[0m\n'}
[19.782407] (-) TimerEvent: {}
[19.882762] (-) TimerEvent: {}
[19.983191] (-) TimerEvent: {}
[20.053601] (openzen_driver) StdoutLine: {'line': b'[ 95%] Built target OpenZen\n'}
[20.083364] (-) TimerEvent: {}
[20.102211] (openzen_driver) StdoutLine: {'line': b'[ 97%] \x1b[32mBuilding CXX object CMakeFiles/openzen_node.dir/src/OpenZenNode.cpp.o\x1b[0m\n'}
[20.183515] (-) TimerEvent: {}
[20.283926] (-) TimerEvent: {}
[20.384325] (-) TimerEvent: {}
[20.484730] (-) TimerEvent: {}
[20.585153] (-) TimerEvent: {}
[20.685552] (-) TimerEvent: {}
[20.786109] (-) TimerEvent: {}
[20.886504] (-) TimerEvent: {}
[20.986893] (-) TimerEvent: {}
[21.087350] (-) TimerEvent: {}
[21.187814] (-) TimerEvent: {}
[21.288282] (-) TimerEvent: {}
[21.388672] (-) TimerEvent: {}
[21.488919] (-) TimerEvent: {}
[21.589167] (-) TimerEvent: {}
[21.689409] (-) TimerEvent: {}
[21.789660] (-) TimerEvent: {}
[21.889917] (-) TimerEvent: {}
[21.990173] (-) TimerEvent: {}
[22.090428] (-) TimerEvent: {}
[22.190689] (-) TimerEvent: {}
[22.290948] (-) TimerEvent: {}
[22.391197] (-) TimerEvent: {}
[22.491453] (-) TimerEvent: {}
[22.591704] (-) TimerEvent: {}
[22.691976] (-) TimerEvent: {}
[22.792257] (-) TimerEvent: {}
[22.892507] (-) TimerEvent: {}
[22.992772] (-) TimerEvent: {}
[23.093026] (-) TimerEvent: {}
[23.193271] (-) TimerEvent: {}
[23.293520] (-) TimerEvent: {}
[23.393767] (-) TimerEvent: {}
[23.494010] (-) TimerEvent: {}
[23.594267] (-) TimerEvent: {}
[23.694513] (-) TimerEvent: {}
[23.794842] (-) TimerEvent: {}
[23.895089] (-) TimerEvent: {}
[23.995322] (-) TimerEvent: {}
[24.095580] (-) TimerEvent: {}
[24.195812] (-) TimerEvent: {}
[24.296064] (-) TimerEvent: {}
[24.396327] (-) TimerEvent: {}
[24.496592] (-) TimerEvent: {}
[24.596805] (-) TimerEvent: {}
[24.697032] (-) TimerEvent: {}
[24.797270] (-) TimerEvent: {}
[24.897518] (-) TimerEvent: {}
[24.997772] (-) TimerEvent: {}
[25.098020] (-) TimerEvent: {}
[25.198269] (-) TimerEvent: {}
[25.298521] (-) TimerEvent: {}
[25.398782] (-) TimerEvent: {}
[25.499041] (-) TimerEvent: {}
[25.599294] (-) TimerEvent: {}
[25.699549] (-) TimerEvent: {}
[25.799801] (-) TimerEvent: {}
[25.900050] (-) TimerEvent: {}
[26.000294] (-) TimerEvent: {}
[26.100544] (-) TimerEvent: {}
[26.200797] (-) TimerEvent: {}
[26.301038] (-) TimerEvent: {}
[26.401285] (-) TimerEvent: {}
[26.501540] (-) TimerEvent: {}
[26.601787] (-) TimerEvent: {}
[26.702031] (-) TimerEvent: {}
[26.802284] (-) TimerEvent: {}
[26.902534] (-) TimerEvent: {}
[27.002795] (-) TimerEvent: {}
[27.103035] (-) TimerEvent: {}
[27.203286] (-) TimerEvent: {}
[27.303534] (-) TimerEvent: {}
[27.403786] (-) TimerEvent: {}
[27.504034] (-) TimerEvent: {}
[27.604290] (-) TimerEvent: {}
[27.704523] (-) TimerEvent: {}
[27.804775] (-) TimerEvent: {}
[27.905036] (-) TimerEvent: {}
[28.005287] (-) TimerEvent: {}
[28.105532] (-) TimerEvent: {}
[28.205790] (-) TimerEvent: {}
[28.306050] (-) TimerEvent: {}
[28.406294] (-) TimerEvent: {}
[28.506553] (-) TimerEvent: {}
[28.606817] (-) TimerEvent: {}
[28.707045] (-) TimerEvent: {}
[28.807300] (-) TimerEvent: {}
[28.907551] (-) TimerEvent: {}
[29.007798] (-) TimerEvent: {}
[29.108050] (-) TimerEvent: {}
[29.208302] (-) TimerEvent: {}
[29.308550] (-) TimerEvent: {}
[29.408811] (-) TimerEvent: {}
[29.509065] (-) TimerEvent: {}
[29.609313] (-) TimerEvent: {}
[29.709562] (-) TimerEvent: {}
[29.809808] (-) TimerEvent: {}
[29.910060] (-) TimerEvent: {}
[30.010315] (-) TimerEvent: {}
[30.110573] (-) TimerEvent: {}
[30.210822] (-) TimerEvent: {}
[30.311072] (-) TimerEvent: {}
[30.411317] (-) TimerEvent: {}
[30.511586] (-) TimerEvent: {}
[30.611843] (-) TimerEvent: {}
[30.712098] (-) TimerEvent: {}
[30.812341] (-) TimerEvent: {}
[30.912561] (-) TimerEvent: {}
[31.012824] (-) TimerEvent: {}
[31.113078] (-) TimerEvent: {}
[31.213325] (-) TimerEvent: {}
[31.313577] (-) TimerEvent: {}
[31.413823] (-) TimerEvent: {}
[31.514079] (-) TimerEvent: {}
[31.614331] (-) TimerEvent: {}
[31.714589] (-) TimerEvent: {}
[31.814841] (-) TimerEvent: {}
[31.915134] (-) TimerEvent: {}
[31.972517] (openzen_driver) StdoutLine: {'line': b'[100%] \x1b[32m\x1b[1mLinking CXX executable openzen_node\x1b[0m\n'}
[32.015308] (-) TimerEvent: {}
[32.115760] (-) TimerEvent: {}
[32.216339] (-) TimerEvent: {}
[32.316845] (-) TimerEvent: {}
[32.417306] (-) TimerEvent: {}
[32.517774] (-) TimerEvent: {}
[32.524418] (openzen_driver) StdoutLine: {'line': b'[100%] Built target openzen_node\n'}
[32.555363] (openzen_driver) CommandEnded: {'returncode': 0}
[32.557126] (openzen_driver) JobProgress: {'identifier': 'openzen_driver', 'progress': 'install'}
[32.582115] (openzen_driver) Command: {'cmd': ['/usr/bin/cmake', '--install', '/ros2_ws/build/openzen_driver'], 'cwd': '/ros2_ws/build/openzen_driver', 'env': OrderedDict({'GZ_CONFIG_PATH': '/opt/ros/jazzy/opt/sdformat_vendor/share/gz', 'HOSTNAME': 'toby-desktop', 'SHLVL': '1', 'LD_LIBRARY_PATH': '/opt/ros/jazzy/opt/sdformat_vendor/lib:/opt/ros/jazzy/lib/x86_64-linux-gnu:/opt/ros/jazzy/opt/gz_math_vendor/lib:/opt/ros/jazzy/opt/gz_utils_vendor/lib:/opt/ros/jazzy/opt/gz_tools_vendor/lib:/opt/ros/jazzy/opt/gz_cmake_vendor/lib:/opt/ros/jazzy/lib', 'HOME': '/root', 'ROS_PYTHON_VERSION': '3', 'ROS_DISTRO': 'jazzy', '_': '/usr/bin/colcon', 'ROS_VERSION': '2', 'TERM': 'xterm', 'PATH': '/opt/ros/jazzy/opt/gz_tools_vendor/bin:/opt/ros/jazzy/bin:/usr/local/sbin:/usr/local/bin:/usr/sbin:/usr/bin:/sbin:/bin', 'LANG': 'C.UTF-8', 'RMW_IMPLEMENTATION': 'rmw_cyclonedds_cpp', 'AMENT_PREFIX_PATH': '/opt/ros/jazzy', 'DEBIAN_FRONTEND': 'noninteractive', 'ROS_AUTOMATIC_DISCOVERY_RANGE': 'SUBNET', 'PWD': '/ros2_ws/build/openzen_driver', 'LC_ALL': 'C.UTF-8', 'PYTHONPATH': '/opt/ros/jazzy/lib/python3.12/site-packages', 'COLCON': '1', 'CMAKE_PREFIX_PATH': '/opt/ros/jazzy/opt/sdformat_vendor:/opt/ros/jazzy/opt/gz_math_vendor:/opt/ros/jazzy/opt/gz_utils_vendor:/opt/ros/jazzy/opt/gz_tools_vendor:/opt/ros/jazzy/opt/gz_cmake_vendor:/opt/ros/jazzy'}), 'shell': False}
[32.604656] (openzen_driver) StdoutLine: {'line': b'-- Install configuration: "Release"\n'}
[32.606092] (openzen_driver) StdoutLine: {'line': b'-- Execute custom install script\n'}
[32.606864] (openzen_driver) StdoutLine: {'line': b'-- Symlinking: /ros2_ws/install/openzen_driver/lib/cmake/nonstd/expected-lite-config.cmake\n'}
[32.617874] (-) TimerEvent: {}
[32.631299] (openzen_driver) StdoutLine: {'line': b'-- Symlinking: /ros2_ws/install/openzen_driver/lib/cmake/nonstd/expected-lite-config-version.cmake\n'}
[32.656603] (openzen_driver) StdoutLine: {'line': b'-- Symlinking: /ros2_ws/install/openzen_driver/include/nonstd/expected.hpp\n'}
[32.681760] (openzen_driver) StdoutLine: {'line': b'-- Symlinking: /ros2_ws/install/openzen_driver/lib/openzen_driver/openzen_node\n'}
[32.706891] (openzen_driver) StdoutLine: {'line': b'-- Symlinking: /ros2_ws/install/openzen_driver/share/openzen_driver//launch/openzen_lpms.launch.py\n'}
[32.717989] (-) TimerEvent: {}
[32.731779] (openzen_driver) StdoutLine: {'line': b'-- Symlinking: /ros2_ws/install/openzen_driver/share/ament_index/resource_index/package_run_dependencies/openzen_driver\n'}
[32.756479] (openzen_driver) StdoutLine: {'line': b'-- Symlinking: /ros2_ws/install/openzen_driver/share/ament_index/resource_index/parent_prefix_path/openzen_driver\n'}
[32.781148] (openzen_driver) StdoutLine: {'line': b'-- Symlinking: /ros2_ws/install/openzen_driver/share/openzen_driver/environment/ament_prefix_path.sh\n'}
[32.804943] (openzen_driver) StdoutLine: {'line': b'-- Symlinking: /ros2_ws/install/openzen_driver/share/openzen_driver/environment/ament_prefix_path.dsv\n'}
[32.818155] (-) TimerEvent: {}
[32.829344] (openzen_driver) StdoutLine: {'line': b'-- Symlinking: /ros2_ws/install/openzen_driver/share/openzen_driver/environment/path.sh\n'}
[32.853310] (openzen_driver) StdoutLine: {'line': b'-- Symlinking: /ros2_ws/install/openzen_driver/share/openzen_driver/environment/path.dsv\n'}
[32.875980] (openzen_driver) StdoutLine: {'line': b'-- Symlinking: /ros2_ws/install/openzen_driver/share/openzen_driver/local_setup.bash\n'}
[32.898321] (openzen_driver) StdoutLine: {'line': b'-- Symlinking: /ros2_ws/install/openzen_driver/share/openzen_driver/local_setup.sh\n'}
[32.918329] (-) TimerEvent: {}
[32.922367] (openzen_driver) StdoutLine: {'line': b'-- Symlinking: /ros2_ws/install/openzen_driver/share/openzen_driver/local_setup.zsh\n'}
[32.946694] (openzen_driver) StdoutLine: {'line': b'-- Symlinking: /ros2_ws/install/openzen_driver/share/openzen_driver/local_setup.dsv\n'}
[32.971122] (openzen_driver) StdoutLine: {'line': b'-- Symlinking: /ros2_ws/install/openzen_driver/share/openzen_driver/package.dsv\n'}
[32.995188] (openzen_driver) StdoutLine: {'line': b'-- Symlinking: /ros2_ws/install/openzen_driver/share/ament_index/resource_index/packages/openzen_driver\n'}
[33.018494] (-) TimerEvent: {}
[33.018915] (openzen_driver) StdoutLine: {'line': b'-- Symlinking: /ros2_ws/install/openzen_driver/share/openzen_driver/cmake/openzen_driverConfig.cmake\n'}
[33.043224] (openzen_driver) StdoutLine: {'line': b'-- Symlinking: /ros2_ws/install/openzen_driver/share/openzen_driver/cmake/openzen_driverConfig-version.cmake\n'}
[33.066042] (openzen_driver) StdoutLine: {'line': b'-- Symlinking: /ros2_ws/install/openzen_driver/share/openzen_driver/package.xml\n'}
[33.088767] (openzen_driver) StdoutLine: {'line': b'-- Installing: /ros2_ws/install/openzen_driver/lib/libOpenZen.so\n'}
[33.091521] (openzen_driver) StdoutLine: {'line': b'-- Installing: /ros2_ws/install/openzen_driver/include/OpenZen.h\n'}
[33.092053] (openzen_driver) StdoutLine: {'line': b'-- Installing: /ros2_ws/install/openzen_driver/include/OpenZenCAPI.h\n'}
[33.092552] (openzen_driver) StdoutLine: {'line': b'-- Installing: /ros2_ws/install/openzen_driver/include/ZenTypes.h\n'}
[33.093097] (openzen_driver) StdoutLine: {'line': b'-- Installing: /ros2_ws/install/openzen_driver/lib/cmake/OpenZen/OpenZenTargets.cmake\n'}
[33.093591] (openzen_driver) StdoutLine: {'line': b'-- Installing: /ros2_ws/install/openzen_driver/lib/cmake/OpenZen/OpenZenTargets-release.cmake\n'}
[33.094193] (openzen_driver) StdoutLine: {'line': b'-- Installing: /ros2_ws/install/openzen_driver/lib/cmake/OpenZen/OpenZenConfig.cmake\n'}
[33.094493] (openzen_driver) StdoutLine: {'line': b'-- Installing: /ros2_ws/install/openzen_driver/lib/cmake/OpenZen/OpenZenConfigVersion.cmake\n'}
[33.099008] (openzen_driver) CommandEnded: {'returncode': 0}
[33.119443] (-) TimerEvent: {}
[33.171615] (openzen_driver) JobEnded: {'identifier': 'openzen_driver', 'rc': 0}
[33.174034] (-) EventReactorShutdown: {}
